Microchip MPLAB XC8 Compiler V2.05 ()

Linker command line:

-W-3 --edf=C:\Program Files (x86)\Microchip\xc8\v2.05\pic\dat\en_msgs.txt \
  -cs -h+dist/default/production\DM_BT.X.production.sym \
  --cmf=dist/default/production\DM_BT.X.production.cmf -z -Q16LF1559 \
  -oC:\Users\Duy Ngo\AppData\Local\Temp\s5is.3 --defsym=__MPLAB_BUILD=1 \
  -Mdist/default/production/DM_BT.X.production.map -E1 -ver=XC8 \
  --acfsm=1493 -ASTACK=02110h-021EFh -pstack=STACK -ACODE=00h-07FFhx4 \
  -ASTRCODE=00h-01FFFh -ASTRING=00h-0FFhx32 -ACONST=00h-0FFhx32 \
  -AENTRY=00h-0FFhx32 -ACOMMON=070h-07Fh -ABANK0=020h-06Fh \
  -ABANK1=0A0h-0EFh -ABANK2=0120h-016Fh -ABANK3=01A0h-01EFh \
  -ABANK4=0220h-026Fh -ABANK5=02A0h-02EFh -ABANK6=0320h-032Fh \
  -ABIGRAM=02000h-021EFh \
  -ARAM=020h-06Fh,0A0h-0EFh,0120h-016Fh,01A0h-01EFh,0220h-026Fh,02A0h-02EFh,0320h-032Fh \
  -AABS1=020h-07Fh,0A0h-0EFh,0120h-016Fh,01A0h-01EFh,0220h-026Fh,02A0h-02EFh,0320h-032Fh \
  -ASFR0=00h-01Fh -ASFR1=080h-09Fh -ASFR2=0100h-011Fh -ASFR3=0180h-019Fh \
  -ASFR4=0200h-021Fh -ASFR5=0280h-029Fh -ASFR6=0300h-031Fh \
  -ASFR7=0380h-03EFh -ASFR8=0400h-046Fh -ASFR9=0480h-04EFh \
  -ASFR10=0500h-056Fh -ASFR11=0580h-05EFh -ASFR12=0600h-066Fh \
  -ASFR13=0680h-06EFh -ASFR14=0700h-076Fh -ASFR15=0780h-07EFh \
  -ASFR16=0800h-086Fh -ASFR17=0880h-08EFh -ASFR18=0900h-096Fh \
  -ASFR19=0980h-09EFh -ASFR20=0A00h-0A6Fh -ASFR21=0A80h-0AEFh \
  -ASFR22=0B00h-0B6Fh -ASFR23=0B80h-0BEFh -ASFR24=0C00h-0C6Fh \
  -ASFR25=0C80h-0CEFh -ASFR26=0D00h-0D6Fh -ASFR27=0D80h-0DEFh \
  -ASFR28=0E00h-0E6Fh -ASFR29=0E80h-0EEFh -ASFR30=0F00h-0F6Fh \
  -ASFR31=0F80h-0FEFh -preset_vec=00h,intentry=04h,init,end_init \
  -ppowerup=CODE -pcinit=CODE -pfunctab=ENTRY -ACONFIG=08007h-08008h \
  -pconfig=CONFIG -DCONFIG=2 -AIDLOC=08000h-08003h -pidloc=IDLOC -DIDLOC=2 \
  -DCODE=2 -DSTRCODE=2 -DSTRING=2 -DCONST=2 -DENTRY=2 -k \
  C:\Users\Duy Ngo\AppData\Local\Temp\s5is.o \
  dist/default/production\DM_BT.X.production.o 

Object code version is 3.11

Machine type is 16LF1559



                Name                               Link     Load   Length Selector   Space Scale
C:\Users\Duy Ngo\AppData\Local\Temp\s5is.o
                end_init                             1D       1D        2        8       0
                reset_vec                             0        0        2        0       0
                config                             8007     8007        2    1000E       0
dist/default/production\DM_BT.X.production.o
                cinit                                1F       1F       34        8       0
                intentry                              4        4       19        8       0
                text95                             16FB     16FB       17     2DF6       0
                text94                             14E5     14E5        3     29CA       0
                text93                             14E1     14E1        1     29C2       0
                text92                             14F7     14F7        4     29EE       0
                text91                              97F      97F       32     12FE       0
                text90                             14E2     14E2        1     29C4       0
                text89                             167A     167A       15     2CF4       0
                text88                             14FB     14FB        4     29F6       0
                text86                             150D     150D        6     2A1A       0
                text85                             1513     1513        6     2A26       0
                text84                              C71      C71       87     18E2       0
                text83                             1610     1610       11     2C20       0
                text82                             1729     1729       18     2E52       0
                text81                              A59      A59       4D     14B2       0
                text80                             15A8     15A8        E     2B50       0
                text79                              8F3      8F3       2E     11E6       0
                text78                              CF8      CF8       8F     19F0       0
                text77                             1643     1643       12     2C86       0
                text76                              9E6      9E6       36     13CC       0
                text75                             1773     1773       1B     2EE6       0
                text74                             17E2     17E2       1E     2FC4       0
                text73                              808      808       1E     1010       0
                text72                             14E8     14E8        3     29D0       0
                text71                             14E3     14E3        1     29C6       0
                text70                             14EB     14EB        3     29D6       0
                text69                              C09      C09       68     1812       0
                text68                              BA7      BA7       62     174E       0
                text67                              EB6      EB6       A4     1D6C       0
                text66                             16B9     16B9       16     2D72       0
                text65                             15D2     15D2        F     2BA4       0
                text64                              AF6      AF6       55     15EC       0
                text63                             15F0     15F0       10     2BE0       0
                text62                             1600     1600       10     2C00       0
                text61                              8C6      8C6       2D     118C       0
                text60                             1571     1571        9     2AE2       0
                text59                             15E1     15E1        F     2BC2       0
                text58                             15B6     15B6        E     2B6C       0
                text57                             1712     1712       17     2E24       0
                text56                              E1E      E1E       98     1C3C       0
                text55                             15C4     15C4        E     2B88       0
                text54                             1621     1621       11     2C42       0
                text53                             157A     157A        A     2AF4       0
                text52                              742      742       B0        8       0
                text51                             1503     1503        5     2A06       0
                text50                             14EE     14EE        3     29DC       0
                text49                             14F1     14F1        3     29E2       0
                text48                               53       53      1DB        8       0
                text47                              F5A      F5A       A6     1EB4       0
                text46                             1549     1549        8     2A92       0
                text45                             1551     1551        8     2AA2       0
                text44                              A1C      A1C       3D     1438       0
                text43                              B4B      B4B       5C     1696       0
                text42                             14E4     14E4        1     29C8       0
                text41                              873      873       28     10E6       0
                text40                             1559     1559        8     2AB2       0
                text39                              D87      D87       97     1B0E       0
                text38                             16CF     16CF       16     2D9E       0
                text37                             1561     1561        8     2AC2       0
                text36                             1667     1667       13     2CCE       0
                text35                              84C      84C       27     1098       0
                text34                             16E5     16E5       16     2DCA       0
                text33                             14F4     14F4        3     29E8       0
                text32                                2        2        2        0       0
                text31                             17C5     17C5       1D     2F8A       0
                text30                             1519     1519        6     2A32       0
                text29                             151F     151F        6     2A3E       0
                text28                             1525     1525        6     2A4A       0
                text27                             152B     152B        6     2A56       0
                text26                              921      921       2F     1242       0
                text25                             1531     1531        6     2A62       0
                text24                             1584     1584        B     2B08       0
                text23                              89B      89B       2B     1136       0
                text22                             17A9     17A9       1C     2F52       0
                text21                             1655     1655       12     2CAA       0
                text20                             168F     168F       15     2D1E       0
                text19                              7F2      7F2        E        8       0
                text18                             158F     158F        C     2B1E       0
                text17                             1537     1537        6     2A6E       0
                text16                             1759     1759       1A     2EB2       0
                text15                             1569     1569        8     2AD2       0
                text14                             14FF     14FF        4     29FE       0
                text13                             16A4     16A4       15     2D48       0
                text12                              4A3      4A3       F3        8       0
                text11                              596      596       DC        8       0
                text10                              800      800        8        8       0
                text9                              1508     1508        5     2A10       0
                text8                               9B1      9B1       35     1362       0
                text7                               826      826       26     104C       0
                text6                              1741     1741       18     2E82       0
                text5                               AA6      AA6       50     154C       0
                text4                               22E      22E      151        8       0
                text3                               672      672       D0        8       0
                text2                               950      950       2F     12A0       0
                text1                              1632     1632       11     2C64       0
                maintext                            37F      37F      124        8       0
                cstackBANK0                          20       20       50       20       1
                cstackCOMMON                         70       70        C       70       1
                cstackBANK1                          EA       EA        2       A0       1
                clrtext                            153D     153D        6     2A7A       0
                inittext                           1543     1543        6     2A86       0
                bssBANK3                            1A0      1A0       20      1A0       1
                dataBANK2                           150      150       1B      120       1
                bssBANK2                            120      120       30      120       1
                dataBANK1                            D3       D3        D       A0       1
                bssBANK1                             A0       A0       33       A0       1
                bssCOMMON                            7C       7C        1       70       1
                stringtext8                        184B     184B        8     3000       0
                stringtext7                        183E     183E        D     3000       0
                stringtext6                        1830     1830        E     3000       0
                stringtext5                        181C     181C       14     3000       0
                stringtext4                        1800     1800       1C     3000       0
                nvBANK1                              E0       E0        A       A0       1
                stringtext3                        1000     1000       30     2000       0
                stringtext2                        1858     1858        4     3000       0
                stringtext1                        1853     1853        5     3000       0
                idataBANK2                         178E     178E       1B     2F1C       0
                idataBANK1                         159B     159B        D     2B36       0

TOTAL           Name                               Link     Load   Length     Space
        CLASS   STACK          

        CLASS   CODE           
                end_init                             1D       1D        2         0
                cinit                                1F       1F       34         0
                intentry                              4        4       19         0
                reset_vec                             0        0        2         0
                text95                             16FB     16FB       17         0
                text94                             14E5     14E5        3         0
                text93                             14E1     14E1        1         0
                text92                             14F7     14F7        4         0
                text91                              97F      97F       32         0
                text90                             14E2     14E2        1         0
                text89                             167A     167A       15         0
                text88                             14FB     14FB        4         0
                text86                             150D     150D        6         0
                text85                             1513     1513        6         0
                text84                              C71      C71       87         0
                text83                             1610     1610       11         0
                text82                             1729     1729       18         0
                text81                              A59      A59       4D         0
                text80                             15A8     15A8        E         0
                text79                              8F3      8F3       2E         0
                text78                              CF8      CF8       8F         0
                text77                             1643     1643       12         0
                text76                              9E6      9E6       36         0
                text75                             1773     1773       1B         0
                text74                             17E2     17E2       1E         0
                text73                              808      808       1E         0
                text72                             14E8     14E8        3         0
                text71                             14E3     14E3        1         0
                text70                             14EB     14EB        3         0
                text69                              C09      C09       68         0
                text68                              BA7      BA7       62         0
                text67                              EB6      EB6       A4         0
                text66                             16B9     16B9       16         0
                text65                             15D2     15D2        F         0
                text64                              AF6      AF6       55         0
                text63                             15F0     15F0       10         0
                text62                             1600     1600       10         0
                text61                              8C6      8C6       2D         0
                text60                             1571     1571        9         0
                text59                             15E1     15E1        F         0
                text58                             15B6     15B6        E         0
                text57                             1712     1712       17         0
                text56                              E1E      E1E       98         0
                text55                             15C4     15C4        E         0
                text54                             1621     1621       11         0
                text53                             157A     157A        A         0
                text52                              742      742       B0         0
                text51                             1503     1503        5         0
                text50                             14EE     14EE        3         0
                text49                             14F1     14F1        3         0
                text48                               53       53      1DB         0
                text47                              F5A      F5A       A6         0
                text46                             1549     1549        8         0
                text45                             1551     1551        8         0
                text44                              A1C      A1C       3D         0
                text43                              B4B      B4B       5C         0
                text42                             14E4     14E4        1         0
                text41                              873      873       28         0
                text40                             1559     1559        8         0
                text39                              D87      D87       97         0
                text38                             16CF     16CF       16         0
                text37                             1561     1561        8         0
                text36                             1667     1667       13         0
                text35                              84C      84C       27         0
                text34                             16E5     16E5       16         0
                text33                             14F4     14F4        3         0
                text32                                2        2        2         0
                text31                             17C5     17C5       1D         0
                text30                             1519     1519        6         0
                text29                             151F     151F        6         0
                text28                             1525     1525        6         0
                text27                             152B     152B        6         0
                text26                              921      921       2F         0
                text25                             1531     1531        6         0
                text24                             1584     1584        B         0
                text23                              89B      89B       2B         0
                text22                             17A9     17A9       1C         0
                text21                             1655     1655       12         0
                text20                             168F     168F       15         0
                text19                              7F2      7F2        E         0
                text18                             158F     158F        C         0
                text17                             1537     1537        6         0
                text16                             1759     1759       1A         0
                text15                             1569     1569        8         0
                text14                             14FF     14FF        4         0
                text13                             16A4     16A4       15         0
                text12                              4A3      4A3       F3         0
                text11                              596      596       DC         0
                text10                              800      800        8         0
                text9                              1508     1508        5         0
                text8                               9B1      9B1       35         0
                text7                               826      826       26         0
                text6                              1741     1741       18         0
                text5                               AA6      AA6       50         0
                text4                               22E      22E      151         0
                text3                               672      672       D0         0
                text2                               950      950       2F         0
                text1                              1632     1632       11         0
                maintext                            37F      37F      124         0
                clrtext                            153D     153D        6         0
                inittext                           1543     1543        6         0
                idataBANK2                         178E     178E       1B         0
                idataBANK1                         159B     159B        D         0

        CLASS   STRCODE        
                stringtext8                        184B     184B        8         0
                stringtext7                        183E     183E        D         0
                stringtext6                        1830     1830        E         0
                stringtext5                        181C     181C       14         0
                stringtext4                        1800     1800       1C         0
                stringtext3                        1000     1000       30         0
                stringtext2                        1858     1858        4         0
                stringtext1                        1853     1853        5         0

        CLASS   STRING         

        CLASS   CONST          

        CLASS   ENTRY          

        CLASS   COMMON         
                cstackCOMMON                         70       70        C         1
                bssCOMMON                            7C       7C        1         1

        CLASS   BANK0          
                cstackBANK0                          20       20       50         1

        CLASS   BANK1          
                cstackBANK1                          EA       EA        2         1
                dataBANK1                            D3       D3        D         1
                bssBANK1                             A0       A0       33         1
                nvBANK1                              E0       E0        A         1

        CLASS   BANK2          
                dataBANK2                           150      150       1B         1
                bssBANK2                            120      120       30         1

        CLASS   BANK3          
                bssBANK3                            1A0      1A0       20         1

        CLASS   BANK4          

        CLASS   BANK5          

        CLASS   BANK6          

        CLASS   BIGRAM         

        CLASS   RAM            

        CLASS   ABS1           
                abs_s1                               7E       7E        2         1

        CLASS   SFR0           

        CLASS   SFR1           

        CLASS   SFR2           

        CLASS   SFR3           

        CLASS   SFR4           

        CLASS   SFR5           

        CLASS   SFR6           

        CLASS   SFR7           

        CLASS   SFR8           

        CLASS   SFR9           

        CLASS   SFR10          

        CLASS   SFR11          

        CLASS   SFR12          

        CLASS   SFR13          

        CLASS   SFR14          

        CLASS   SFR15          

        CLASS   SFR16          

        CLASS   SFR17          

        CLASS   SFR18          

        CLASS   SFR19          

        CLASS   SFR20          

        CLASS   SFR21          

        CLASS   SFR22          

        CLASS   SFR23          

        CLASS   SFR24          

        CLASS   SFR25          

        CLASS   SFR26          

        CLASS   SFR27          

        CLASS   SFR28          

        CLASS   SFR29          

        CLASS   SFR30          

        CLASS   SFR31          

        CLASS   CONFIG         
                config                             8007     8007        2         0

        CLASS   IDLOC          

        CLASS   BANK31         

        CLASS   BANK30         

        CLASS   BANK29         

        CLASS   BANK28         

        CLASS   BANK27         

        CLASS   BANK26         

        CLASS   BANK25         

        CLASS   BANK24         

        CLASS   BANK23         

        CLASS   BANK22         

        CLASS   BANK21         

        CLASS   BANK20         

        CLASS   BANK19         

        CLASS   BANK18         

        CLASS   BANK17         

        CLASS   BANK16         

        CLASS   BANK15         

        CLASS   BANK14         

        CLASS   BANK13         

        CLASS   BANK12         

        CLASS   BANK11         

        CLASS   BANK10         

        CLASS   BANK9          

        CLASS   BANK8          

        CLASS   BANK7          

        CLASS   EEDATA         



SEGMENTS        Name                           Load    Length   Top    Selector   Space  Class     Delta

                reset_vec                      000000  000004  000004         0       0  CODE        2
                intentry                       000004  000804  000808         8       0  CODE        2
                cstackBANK0                    000020  000050  000070        20       1  BANK0       1
                cstackCOMMON                   000070  00000D  00007D        70       1  COMMON      1
                bssBANK1                       0000A0  00004C  0000EC        A0       1  BANK1       1
                bssBANK2                       000120  00004B  00016B       120       1  BANK2       1
                bssBANK3                       0001A0  000020  0001C0       1A0       1  BANK3       1
                text73                         000808  00001E  000826      1010       0  CODE        2
                text7                          000826  000026  00084C      104C       0  CODE        2
                text35                         00084C  000027  000873      1098       0  CODE        2
                text41                         000873  000028  00089B      10E6       0  CODE        2
                text23                         00089B  00002B  0008C6      1136       0  CODE        2
                text61                         0008C6  00002D  0008F3      118C       0  CODE        2
                text79                         0008F3  00002E  000921      11E6       0  CODE        2
                text26                         000921  00002F  000950      1242       0  CODE        2
                text2                          000950  00002F  00097F      12A0       0  CODE        2
                text91                         00097F  000032  0009B1      12FE       0  CODE        2
                text8                          0009B1  000035  0009E6      1362       0  CODE        2
                text76                         0009E6  000036  000A1C      13CC       0  CODE        2
                text44                         000A1C  00003D  000A59      1438       0  CODE        2
                text81                         000A59  00004D  000AA6      14B2       0  CODE        2
                text5                          000AA6  000050  000AF6      154C       0  CODE        2
                text64                         000AF6  000055  000B4B      15EC       0  CODE        2
                text43                         000B4B  00005C  000BA7      1696       0  CODE        2
                text68                         000BA7  000062  000C09      174E       0  CODE        2
                text69                         000C09  000068  000C71      1812       0  CODE        2
                text84                         000C71  000087  000CF8      18E2       0  CODE        2
                text78                         000CF8  00008F  000D87      19F0       0  CODE        2
                text39                         000D87  000097  000E1E      1B0E       0  CODE        2
                text56                         000E1E  000098  000EB6      1C3C       0  CODE        2
                text67                         000EB6  0000A4  000F5A      1D6C       0  CODE        2
                text47                         000F5A  0000A6  001000      1EB4       0  CODE        2
                stringtext3                    001000  000030  001030      2000       0  STRCODE     2
                text93                         0014E1  000001  0014E2      29C2       0  CODE        2
                text90                         0014E2  000001  0014E3      29C4       0  CODE        2
                text71                         0014E3  000001  0014E4      29C6       0  CODE        2
                text42                         0014E4  000001  0014E5      29C8       0  CODE        2
                text94                         0014E5  000003  0014E8      29CA       0  CODE        2
                text72                         0014E8  000003  0014EB      29D0       0  CODE        2
                text70                         0014EB  000003  0014EE      29D6       0  CODE        2
                text50                         0014EE  000003  0014F1      29DC       0  CODE        2
                text49                         0014F1  000003  0014F4      29E2       0  CODE        2
                text33                         0014F4  000003  0014F7      29E8       0  CODE        2
                text92                         0014F7  000004  0014FB      29EE       0  CODE        2
                text88                         0014FB  000004  0014FF      29F6       0  CODE        2
                text14                         0014FF  000004  001503      29FE       0  CODE        2
                text51                         001503  000005  001508      2A06       0  CODE        2
                text9                          001508  000005  00150D      2A10       0  CODE        2
                text86                         00150D  000006  001513      2A1A       0  CODE        2
                text85                         001513  000006  001519      2A26       0  CODE        2
                text30                         001519  000006  00151F      2A32       0  CODE        2
                text29                         00151F  000006  001525      2A3E       0  CODE        2
                text28                         001525  000006  00152B      2A4A       0  CODE        2
                text27                         00152B  000006  001531      2A56       0  CODE        2
                text25                         001531  000006  001537      2A62       0  CODE        2
                text17                         001537  000006  00153D      2A6E       0  CODE        2
                clrtext                        00153D  000006  001543      2A7A       0  CODE        2
                inittext                       001543  000006  001549      2A86       0  CODE        2
                text46                         001549  000008  001551      2A92       0  CODE        2
                text45                         001551  000008  001559      2AA2       0  CODE        2
                text40                         001559  000008  001561      2AB2       0  CODE        2
                text37                         001561  000008  001569      2AC2       0  CODE        2
                text15                         001569  000008  001571      2AD2       0  CODE        2
                text60                         001571  000009  00157A      2AE2       0  CODE        2
                text53                         00157A  00000A  001584      2AF4       0  CODE        2
                text24                         001584  00000B  00158F      2B08       0  CODE        2
                text18                         00158F  00000C  00159B      2B1E       0  CODE        2
                idataBANK1                     00159B  00000D  0015A8      2B36       0  CODE        2
                text80                         0015A8  00000E  0015B6      2B50       0  CODE        2
                text58                         0015B6  00000E  0015C4      2B6C       0  CODE        2
                text55                         0015C4  00000E  0015D2      2B88       0  CODE        2
                text65                         0015D2  00000F  0015E1      2BA4       0  CODE        2
                text59                         0015E1  00000F  0015F0      2BC2       0  CODE        2
                text63                         0015F0  000010  001600      2BE0       0  CODE        2
                text62                         001600  000010  001610      2C00       0  CODE        2
                text83                         001610  000011  001621      2C20       0  CODE        2
                text54                         001621  000011  001632      2C42       0  CODE        2
                text1                          001632  000011  001643      2C64       0  CODE        2
                text77                         001643  000012  001655      2C86       0  CODE        2
                text21                         001655  000012  001667      2CAA       0  CODE        2
                text36                         001667  000013  00167A      2CCE       0  CODE        2
                text89                         00167A  000015  00168F      2CF4       0  CODE        2
                text20                         00168F  000015  0016A4      2D1E       0  CODE        2
                text13                         0016A4  000015  0016B9      2D48       0  CODE        2
                text66                         0016B9  000016  0016CF      2D72       0  CODE        2
                text38                         0016CF  000016  0016E5      2D9E       0  CODE        2
                text34                         0016E5  000016  0016FB      2DCA       0  CODE        2
                text95                         0016FB  000017  001712      2DF6       0  CODE        2
                text57                         001712  000017  001729      2E24       0  CODE        2
                text82                         001729  000018  001741      2E52       0  CODE        2
                text6                          001741  000018  001759      2E82       0  CODE        2
                text16                         001759  00001A  001773      2EB2       0  CODE        2
                text75                         001773  00001B  00178E      2EE6       0  CODE        2
                idataBANK2                     00178E  00001B  0017A9      2F1C       0  CODE        2
                text22                         0017A9  00001C  0017C5      2F52       0  CODE        2
                text31                         0017C5  00001D  0017E2      2F8A       0  CODE        2
                text74                         0017E2  00001E  001800      2FC4       0  CODE        2
                stringtext4                    001800  00005C  00185C      3000       0  STRCODE     2
                config                         008007  000002  008009     1000E       0  CONFIG      2


UNUSED ADDRESS RANGES

        Name                Unused          Largest block    Delta
        BANK1            000EC-000EF               4           1
        BANK2            0016B-0016F               5           1
        BANK3            001C0-001EF              30           1
        BANK4            00220-0026F              50           1
        BANK5            002A0-002EF              50           1
        BANK6            00320-0032F              10           1
        BIGRAM           02000-021EF             1F0           1
        CODE             01030-014E0             4B1           2
                         0185C-01FFF             7A4
        COMMON           0007D-0007D               1           1
        CONST            01030-014E0             100           2
                         0185C-01FFF             100
        ENTRY            01030-014E0             100           2
                         0185C-01FFF             100
        IDLOC            08000-08003               4           2
        RAM              000EC-000EF               4           1
                         0016B-0016F               5
                         001C0-001EF              30
                         00220-0026F              50
                         002A0-002EF              50
                         00320-0032F              10
        SFR0             00000-0001F              20           1
        SFR1             00080-0009F              20           1
        SFR10            00500-0056F              70           1
        SFR11            00580-005EF              70           1
        SFR12            00600-0066F              70           1
        SFR13            00680-006EF              70           1
        SFR14            00700-0076F              70           1
        SFR15            00780-007EF              70           1
        SFR16            00800-0086F              70           1
        SFR17            00880-008EF              70           1
        SFR18            00900-0096F              70           1
        SFR19            00980-009EF              70           1
        SFR2             00100-0011F              20           1
        SFR20            00A00-00A6F              70           1
        SFR21            00A80-00AEF              70           1
        SFR22            00B00-00B6F              70           1
        SFR23            00B80-00BEF              70           1
        SFR24            00C00-00C6F              70           1
        SFR25            00C80-00CEF              70           1
        SFR26            00D00-00D6F              70           1
        SFR27            00D80-00DEF              70           1
        SFR28            00E00-00E6F              70           1
        SFR29            00E80-00EEF              70           1
        SFR3             00180-0019F              20           1
        SFR30            00F00-00F6F              70           1
        SFR31            00F80-00FEF              70           1
        SFR4             00200-0021F              20           1
        SFR5             00280-0029F              20           1
        SFR6             00300-0031F              20           1
        SFR7             00380-003EF              70           1
        SFR8             00400-0046F              70           1
        SFR9             00480-004EF              70           1
        STACK            02110-021EF              E0           1
        STRCODE          01030-014E0             4B1           2
                         0185C-01FFF             7A4
        STRING           01030-014E0             100           2
                         0185C-01FFF             100

                                  Symbol Table

?_MTOUCH_Sensor_RawSample_Get                         cstackCOMMON 00075
?___aodiv                                             cstackBANK0  00020
?___aomod                                             cstackBANK0  00020
?_abs                                                 cstackCOMMON 00074
?_dtoa                                                cstackBANK0  00030
?_pad                                                 cstackBANK0  00027
?_printf                                              cstackBANK0  00066
?_strlen                                              cstackCOMMON 00071
?_vfpfcnvrt                                           cstackBANK0  0004E
?_vfprintf                                            cstackBANK0  0005E
Button_Baseline_Initialize@button                     cstackCOMMON 00079
Button_Baseline_Update@button                         cstackCOMMON 00077
Button_Deviation_Update@button                        cstackBANK0  00020
Button_Deviation_Update@deviation                     cstackBANK0  00021
Button_Reading_Update@button                          cstackBANK0  00020
Button_Reading_Update_Helper@button                   cstackCOMMON 0007B
Button_Service@button                                 cstackBANK0  0002C
Button_Service@name                                   cstackBANK0  0002B
Button_State_Initializing@button                      cstackBANK0  00024
Button_State_NotPressed@button                        cstackBANK0  00024
Button_State_Pressed@button                           cstackBANK0  00024
Button_Tick_helper@button                             cstackCOMMON 00073
EUSART_SetErrorHandler@interruptHandler               cstackCOMMON 00071
EUSART_SetFramingErrorHandler@interruptHandler        cstackCOMMON 00071
EUSART_SetOverrunErrorHandler@interruptHandler        cstackCOMMON 00071
EUSART_SetRxInterruptHandler@interruptHandler         cstackCOMMON 00071
EUSART_Write@txData                                   cstackCOMMON 00071
INT_SetInterruptHandler@InterruptHandler              cstackCOMMON 00071
MTOUCH_Button_Buttonmask_Get@i                        cstackCOMMON 00076
MTOUCH_Button_Buttonmask_Get@output                   cstackCOMMON 00075
MTOUCH_Button_Initialize@button                       cstackCOMMON 0007A
MTOUCH_Button_Initialize@name                         cstackCOMMON 00079
MTOUCH_Button_InitializeAll@button                    cstackBANK0  00020
MTOUCH_Button_ServiceAll@button                       cstackBANK0  0002E
MTOUCH_Button_SetNotPressedCallback@callback          cstackCOMMON 00071
MTOUCH_Button_SetPressedCallback@callback             cstackCOMMON 00071
MTOUCH_Button_Tick@i                                  cstackCOMMON 00075
MTOUCH_Button_isPressed@name                          cstackCOMMON 00072
MTOUCH_Sensor_Calibrate@sensor                        cstackCOMMON 00076
MTOUCH_Sensor_Enable@sensor                           cstackCOMMON 00076
MTOUCH_Sensor_Initialize@sensor                       cstackCOMMON 00078
MTOUCH_Sensor_InitializeAll@sensor                    cstackCOMMON 0007A
MTOUCH_Sensor_RawSample_Get@name                      cstackCOMMON 00078
MTOUCH_Sensor_SampleAll@group                         cstackBANK0  0005A
MTOUCH_Sensor_Sampled_ResetAll@sensor                 cstackCOMMON 00073
MTOUCH_Sensor_isCalibrated@sensor                     cstackCOMMON 00076
MTOUCH_Sensor_wasSampled@sensor                       cstackCOMMON 00076
Sensor_Acq_ExecutePacket@AD1CON2_temp                 cstackBANK0  00035
Sensor_Acq_ExecutePacket@AD2CON2_temp                 cstackBANK0  00036
Sensor_Acq_ExecutePacket@ADCOMCON_temp                cstackBANK0  00034
Sensor_Acq_ExecutePacket@ADxIF_flag                   cstackBANK0  00039
Sensor_Acq_ExecutePacket@activeSensor                 cstackBANK0  0003A
Sensor_Acq_ExecutePacket@last_a                       cstackBANK0  0003B
Sensor_Acq_ExecutePacket@last_b                       cstackBANK0  0003D
Sensor_Acq_ExecutePacket@packet_counter               cstackBANK0  0003F
Sensor_Acq_ExecutePacket@sensor1ForceEnabled          cstackBANK0  00037
Sensor_Acq_ExecutePacket@sensor2ForceEnabled          cstackBANK0  00038
Sensor_Acq_ExecutePacket@sensor_adc1                  cstackBANK0  00040
Sensor_Acq_ExecutePacket@sensor_adc2                  cstackBANK0  00032
Sensor_Acquisition@retry                              cstackBANK0  00050
Sensor_Acquisition@sensor_adc1                        cstackBANK0  00051
Sensor_Acquisition@sensor_adc2                        cstackBANK0  0004E
Sensor_DefaultCallback@sensor                         cstackCOMMON 00071
Sensor_RawSample_Update@adcIndex                      cstackCOMMON 00076
Sensor_RawSample_Update@sensor                        cstackCOMMON 00077
Sensor_Sampled_Reset@sensor                           cstackCOMMON 00071
Sensor_Scanfrequency_Evaluation@best_packet_sample    cstackBANK0  00049
Sensor_Scanfrequency_Evaluation@best_sample_period    cstackBANK0  00047
Sensor_Scanfrequency_Evaluation@frequency_hop         stringtext1  01853
Sensor_Scanfrequency_Evaluation@i                     cstackBANK0  0004D
Sensor_Scanfrequency_Evaluation@packet_noise_Max      cstackBANK0  00045
Sensor_Scanfrequency_Evaluation@retry                 cstackBANK0  00048
Sensor_Scanfrequency_Evaluation@sensor_adc1           cstackBANK0  00044
Sensor_Scanfrequency_Evaluation@sensor_adc2           cstackBANK0  00041
Sensor_Service@error                                  cstackBANK0  00056
Sensor_Service@scanGroup                              cstackBANK0  00055
Sensor_Service@sensor_adc1                            cstackBANK0  00057
Sensor_Service@sensor_adc2                            cstackBANK0  00058
Sensor_autoCalibration@adcIndex                       cstackBANK0  00030
Sensor_autoCalibration@sensor                         cstackBANK0  00031
Sensor_getScanGroupIndex@sensor                       cstackCOMMON 00073
Sensor_getScanGroupIndex@sensorGroup                  cstackCOMMON 00074
Sensor_isActive@sensor                                cstackCOMMON 00071
Sensor_isCalibrated@sensor                            cstackCOMMON 00071
Sensor_isCalibratingAcqTime@sensor                    cstackCOMMON 00071
Sensor_isEnabled@sensor                               cstackCOMMON 00072
Sensor_loadADCSettings@adc_index                      cstackCOMMON 00072
Sensor_loadADCSettings@addressOffset                  cstackCOMMON 00078
Sensor_loadADCSettings@sensor                         cstackCOMMON 00079
Sensor_postAcquisitionProcess@adcIndex                cstackBANK0  00030
Sensor_postAcquisitionProcess@deviation               cstackBANK0  00031
Sensor_postAcquisitionProcess@sensor                  cstackBANK0  00033
Sensor_setActive@sensor                               cstackCOMMON 00071
Sensor_setCalibratAcqTime@sensor                      cstackCOMMON 00071
Sensor_setCalibrated@sensor                           cstackCOMMON 00071
Sensor_setInactive@sensor                             cstackCOMMON 00071
Sensor_setSampled@sensor                              cstackCOMMON 00071
TMR2_LoadPeriodRegister@periodVal                     cstackCOMMON 00071
_AAD1CAP                                              (abs)        00719
_AAD1CON2                                             (abs)        00713
_AAD1CON3                                             (abs)        00714
_AAD1GRD                                              (abs)        00718
_AAD1RES0                                             (abs)        0071A
_AAD2CON3                                             (abs)        00794
_AAD2GRD                                              (abs)        00798
_AAD2RES0                                             (abs)        0079A
_AD1ACQCON                                            (abs)        00717
_AD1CON0                                              (abs)        00711
_AD1CON0bits                                          (abs)        00711
_AD1CON2                                              (abs)        00713
_AD1CON3                                              (abs)        00714
_AD1PRECON                                            (abs)        00716
_AD2ACQCON                                            (abs)        00797
_AD2CON0                                              (abs)        00791
_AD2CON0bits                                          (abs)        00791
_AD2CON2                                              (abs)        00793
_AD2CON3                                              (abs)        00794
_AD2PRECON                                            (abs)        00796
_ADCOMCON                                             (abs)        00712
_ANSELA                                               (abs)        0018C
_ANSELB                                               (abs)        0018D
_ANSELC                                               (abs)        0018E
_APFCON                                               (abs)        0011D
_APFCONbits                                           (abs)        0011D
_BAUDCON                                              (abs)        0019F
_BORCON                                               (abs)        00116
_Button_Baseline_Initialize                           text79       008F3
_Button_Baseline_Update                               text78       00CF8
_Button_DefaultCallback                               text71       014E3
_Button_Deviation_Update                              text84       00C71
_Button_Reading_Update                                text80       015A8
_Button_Reading_Update_Helper                         text81       00A59
_Button_Service                                       text64       00AF6
_Button_StateMachine                                  dataBANK1    000D3
_Button_State_Initializing                            text68       00BA7
_Button_State_NotPressed                              text67       00EB6
_Button_State_Pressed                                 text69       00C09
_Button_Tick_helper                                   text35       0084C
_EUSART_DefaultErrorHandler                           text94       014E5
_EUSART_DefaultFramingErrorHandler                    text93       014E1
_EUSART_DefaultOverrunErrorHandler                    text92       014F7
_EUSART_ErrorHandler                                  nvBANK1      000E2
_EUSART_FramingErrorHandler                           nvBANK1      000E6
_EUSART_Initialize                                    text26       00921
_EUSART_OverrunErrorHandler                           nvBANK1      000E4
_EUSART_Receive_ISR                                   text91       0097F
_EUSART_RxDataHandler                                 text95       016FB
_EUSART_RxDefaultInterruptHandler                     nvBANK1      000E8
_EUSART_SetErrorHandler                               text30       01519
_EUSART_SetFramingErrorHandler                        text29       0151F
_EUSART_SetOverrunErrorHandler                        text28       01525
_EUSART_SetRxInterruptHandler                         text27       0152B
_EUSART_Write                                         text10       00800
_EXT_INT_Initialize                                   text24       01584
_GIE                                                  (abs)        0005F
_INTCONbits                                           (abs)        0000B
_INTERRUPT_InterruptManager                           intentry     00004
_INT_CallBack                                         text89       0167A
_INT_DefaultInterruptHandler                          text90       014E2
_INT_ISR                                              text88       014FB
_INT_InterruptHandler                                 nvBANK1      000E0
_INT_SetInterruptHandler                              text25       01531
_LATA                                                 (abs)        0010C
_LATB                                                 (abs)        0010D
_LATC                                                 (abs)        0010E
_LATCbits                                             (abs)        0010E
_MTOUCH_Button_Buttonmask_Get                         text74       017E2
_MTOUCH_Button_Initialize                             text76       009E6
_MTOUCH_Button_InitializeAll                          text22       017A9
_MTOUCH_Button_ServiceAll                             text63       015F0
_MTOUCH_Button_SetNotPressedCallback                  text86       0150D
_MTOUCH_Button_SetPressedCallback                     text85       01513
_MTOUCH_Button_Tick                                   text34       016E5
_MTOUCH_Button_isPressed                              text75       01773
_MTOUCH_Initialize                                    text18       0158F
_MTOUCH_Sensor_Calibrate                              text77       01643
_MTOUCH_Sensor_Enable                                 text21       01655
_MTOUCH_Sensor_Initialize                             text20       0168F
_MTOUCH_Sensor_InitializeAll                          text19       007F2
_MTOUCH_Sensor_RawSample_Get                          text82       01729
_MTOUCH_Sensor_SampleAll                              text38       016CF
_MTOUCH_Sensor_Sampled_ResetAll                       text36       01667
_MTOUCH_Sensor_Scan_Initialize                        text62       01600
_MTOUCH_Sensor_isCalibrated                           text66       016B9
_MTOUCH_Sensor_wasSampled                             text65       015D2
_MTOUCH_Service_Mainloop                              text31       017C5
_MTOUCH_Tick                                          text33       014F4
_MTOUCH_needReburst                                   text32       00002
_OPTION_REGbits                                       (abs)        00095
_OSCCON                                               (abs)        00099
_OSCILLATOR_Initialize                                text17       01537
_PIE1bits                                             (abs)        00091
_PIN_MANAGER_Initialize                               text16       01759
_PIR1bits                                             (abs)        00011
_PIR2bits                                             (abs)        00012
_PR2                                                  (abs)        0001B
_RCREG                                                (abs)        00199
_RCSTA                                                (abs)        0019D
_RCSTAbits                                            (abs)        0019D
_SPBRGH                                               (abs)        0019C
_SPBRGL                                               (abs)        0019B
_SYSTEM_Initialize                                    text13       016A4
_Sensor_Acq_ExecutePacket                             text48       00053
_Sensor_Acquisition                                   text43       00B4B
_Sensor_DefaultCallback                               text42       014E4
_Sensor_RawSample_Update                              text41       00873
_Sensor_Sampled_Reset                                 text37       01561
_Sensor_Scanfrequency_Evaluation                      text47       00F5A
_Sensor_Service                                       text39       00D87
_Sensor_autoCalibration                               text56       00E1E
_Sensor_getScanGroupIndex                             text61       008C6
_Sensor_isActive                                      text55       015C4
_Sensor_isCalibrated                                  text53       0157A
_Sensor_isCalibratingAcqTime                          text60       01571
_Sensor_isEnabled                                     text54       01621
_Sensor_loadADCSettings                               text52       00742
_Sensor_loadADCSettings$558                           cstackCOMMON 00076
_Sensor_postAcquisitionProcess                        text44       00A1C
_Sensor_setActive                                     text46       01549
_Sensor_setCalibratAcqTime                            text59       015E1
_Sensor_setCalibrated                                 text58       015B6
_Sensor_setInactive                                   text45       01551
_Sensor_setSampled                                    text40       01559
_T2CON                                                (abs)        0001C
_T2CONbits                                            (abs)        0001C
_TMR2                                                 (abs)        0001A
_TMR2_Initialize                                      text15       01569
_TMR2_LoadPeriodRegister                              text51       01503
_TMR2_StartTimer                                      text50       014EE
_TMR2_StopTimer                                       text49       014F1
_TRISA                                                (abs)        0008C
_TRISB                                                (abs)        0008D
_TRISC                                                (abs)        0008E
_TXREG                                                (abs)        0019A
_TXSTA                                                (abs)        0019E
_TXSTAbits                                            (abs)        0019E
_WDTCON                                               (abs)        00097
_WDT_Initialize                                       text14       014FF
_WPUA                                                 (abs)        0020C
_WPUB                                                 (abs)        0020D
_ZCD_STATE                                            bssBANK1     000C7
__CFG_BOREN$NSLEEP                                    (abs)        00000
__CFG_BORV$LO                                         (abs)        00000
__CFG_CLKOUTEN$OFF                                    (abs)        00000
__CFG_CP$OFF                                          (abs)        00000
__CFG_FOSC$INTOSC                                     (abs)        00000
__CFG_LPBOR$ON                                        (abs)        00000
__CFG_LVP$ON                                          (abs)        00000
__CFG_MCLRE$ON                                        (abs)        00000
__CFG_PWRTE$OFF                                       (abs)        00000
__CFG_STVREN$OFF                                      (abs)        00000
__CFG_WDTE$OFF                                        (abs)        00000
__CFG_WRT$OFF                                         (abs)        00000
__Habs1                                               abs1         00000
__Hbank0                                              bank0        00000
__Hbank1                                              bank1        00000
__Hbank10                                             bank10       00000
__Hbank11                                             bank11       00000
__Hbank12                                             bank12       00000
__Hbank13                                             bank13       00000
__Hbank14                                             bank14       00000
__Hbank15                                             bank15       00000
__Hbank16                                             bank16       00000
__Hbank17                                             bank17       00000
__Hbank18                                             bank18       00000
__Hbank19                                             bank19       00000
__Hbank2                                              bank2        00000
__Hbank20                                             bank20       00000
__Hbank21                                             bank21       00000
__Hbank22                                             bank22       00000
__Hbank23                                             bank23       00000
__Hbank24                                             bank24       00000
__Hbank25                                             bank25       00000
__Hbank26                                             bank26       00000
__Hbank27                                             bank27       00000
__Hbank28                                             bank28       00000
__Hbank29                                             bank29       00000
__Hbank3                                              bank3        00000
__Hbank30                                             bank30       00000
__Hbank31                                             bank31       00000
__Hbank4                                              bank4        00000
__Hbank5                                              bank5        00000
__Hbank6                                              bank6        00000
__Hbank7                                              bank7        00000
__Hbank8                                              bank8        00000
__Hbank9                                              bank9        00000
__Hbigram                                             bigram       00000
__HbssBANK1                                           bssBANK1     00000
__HbssBANK2                                           bssBANK2     00000
__HbssBANK3                                           bssBANK3     00000
__HbssCOMMON                                          bssCOMMON    00000
__Hcinit                                              cinit        00053
__Hclrtext                                            clrtext      00000
__Hcode                                               code         00000
__Hcommon                                             common       00000
__Hconfig                                             config       08009
__HcstackBANK0                                        cstackBANK0  00000
__HcstackBANK1                                        cstackBANK1  00000
__HcstackCOMMON                                       cstackCOMMON 00000
__HdataBANK1                                          dataBANK1    00000
__HdataBANK2                                          dataBANK2    00000
__Heeprom_data                                        eeprom_data  00000
__Hend_init                                           end_init     0001F
__Hfunctab                                            functab      00000
__HidataBANK1                                         idataBANK1   00000
__HidataBANK2                                         idataBANK2   00000
__Hidloc                                              idloc        00000
__Hinit                                               init         0001D
__Hinittext                                           inittext     00000
__Hintentry                                           intentry     0001D
__Hmaintext                                           maintext     00000
__HnvBANK1                                            nvBANK1      00000
__Hpowerup                                            powerup      00000
__Hram                                                ram          00000
__Hreset_vec                                          reset_vec    00002
__Hsfr0                                               sfr0         00000
__Hsfr1                                               sfr1         00000
__Hsfr10                                              sfr10        00000
__Hsfr11                                              sfr11        00000
__Hsfr12                                              sfr12        00000
__Hsfr13                                              sfr13        00000
__Hsfr14                                              sfr14        00000
__Hsfr15                                              sfr15        00000
__Hsfr16                                              sfr16        00000
__Hsfr17                                              sfr17        00000
__Hsfr18                                              sfr18        00000
__Hsfr19                                              sfr19        00000
__Hsfr2                                               sfr2         00000
__Hsfr20                                              sfr20        00000
__Hsfr21                                              sfr21        00000
__Hsfr22                                              sfr22        00000
__Hsfr23                                              sfr23        00000
__Hsfr24                                              sfr24        00000
__Hsfr25                                              sfr25        00000
__Hsfr26                                              sfr26        00000
__Hsfr27                                              sfr27        00000
__Hsfr28                                              sfr28        00000
__Hsfr29                                              sfr29        00000
__Hsfr3                                               sfr3         00000
__Hsfr30                                              sfr30        00000
__Hsfr31                                              sfr31        00000
__Hsfr4                                               sfr4         00000
__Hsfr5                                               sfr5         00000
__Hsfr6                                               sfr6         00000
__Hsfr7                                               sfr7         00000
__Hsfr8                                               sfr8         00000
__Hsfr9                                               sfr9         00000
__Hspace_0                                            (abs)        08009
__Hspace_1                                            (abs)        001C0
__Hspace_2                                            (abs)        00000
__Hspace_3                                            (abs)        00000
__Hstack                                              stack        00000
__Hstrings                                            strings      00000
__Hstringtext1                                        stringtext1  00000
__Hstringtext2                                        stringtext2  00000
__Hstringtext3                                        stringtext3  00000
__Hstringtext4                                        stringtext4  00000
__Hstringtext5                                        stringtext5  00000
__Hstringtext6                                        stringtext6  00000
__Hstringtext7                                        stringtext7  00000
__Hstringtext8                                        stringtext8  00000
__Hstringtext9                                        stringtext9  00000
__Htext                                               text         00000
__Labs1                                               abs1         00000
__Lbank0                                              bank0        00000
__Lbank1                                              bank1        00000
__Lbank10                                             bank10       00000
__Lbank11                                             bank11       00000
__Lbank12                                             bank12       00000
__Lbank13                                             bank13       00000
__Lbank14                                             bank14       00000
__Lbank15                                             bank15       00000
__Lbank16                                             bank16       00000
__Lbank17                                             bank17       00000
__Lbank18                                             bank18       00000
__Lbank19                                             bank19       00000
__Lbank2                                              bank2        00000
__Lbank20                                             bank20       00000
__Lbank21                                             bank21       00000
__Lbank22                                             bank22       00000
__Lbank23                                             bank23       00000
__Lbank24                                             bank24       00000
__Lbank25                                             bank25       00000
__Lbank26                                             bank26       00000
__Lbank27                                             bank27       00000
__Lbank28                                             bank28       00000
__Lbank29                                             bank29       00000
__Lbank3                                              bank3        00000
__Lbank30                                             bank30       00000
__Lbank31                                             bank31       00000
__Lbank4                                              bank4        00000
__Lbank5                                              bank5        00000
__Lbank6                                              bank6        00000
__Lbank7                                              bank7        00000
__Lbank8                                              bank8        00000
__Lbank9                                              bank9        00000
__Lbigram                                             bigram       00000
__LbssBANK1                                           bssBANK1     00000
__LbssBANK2                                           bssBANK2     00000
__LbssBANK3                                           bssBANK3     00000
__LbssCOMMON                                          bssCOMMON    00000
__Lcinit                                              cinit        0001F
__Lclrtext                                            clrtext      00000
__Lcode                                               code         00000
__Lcommon                                             common       00000
__Lconfig                                             config       08007
__LcstackBANK0                                        cstackBANK0  00000
__LcstackBANK1                                        cstackBANK1  00000
__LcstackCOMMON                                       cstackCOMMON 00000
__LdataBANK1                                          dataBANK1    00000
__LdataBANK2                                          dataBANK2    00000
__Leeprom_data                                        eeprom_data  00000
__Lend_init                                           end_init     0001D
__Lfunctab                                            functab      00000
__LidataBANK1                                         idataBANK1   00000
__LidataBANK2                                         idataBANK2   00000
__Lidloc                                              idloc        00000
__Linit                                               init         0001D
__Linittext                                           inittext     00000
__Lintentry                                           intentry     00004
__Lmaintext                                           maintext     00000
__LnvBANK1                                            nvBANK1      00000
__Lpowerup                                            powerup      00000
__Lram                                                ram          00000
__Lreset_vec                                          reset_vec    00000
__Lsfr0                                               sfr0         00000
__Lsfr1                                               sfr1         00000
__Lsfr10                                              sfr10        00000
__Lsfr11                                              sfr11        00000
__Lsfr12                                              sfr12        00000
__Lsfr13                                              sfr13        00000
__Lsfr14                                              sfr14        00000
__Lsfr15                                              sfr15        00000
__Lsfr16                                              sfr16        00000
__Lsfr17                                              sfr17        00000
__Lsfr18                                              sfr18        00000
__Lsfr19                                              sfr19        00000
__Lsfr2                                               sfr2         00000
__Lsfr20                                              sfr20        00000
__Lsfr21                                              sfr21        00000
__Lsfr22                                              sfr22        00000
__Lsfr23                                              sfr23        00000
__Lsfr24                                              sfr24        00000
__Lsfr25                                              sfr25        00000
__Lsfr26                                              sfr26        00000
__Lsfr27                                              sfr27        00000
__Lsfr28                                              sfr28        00000
__Lsfr29                                              sfr29        00000
__Lsfr3                                               sfr3         00000
__Lsfr30                                              sfr30        00000
__Lsfr31                                              sfr31        00000
__Lsfr4                                               sfr4         00000
__Lsfr5                                               sfr5         00000
__Lsfr6                                               sfr6         00000
__Lsfr7                                               sfr7         00000
__Lsfr8                                               sfr8         00000
__Lsfr9                                               sfr9         00000
__Lspace_0                                            (abs)        00000
__Lspace_1                                            (abs)        00000
__Lspace_2                                            (abs)        00000
__Lspace_3                                            (abs)        00000
__Lstack                                              stack        00000
__Lstrings                                            strings      00000
__Lstringtext1                                        stringtext1  00000
__Lstringtext2                                        stringtext2  00000
__Lstringtext3                                        stringtext3  00000
__Lstringtext4                                        stringtext4  00000
__Lstringtext5                                        stringtext5  00000
__Lstringtext6                                        stringtext6  00000
__Lstringtext7                                        stringtext7  00000
__Lstringtext8                                        stringtext8  00000
__Lstringtext9                                        stringtext9  00000
__Ltext                                               text         00000
__S0                                                  (abs)        08009
__S1                                                  (abs)        001C0
__S2                                                  (abs)        00000
___aodiv                                              text12       004A3
___aodiv@counter                                      cstackCOMMON 00072
___aodiv@dividend                                     cstackBANK0  00028
___aodiv@divisor                                      cstackBANK0  00020
___aodiv@quotient                                     cstackCOMMON 00074
___aodiv@sign                                         cstackCOMMON 00073
___aomod                                              text11       00596
___aomod@counter                                      cstackCOMMON 00072
___aomod@dividend                                     cstackBANK0  00028
___aomod@divisor                                      cstackBANK0  00020
___aomod@sign                                         cstackCOMMON 00073
___bmul                                               text83       01610
___bmul@multiplicand                                  cstackCOMMON 00071
___bmul@multiplier                                    cstackCOMMON 00074
___bmul@product                                       cstackCOMMON 00073
___int_sp                                             stack        00000
___latbits                                            (abs)        00002
___sp                                                 stack        00000
___stackhi                                            (abs)        021EF
___stacklo                                            (abs)        02110
__end_ofSensor_Scanfrequency_Evaluation@frequency_hop stringtext1  01858
__end_of_Button_Baseline_Initialize                   text79       00921
__end_of_Button_Baseline_Update                       text78       00D87
__end_of_Button_DefaultCallback                       text71       014E4
__end_of_Button_Deviation_Update                      text84       00CF8
__end_of_Button_Reading_Update                        text80       015B6
__end_of_Button_Reading_Update_Helper                 text81       00AA6
__end_of_Button_Service                               text64       00B4B
__end_of_Button_State_Initializing                    text68       00C09
__end_of_Button_State_NotPressed                      text67       00F5A
__end_of_Button_State_Pressed                         text69       00C71
__end_of_Button_Tick_helper                           text35       00873
__end_of_EUSART_DefaultErrorHandler                   text94       014E8
__end_of_EUSART_DefaultFramingErrorHandler            text93       014E2
__end_of_EUSART_DefaultOverrunErrorHandler            text92       014FB
__end_of_EUSART_Initialize                            text26       00950
__end_of_EUSART_Receive_ISR                           text91       009B1
__end_of_EUSART_RxDataHandler                         text95       01712
__end_of_EUSART_SetErrorHandler                       text30       0151F
__end_of_EUSART_SetFramingErrorHandler                text29       01525
__end_of_EUSART_SetOverrunErrorHandler                text28       0152B
__end_of_EUSART_SetRxInterruptHandler                 text27       01531
__end_of_EUSART_Write                                 text10       00808
__end_of_EXT_INT_Initialize                           text24       0158F
__end_of_INTERRUPT_InterruptManager                   intentry     0001D
__end_of_INT_CallBack                                 text89       0168F
__end_of_INT_DefaultInterruptHandler                  text90       014E3
__end_of_INT_ISR                                      text88       014FF
__end_of_INT_SetInterruptHandler                      text25       01537
__end_of_MTOUCH_Button_Buttonmask_Get                 text74       01800
__end_of_MTOUCH_Button_Initialize                     text76       00A1C
[...]
      Locals:         0       0       0       0       0       0       0       0
      Temps:          0       0       0       0       0       0       0       0
      Totals:         2       0       0       0       0       0       0       0
Total ram usage:        2 bytes
 Hardware stack levels used:    1
 Hardware stack levels required when called:    4
 This function calls:
		Nothing
 This function is called by:
		_main
 This function uses a non-reentrant model


 *************** function _MTOUCH_Button_SetNotPressedCallback *****************
 Defined at:
		line 532 in file "mcc_generated_files/mtouch/mtouch_button.c"
 Parameters:    Size  Location     Type
  callback        2    1[COMMON] PTR FTN(enum E3069,)void
		 -> myButtonReleasedCallback(1), 
 Auto vars:     Size  Location     Type
		None
 Return value:  Size  Location     Type
                  1    wreg      void 
 Registers used:
		wreg
 Tracked objects:
		On entry : 
		On exit  : 
		Unchanged: 
 Data sizes:     COMMON   BANK0   BANK1   BANK2   BANK3   BANK4   BANK5   BANK6
      Params:         2       0       0       0       0       0       0       0
      Locals:         0       0       0       0       0       0       0       0
      Temps:          0       0       0       0       0       0       0       0
      Totals:         2       0       0       0       0       0       0       0
Total ram usage:        2 bytes
 Hardware stack levels used:    1
 Hardware stack levels required when called:    4
 This function calls:
		Nothing
 This function is called by:
		_main
 This function uses a non-reentrant model


 *************** function _INTERRUPT_InterruptManager *****************
 Defined at:
		line 52 in file "mcc_generated_files/interrupt_manager.c"
 Parameters:    Size  Location     Type
		None
 Auto vars:     Size  Location     Type
		None
 Return value:  Size  Location     Type
                  1    wreg      void 
 Registers used:
		wreg, fsr1l, fsr1h, status,2, status,0, pclath, cstack
 Tracked objects:
		On entry : 
		On exit  : 
		Unchanged: 
 Data sizes:     COMMON   BANK0   BANK1   BANK2   BANK3   BANK4   BANK5   BANK6
      Params:         0       0       0       0       0       0       0       0
      Locals:         0       0       0       0       0       0       0       0
      Temps:          0       0       0       0       0       0       0       0
      Totals:         0       0       0       0       0       0       0       0
Total ram usage:        0 bytes
 Hardware stack levels used:    1
 Hardware stack levels required when called:    3
 This function calls:
		Absolute function
		_EUSART_Receive_ISR
		_INT_ISR
 This function is called by:
		Interrupt level 1
 This function uses a non-reentrant model


 *************** function _INT_ISR *****************
 Defined at:
		line 38 in file "mcc_generated_files/ext_int.c"
 Parameters:    Size  Location     Type
		None
 Auto vars:     Size  Location     Type
		None
 Return value:  Size  Location     Type
                  1    wreg      void 
 Registers used:
		wreg, status,2, status,0, pclath, cstack
 Tracked objects:
		On entry : 
		On exit  : 
		Unchanged: 
 Data sizes:     COMMON   BANK0   BANK1   BANK2   BANK3   BANK4   BANK5   BANK6
      Params:         0       0       0       0       0       0       0       0
      Locals:         0       0       0       0       0       0       0       0
      Temps:          0       0       0       0       0       0       0       0
      Totals:         0       0       0       0       0       0       0       0
Total ram usage:        0 bytes
 Hardware stack levels used:    1
 Hardware stack levels required when called:    2
 This function calls:
		_INT_CallBack
 This function is called by:
		_INTERRUPT_InterruptManager
 This function uses a non-reentrant model


 *************** function _INT_CallBack *****************
 Defined at:
		line 47 in file "mcc_generated_files/ext_int.c"
 Parameters:    Size  Location     Type
		None
 Auto vars:     Size  Location     Type
		None
 Return value:  Size  Location     Type
                  1    wreg      void 
 Registers used:
		wreg, status,2, status,0, pclath, cstack
 Tracked objects:
		On entry : 
		On exit  : 
		Unchanged: 
 Data sizes:     COMMON   BANK0   BANK1   BANK2   BANK3   BANK4   BANK5   BANK6
      Params:         0       0       0       0       0       0       0       0
      Locals:         0       0       0       0       0       0       0       0
      Temps:          1       0       0       0       0       0       0       0
      Totals:         1       0       0       0       0       0       0       0
Total ram usage:        1 bytes
 Hardware stack levels used:    1
 Hardware stack levels required when called:    1
 This function calls:
		Absolute function
		_INT_DefaultInterruptHandler
 This function is called by:
		_INT_ISR
 This function uses a non-reentrant model


 *************** function _INT_DefaultInterruptHandler *****************
 Defined at:
		line 69 in file "mcc_generated_files/ext_int.c"
 Parameters:    Size  Location     Type
		None
 Auto vars:     Size  Location     Type
		None
 Return value:  Size  Location     Type
                  1    wreg      void 
 Registers used:
		None
 Tracked objects:
		On entry : 
		On exit  : 
		Unchanged: 
 Data sizes:     COMMON   BANK0   BANK1   BANK2   BANK3   BANK4   BANK5   BANK6
      Params:         0       0       0       0       0       0       0       0
      Locals:         0       0       0       0       0       0       0       0
      Temps:          0       0       0       0       0       0       0       0
      Totals:         0       0       0       0       0       0       0       0
Total ram usage:        0 bytes
 Hardware stack levels used:    1
 This function calls:
		Nothing
 This function is called by:
		_EXT_INT_Initialize
		_INT_CallBack
 This function uses a non-reentrant model


 *************** function _EUSART_Receive_ISR *****************
 Defined at:
		line 180 in file "mcc_generated_files/eusart.c"
 Parameters:    Size  Location     Type
		None
 Auto vars:     Size  Location     Type
		None
 Return value:  Size  Location     Type
                  1    wreg      void 
 Registers used:
		wreg, fsr1l, fsr1h, status,2, status,0, pclath, cstack
 Tracked objects:
		On entry : 
		On exit  : 
		Unchanged: 
 Data sizes:     COMMON   BANK0   BANK1   BANK2   BANK3   BANK4   BANK5   BANK6
      Params:         0       0       0       0       0       0       0       0
      Locals:         0       0       0       0       0       0       0       0
      Temps:          0       0       0       0       0       0       0       0
      Totals:         0       0       0       0       0       0       0       0
Total ram usage:        0 bytes
 Hardware stack levels used:    1
 Hardware stack levels required when called:    2
 This function calls:
		Absolute function
		_EUSART_DefaultErrorHandler
		_EUSART_DefaultFramingErrorHandler
		_EUSART_DefaultOverrunErrorHandler
		_EUSART_RxDataHandler
 This function is called by:
		_EUSART_Initialize
		_INTERRUPT_InterruptManager
 This function uses a non-reentrant model


 *************** function _EUSART_DefaultOverrunErrorHandler *****************
 Defined at:
		line 216 in file "mcc_generated_files/eusart.c"
 Parameters:    Size  Location     Type
		None
 Auto vars:     Size  Location     Type
		None
 Return value:  Size  Location     Type
                  1    wreg      void 
 Registers used:
		None
 Tracked objects:
		On entry : 
		On exit  : 
		Unchanged: 
 Data sizes:     COMMON   BANK0   BANK1   BANK2   BANK3   BANK4   BANK5   BANK6
      Params:         0       0       0       0       0       0       0       0
      Locals:         0       0       0       0       0       0       0       0
      Temps:          0       0       0       0       0       0       0       0
      Totals:         0       0       0       0       0       0       0       0
Total ram usage:        0 bytes
 Hardware stack levels used:    1
 This function calls:
		Nothing
 This function is called by:
		_EUSART_Initialize
		_EUSART_Receive_ISR
 This function uses a non-reentrant model


 *************** function _EUSART_DefaultFramingErrorHandler *****************
 Defined at:
		line 214 in file "mcc_generated_files/eusart.c"
 Parameters:    Size  Location     Type
		None
 Auto vars:     Size  Location     Type
		None
 Return value:  Size  Location     Type
                  1    wreg      void 
 Registers used:
		None
 Tracked objects:
		On entry : 
		On exit  : 
		Unchanged: 
 Data sizes:     COMMON   BANK0   BANK1   BANK2   BANK3   BANK4   BANK5   BANK6
      Params:         0       0       0       0       0       0       0       0
      Locals:         0       0       0       0       0       0       0       0
      Temps:          0       0       0       0       0       0       0       0
      Totals:         0       0       0       0       0       0       0       0
Total ram usage:        0 bytes
 Hardware stack levels used:    1
 This function calls:
		Nothing
 This function is called by:
		_EUSART_Initialize
		_EUSART_Receive_ISR
 This function uses a non-reentrant model


 *************** function _EUSART_DefaultErrorHandler *****************
 Defined at:
		line 224 in file "mcc_generated_files/eusart.c"
 Parameters:    Size  Location     Type
		None
 Auto vars:     Size  Location     Type
		None
 Return value:  Size  Location     Type
                  1    wreg      void 
 Registers used:
		wreg, fsr1l, fsr1h, status,2, status,0, pclath, cstack
 Tracked objects:
		On entry : 
		On exit  : 
		Unchanged: 
 Data sizes:     COMMON   BANK0   BANK1   BANK2   BANK3   BANK4   BANK5   BANK6
      Params:         0       0       0       0       0       0       0       0
      Locals:         0       0       0       0       0       0       0       0
      Temps:          0       0       0       0       0       0       0       0
      Totals:         0       0       0       0       0       0       0       0
Total ram usage:        0 bytes
 Hardware stack levels used:    1
 Hardware stack levels required when called:    1
 This function calls:
		_EUSART_RxDataHandler
 This function is called by:
		_EUSART_Initialize
		_EUSART_Receive_ISR
 This function uses a non-reentrant model


 *************** function _EUSART_RxDataHandler *****************
 Defined at:
		line 204 in file "mcc_generated_files/eusart.c"
 Parameters:    Size  Location     Type
		None
 Auto vars:     Size  Location     Type
		None
 Return value:  Size  Location     Type
                  1    wreg      void 
 Registers used:
		wreg, fsr1l, fsr1h, status,2, status,0
 Tracked objects:
		On entry : 
		On exit  : 
		Unchanged: 
 Data sizes:     COMMON   BANK0   BANK1   BANK2   BANK3   BANK4   BANK5   BANK6
      Params:         0       0       0       0       0       0       0       0
      Locals:         0       0       0       0       0       0       0       0
      Temps:          1       0       0       0       0       0       0       0
      Totals:         1       0       0       0       0       0       0       0
Total ram usage:        1 bytes
 Hardware stack levels used:    1
 This function calls:
		Nothing
 This function is called by:
		_EUSART_Receive_ISR
		_EUSART_DefaultErrorHandler
 This function uses a non-reentrant model



MODULE INFORMATION

Module		Function		Class		Link	Load	Size
mcc_generated_files/mtouch/mtouch_button.c
		_Button_Deviation_Update		CODE           	0C71	0000	136
		_MTOUCH_Button_SetNotPressedCallback		CODE           	150D	0000	7
		_MTOUCH_Button_isPressed		CODE           	1773	0000	28
		_MTOUCH_Button_Initialize		CODE           	09E6	0000	55
		_Button_Tick_helper		CODE           	084C	0000	40
		_MTOUCH_Button_InitializeAll		CODE           	17A9	0000	29
		_Button_Baseline_Update		CODE           	0CF8	0000	144
		_Button_State_Pressed		CODE           	0C09	0000	105
		_Button_Reading_Update		CODE           	15A8	0000	15
		_MTOUCH_Button_Buttonmask_Get		CODE           	17E2	0000	31
		_Button_DefaultCallback		CODE           	14E3	0000	2
		_MTOUCH_Button_Tick		CODE           	16E5	0000	23
		_Button_State_NotPressed		CODE           	0EB6	0000	165
		_MTOUCH_Button_SetPressedCallback		CODE           	1513	0000	7
		_Button_Reading_Update_Helper		CODE           	0A59	0000	78
		_Button_Service		CODE           	0AF6	0000	86
		_Button_State_Initializing		CODE           	0BA7	0000	99
		_MTOUCH_Button_ServiceAll		CODE           	15F0	0000	17
		_Button_Baseline_Initialize		CODE           	08F3	0000	47

mcc_generated_files/mtouch/mtouch_button.c estimated size: 1114

C:\Program Files (x86)\Microchip\xc8\v2.05\pic\sources\c99\common\printf.c
		_printf        		CODE           	1632	0000	18

C:\Program Files (x86)\Microchip\xc8\v2.05\pic\sources\c99\common\printf.c estimated size: 18

mcc_generated_files/tmr2.c
		_TMR2_LoadPeriodRegister		CODE           	1503	0000	6
		_TMR2_Initialize		CODE           	1569	0000	9
		_TMR2_StopTimer		CODE           	14F1	0000	4
		_TMR2_StartTimer		CODE           	14EE	0000	4

mcc_generated_files/tmr2.c estimated size: 23

mcc_generated_files/interrupt_manager.c
		_INTERRUPT_InterruptManager		CODE           	0004	0000	26

mcc_generated_files/interrupt_manager.c estimated size: 26

C:\Program Files (x86)\Microchip\xc8\v2.05\pic\sources\c99\common\nf_fputc.c
		_fputc         		CODE           	09B1	0000	54

C:\Program Files (x86)\Microchip\xc8\v2.05\pic\sources\c99\common\nf_fputc.c estimated size: 54

mcc_generated_files/mtouch/mtouch.c
		_MTOUCH_Tick   		CODE           	14F4	0000	4
		_MTOUCH_Initialize		CODE           	158F	0000	13
		_MTOUCH_Service_Mainloop		CODE           	17C5	0000	30
		_MTOUCH_needReburst		CODE           	0002	0000	3

mcc_generated_files/mtouch/mtouch.c estimated size: 50

mcc_generated_files/pin_manager.c
		_PIN_MANAGER_Initialize		CODE           	1759	0000	27

mcc_generated_files/pin_manager.c estimated size: 27

C:\Program Files (x86)\Microchip\xc8\v2.05\pic\sources\c99\common\aodiv.c
		___aodiv       		CODE           	04A3	0000	244

C:\Program Files (x86)\Microchip\xc8\v2.05\pic\sources\c99\common\aodiv.c estimated size: 244

C:\Program Files (x86)\Microchip\xc8\v2.05\pic\sources\c99\common\strlen.c
		_strlen        		CODE           	1741	0000	25

C:\Program Files (x86)\Microchip\xc8\v2.05\pic\sources\c99\common\strlen.c estimated size: 25

mcc_generated_files/ext_int.c
		_INT_DefaultInterruptHandler		CODE           	14E2	0000	2
		_EXT_INT_Initialize		CODE           	1584	0000	12
		_INT_SetInterruptHandler		CODE           	1531	0000	7
		_INT_CallBack  		CODE           	167A	0000	22
		_INT_ISR       		CODE           	14FB	0000	5

mcc_generated_files/ext_int.c estimated size: 48

C:\Program Files (x86)\Microchip\xc8\v2.05\pic\sources\c99\common\Umul8.c
		___bmul        		CODE           	1610	0000	18

C:\Program Files (x86)\Microchip\xc8\v2.05\pic\sources\c99\common\Umul8.c estimated size: 18

C:\Program Files (x86)\Microchip\xc8\v2.05\pic\sources\c99\common\doprnt.c
		_vfpfcnvrt     		CODE           	0672	0000	209
		_pad           		CODE           	0AA6	0000	81
		_dtoa          		CODE           	022E	0000	338
		_vfprintf      		CODE           	0950	0000	48

C:\Program Files (x86)\Microchip\xc8\v2.05\pic\sources\c99\common\doprnt.c estimated size: 676

shared
		Sensor_Scanfrequency_Evaluation@frequency_hop		STRCODE        	1853	0000	6
		_sensor_scan_group		STRCODE        	1858	0000	5
		__initialization		CODE           	001F	0000	49
		_mtouch_button_init		STRCODE        	1000	0000	49

shared estimated size: 109

mcc_generated_files/mcc.c
		_WDT_Initialize		CODE           	14FF	0000	5
		_OSCILLATOR_Initialize		CODE           	1537	0000	7
		_SYSTEM_Initialize		CODE           	16A4	0000	22

mcc_generated_files/mcc.c estimated size: 34

C:\Program Files (x86)\Microchip\xc8\v2.05\pic\sources\c99\common\abs.c
		_abs           		CODE           	1712	0000	24

C:\Program Files (x86)\Microchip\xc8\v2.05\pic\sources\c99\common\abs.c estimated size: 24

C:\Program Files (x86)\Microchip\xc8\v2.05\pic\sources\c99\common\nf_fputs.c
		_fputs         		CODE           	0826	0000	39

C:\Program Files (x86)\Microchip\xc8\v2.05\pic\sources\c99\common\nf_fputs.c estimated size: 39

mcc_generated_files/eusart.c
		_EUSART_SetRxInterruptHandler		CODE           	152B	0000	7
		_putch         		CODE           	1508	0000	6
		_EUSART_DefaultOverrunErrorHandler		CODE           	14F7	0000	5
		_EUSART_Write  		CODE           	0800	0000	9
		_EUSART_DefaultErrorHandler		CODE           	14E5	0000	4
		_EUSART_Initialize		CODE           	0921	0000	48
		_EUSART_SetFramingErrorHandler		CODE           	151F	0000	7
		_EUSART_SetErrorHandler		CODE           	1519	0000	7
		_EUSART_SetOverrunErrorHandler		CODE           	1525	0000	7
		_EUSART_Receive_ISR		CODE           	097F	0000	51
		_EUSART_RxDataHandler		CODE           	16FB	0000	24
		_EUSART_DefaultFramingErrorHandler		CODE           	14E1	0000	2

mcc_generated_files/eusart.c estimated size: 177

C:\Program Files (x86)\Microchip\xc8\v2.05\pic\sources\c99\common\memcpy.c
		_memcpy        		CODE           	089B	0000	44

C:\Program Files (x86)\Microchip\xc8\v2.05\pic\sources\c99\common\memcpy.c estimated size: 44

main.c
		_myButtonReleasedCallback		CODE           	14E8	0000	4
		_main          		CODE           	037F	0000	293
		_myButtonPressedCallback		CODE           	14EB	0000	4
		_check_on_off  		CODE           	0808	0000	31

main.c estimated size: 332

mcc_generated_files/mtouch/mtouch_sensor.c
		_Sensor_setCalibrated		CODE           	15B6	0000	15
		_Sensor_Acq_ExecutePacket		CODE           	0053	0000	476
		_Sensor_getScanGroupIndex		CODE           	08C6	0000	46
		_Sensor_Acquisition		CODE           	0B4B	0000	93
		_Sensor_postAcquisitionProcess		CODE           	0A1C	0000	62
		_Sensor_isCalibrated		CODE           	157A	0000	11
		_MTOUCH_Sensor_Initialize		CODE           	168F	0000	22
		_Sensor_Sampled_Reset		CODE           	1561	0000	9
		_MTOUCH_Sensor_InitializeAll		CODE           	07F2	0000	15
		_Sensor_DefaultCallback		CODE           	14E4	0000	2
		_Sensor_loadADCSettings		CODE           	0742	0000	177
		_Sensor_isEnabled		CODE           	1621	0000	18
		_MTOUCH_Sensor_isCalibrated		CODE           	16B9	0000	23
		_MTOUCH_Sensor_Calibrate		CODE           	1643	0000	19
		_MTOUCH_Sensor_Sampled_ResetAll		CODE           	1667	0000	20
		_Sensor_setActive		CODE           	1549	0000	9
		_Sensor_Scanfrequency_Evaluation		CODE           	0F5A	0000	167
		_MTOUCH_Sensor_Enable		CODE           	1655	0000	19
		_Sensor_setSampled		CODE           	1559	0000	9
		_Sensor_isCalibratingAcqTime		CODE           	1571	0000	10
		_MTOUCH_Sensor_RawSample_Get		CODE           	1729	0000	25
		_MTOUCH_Sensor_SampleAll		CODE           	16CF	0000	23
		_MTOUCH_Sensor_wasSampled		CODE           	15D2	0000	16
		_Sensor_Service		CODE           	0D87	0000	152
		_Sensor_autoCalibration		CODE           	0E1E	0000	153
		_MTOUCH_Sensor_Scan_Initialize		CODE           	1600	0000	17
		_Sensor_RawSample_Update		CODE           	0873	0000	41
		_Sensor_isActive		CODE           	15C4	0000	15
		_Sensor_setCalibratAcqTime		CODE           	15E1	0000	16
		_Sensor_setInactive		CODE           	1551	0000	9

mcc_generated_files/mtouch/mtouch_sensor.c estimated size: 1689

C:\Program Files (x86)\Microchip\xc8\v2.05\pic\sources\c99\common\aomod.c
		___aomod       		CODE           	0596	0000	221

C:\Program Files (x86)\Microchip\xc8\v2.05\pic\sources\c99\common\aomod.c estimated size: 221

