Microchip MPLAB XC8 Compiler V2.05 ()

Linker command line:

-W-3 --edf=C:\Program Files (x86)\Microchip\xc8\v2.05\pic\dat\en_msgs.txt \
  -cs -h+dist/default/production\DM_BT.X.production.sym \
  --cmf=dist/default/production\DM_BT.X.production.cmf -z -Q16LF1559 \
  -oC:\Users\Duy Ngo\AppData\Local\Temp\s4jo.2 --defsym=__MPLAB_BUILD=1 \
  -Mdist/default/production/DM_BT.X.production.map -E1 -ver=XC8 \
  --acfsm=1493 -ASTACK=02140h-021EFh -pstack=STACK -ACODE=00h-07FFhx4 \
  -ASTRCODE=00h-01FFFh -ASTRING=00h-0FFhx32 -ACONST=00h-0FFhx32 \
  -AENTRY=00h-0FFhx32 -ACOMMON=070h-07Fh -ABANK0=020h-06Fh \
  -ABANK1=0A0h-0EFh -ABANK2=0120h-016Fh -ABANK3=01A0h-01EFh \
  -ABANK4=0220h-026Fh -ABANK5=02A0h-02EFh -ABANK6=0320h-032Fh \
  -ABIGRAM=02000h-021EFh \
  -ARAM=020h-06Fh,0A0h-0EFh,0120h-016Fh,01A0h-01EFh,0220h-026Fh,02A0h-02EFh,0320h-032Fh \
  -AABS1=020h-07Fh,0A0h-0EFh,0120h-016Fh,01A0h-01EFh,0220h-026Fh,02A0h-02EFh,0320h-032Fh \
  -ASFR0=00h-01Fh -ASFR1=080h-09Fh -ASFR2=0100h-011Fh -ASFR3=0180h-019Fh \
  -ASFR4=0200h-021Fh -ASFR5=0280h-029Fh -ASFR6=0300h-031Fh \
  -ASFR7=0380h-03EFh -ASFR8=0400h-046Fh -ASFR9=0480h-04EFh \
  -ASFR10=0500h-056Fh -ASFR11=0580h-05EFh -ASFR12=0600h-066Fh \
  -ASFR13=0680h-06EFh -ASFR14=0700h-076Fh -ASFR15=0780h-07EFh \
  -ASFR16=0800h-086Fh -ASFR17=0880h-08EFh -ASFR18=0900h-096Fh \
  -ASFR19=0980h-09EFh -ASFR20=0A00h-0A6Fh -ASFR21=0A80h-0AEFh \
  -ASFR22=0B00h-0B6Fh -ASFR23=0B80h-0BEFh -ASFR24=0C00h-0C6Fh \
  -ASFR25=0C80h-0CEFh -ASFR26=0D00h-0D6Fh -ASFR27=0D80h-0DEFh \
  -ASFR28=0E00h-0E6Fh -ASFR29=0E80h-0EEFh -ASFR30=0F00h-0F6Fh \
  -ASFR31=0F80h-0FEFh -preset_vec=00h,intentry=04h,init,end_init \
  -ppowerup=CODE -pcinit=CODE -pfunctab=ENTRY -ACONFIG=08007h-08008h \
  -pconfig=CONFIG -DCONFIG=2 -AIDLOC=08000h-08003h -pidloc=IDLOC -DIDLOC=2 \
  -DCODE=2 -DSTRCODE=2 -DSTRING=2 -DCONST=2 -DENTRY=2 -k \
  C:\Users\Duy Ngo\AppData\Local\Temp\s4jo.o \
  dist/default/production\DM_BT.X.production.o 

Object code version is 3.11

Machine type is 16LF1559



                Name                               Link     Load   Length Selector   Space Scale
C:\Users\Duy Ngo\AppData\Local\Temp\s4jo.o
                end_init                             2A       2A        2        8       0
                reset_vec                             0        0        2        0       0
                config                             8007     8007        2    1000E       0
dist/default/production\DM_BT.X.production.o
                cinit                                2C       2C       34        8       0
                intentry                              4        4       26        8       0
                text96                             165B     165B       18     2CB6       0
                text95                             1431     1431        3     2862       0
                text94                             142D     142D        1     285A       0
                text93                             1440     1440        4     2880       0
                text92                              8BD      8BD       32     117A       0
                text91                             170F     170F       1D     2E1E       0
                text90                             142E     142E        1     285C       0
                text89                             14C7     14C7        B     298E       0
                text88                             1444     1444        4     2888       0
                text86                             1452     1452        6     28A4       0
                text85                             1458     1458        6     28B0       0
                text84                              C65      C65       87     18CA       0
                text83                             156C     156C       11     2AD8       0
                text82                             1673     1673       18     2CE6       0
                text81                              9D5      9D5       4D     13AA       0
                text80                             14F6     14F6        E     29EC       0
                text79                              860      860       2E     10C0       0
                text78                              CEC      CEC       8F     19D8       0
                text77                             158E     158E       12     2B1C       0
                text76                              924      924       36     1248       0
                text75                             16BD     16BD       1B     2D7A       0
                text74                             1749     1749       1E     2E92       0
                text73                              4A9      4A9       F3        8       0
                text72                              59C      59C       DC        8       0
                text71                             1644     1644       17     2C88       0
                text70                             1767     1767       24     2ECE       0
                text69                             1448     1448        5     2890       0
                text68                              8EF      8EF       35     11DE       0
                text67                             178B     178B       26     2F16       0
                text66                             168B     168B       18     2D16       0
                text65                              A22      A22       50     1444       0
                text64                              23B      23B      151        8       0
                text63                              678      678       D0        8       0
                text62                              88E      88E       2F     111C       0
                text61                             15B2     15B2       13     2B64       0
                text60                             1434     1434        3     2868       0
                text59                             142F     142F        1     285E       0
                text58                              B85      B85       6F     170A       0
                text57                              BF4      BF4       71     17E8       0
                text56                              B23      B23       62     1646       0
                text55                              748      748       B4        8       0
                text54                             1602     1602       16     2C04       0
                text53                             152E     152E        F     2A5C       0
                text52                              A72      A72       55     14E4       0
                text51                             154C     154C       10     2A98       0
                text50                             155C     155C       10     2AB8       0
                text49                              833      833       2D     1066       0
                text48                             14B4     14B4        9     2968       0
                text47                             153D     153D        F     2A7A       0
                text46                             1504     1504        E     2A08       0
                text45                              E12      E12       98     1C24       0
                text44                             1512     1512        E     2A24       0
                text43                             157D     157D       11     2AFA       0
                text42                             14BD     14BD        A     297A       0
                text41                              F50      F50       B0     1EA0       0
                text40                             144D     144D        5     289A       0
                text39                             1437     1437        3     286E       0
                text38                             143A     143A        3     2874       0
                text37                               60       60      1DB        8       0
                text36                              EAA      EAA       A6     1D54       0
                text35                             1494     1494        8     2928       0
                text34                             149C     149C        8     2938       0
                text33                              95A      95A       3D     12B4       0
                text32                              AC7      AC7       5C     158E       0
                text31                             1430     1430        1     2860       0
                text30                             17D8     17D8       28     2FB0       0
                text29                             14A4     14A4        8     2948       0
                text28                              D7B      D7B       97     1AF6       0
                text27                             1618     1618       16     2C30       0
                text26                             14AC     14AC        8     2958       0
                text25                             15C5     15C5       13     2B8A       0
                text24                             17B1     17B1       27     2F62       0
                text23                             162E     162E       16     2C5C       0
                text22                             143D     143D        3     287A       0
                text21                                2        2        2        0       0
                text20                             172C     172C       1D     2E58       0
                text19                             145E     145E        6     28BC       0
                text18                             1464     1464        6     28C8       0
                text17                             146A     146A        6     28D4       0
                text16                             1470     1470        6     28E0       0
                text15                             1476     1476        6     28EC       0
                text14                              997      997       3E     132E       0
                text13                             147C     147C        6     28F8       0
                text12                             14D2     14D2        B     29A4       0
                text11                              808      808       2B     1010       0
                text10                             16F3     16F3       1C     2DE6       0
                text9                              15A0     15A0       12     2B40       0
                text8                              15D8     15D8       15     2BB0       0
                text7                              1520     1520        E     2A40       0
                text6                              14DD     14DD        C     29BA       0
                text5                              1482     1482        6     2904       0
                text4                              16A3     16A3       1A     2D46       0
                text3                               800      800        8     1000       0
                text2                               7FC      7FC        4        8       0
                text1                              15ED     15ED       15     2BDA       0
                maintext                            38C      38C      11D        8       0
                cstackBANK0                          20       20       50       20       1
                cstackCOMMON                         70       70        C       70       1
                cstackBANK1                          C9       C9       13       A0       1
                cstackBANK2                         151      151        3      120       1
                clrtext                            1488     1488        6     2910       0
                inittext                           148E     148E        6     291C       0
                bssBANK3                            1A0      1A0       50      1A0       1
                dataBANK2                           120      120       1B      120       1
                bssBANK2                            13B      13B       10      120       1
                dataBANK1                            DC       DC        D       A0       1
                bssBANK1                             A0       A0       29       A0       1
                bssCOMMON                            7C       7C        1       70       1
                stringtext7                        183E     183E        D     3000       0
                stringtext6                        1830     1830        E     3000       0
                stringtext5                        181C     181C       14     3000       0
                stringtext4                        1800     1800       1C     3000       0
                nvBANK2                             14B      14B        6      120       1
                nvBANK1                              E9       E9        7       A0       1
                stringtext3                        1000     1000       30     2000       0
                stringtext2                        1850     1850        4     3000       0
                stringtext1                        184B     184B        5     3000       0
                idataBANK2                         16D8     16D8       1B     2DB0       0
                idataBANK1                         14E9     14E9        D     29D2       0

TOTAL           Name                               Link     Load   Length     Space
        CLASS   STACK          

        CLASS   CODE           
                end_init                             2A       2A        2         0
                cinit                                2C       2C       34         0
                intentry                              4        4       26         0
                reset_vec                             0        0        2         0
                text96                             165B     165B       18         0
                text95                             1431     1431        3         0
                text94                             142D     142D        1         0
                text93                             1440     1440        4         0
                text92                              8BD      8BD       32         0
                text91                             170F     170F       1D         0
                text90                             142E     142E        1         0
                text89                             14C7     14C7        B         0
                text88                             1444     1444        4         0
                text86                             1452     1452        6         0
                text85                             1458     1458        6         0
                text84                              C65      C65       87         0
                text83                             156C     156C       11         0
                text82                             1673     1673       18         0
                text81                              9D5      9D5       4D         0
                text80                             14F6     14F6        E         0
                text79                              860      860       2E         0
                text78                              CEC      CEC       8F         0
                text77                             158E     158E       12         0
                text76                              924      924       36         0
                text75                             16BD     16BD       1B         0
                text74                             1749     1749       1E         0
                text73                              4A9      4A9       F3         0
                text72                              59C      59C       DC         0
                text71                             1644     1644       17         0
                text70                             1767     1767       24         0
                text69                             1448     1448        5         0
                text68                              8EF      8EF       35         0
                text67                             178B     178B       26         0
                text66                             168B     168B       18         0
                text65                              A22      A22       50         0
                text64                              23B      23B      151         0
                text63                              678      678       D0         0
                text62                              88E      88E       2F         0
                text61                             15B2     15B2       13         0
                text60                             1434     1434        3         0
                text59                             142F     142F        1         0
                text58                              B85      B85       6F         0
                text57                              BF4      BF4       71         0
                text56                              B23      B23       62         0
                text55                              748      748       B4         0
                text54                             1602     1602       16         0
                text53                             152E     152E        F         0
                text52                              A72      A72       55         0
                text51                             154C     154C       10         0
                text50                             155C     155C       10         0
                text49                              833      833       2D         0
                text48                             14B4     14B4        9         0
                text47                             153D     153D        F         0
                text46                             1504     1504        E         0
                text45                              E12      E12       98         0
                text44                             1512     1512        E         0
                text43                             157D     157D       11         0
                text42                             14BD     14BD        A         0
                text41                              F50      F50       B0         0
                text40                             144D     144D        5         0
                text39                             1437     1437        3         0
                text38                             143A     143A        3         0
                text37                               60       60      1DB         0
                text36                              EAA      EAA       A6         0
                text35                             1494     1494        8         0
                text34                             149C     149C        8         0
                text33                              95A      95A       3D         0
                text32                              AC7      AC7       5C         0
                text31                             1430     1430        1         0
                text30                             17D8     17D8       28         0
                text29                             14A4     14A4        8         0
                text28                              D7B      D7B       97         0
                text27                             1618     1618       16         0
                text26                             14AC     14AC        8         0
                text25                             15C5     15C5       13         0
                text24                             17B1     17B1       27         0
                text23                             162E     162E       16         0
                text22                             143D     143D        3         0
                text21                                2        2        2         0
                text20                             172C     172C       1D         0
                text19                             145E     145E        6         0
                text18                             1464     1464        6         0
                text17                             146A     146A        6         0
                text16                             1470     1470        6         0
                text15                             1476     1476        6         0
                text14                              997      997       3E         0
                text13                             147C     147C        6         0
                text12                             14D2     14D2        B         0
                text11                              808      808       2B         0
                text10                             16F3     16F3       1C         0
                text9                              15A0     15A0       12         0
                text8                              15D8     15D8       15         0
                text7                              1520     1520        E         0
                text6                              14DD     14DD        C         0
                text5                              1482     1482        6         0
                text4                              16A3     16A3       1A         0
                text3                               800      800        8         0
                text2                               7FC      7FC        4         0
                text1                              15ED     15ED       15         0
                maintext                            38C      38C      11D         0
                clrtext                            1488     1488        6         0
                inittext                           148E     148E        6         0
                idataBANK2                         16D8     16D8       1B         0
                idataBANK1                         14E9     14E9        D         0

        CLASS   STRCODE        
                stringtext7                        183E     183E        D         0
                stringtext6                        1830     1830        E         0
                stringtext5                        181C     181C       14         0
                stringtext4                        1800     1800       1C         0
                stringtext3                        1000     1000       30         0
                stringtext2                        1850     1850        4         0
                stringtext1                        184B     184B        5         0

        CLASS   STRING         

        CLASS   CONST          

        CLASS   ENTRY          

        CLASS   COMMON         
                cstackCOMMON                         70       70        C         1
                bssCOMMON                            7C       7C        1         1

        CLASS   BANK0          
                cstackBANK0                          20       20       50         1

        CLASS   BANK1          
                cstackBANK1                          C9       C9       13         1
                dataBANK1                            DC       DC        D         1
                bssBANK1                             A0       A0       29         1
                nvBANK1                              E9       E9        7         1

        CLASS   BANK2          
                cstackBANK2                         151      151        3         1
                dataBANK2                           120      120       1B         1
                bssBANK2                            13B      13B       10         1
                nvBANK2                             14B      14B        6         1

        CLASS   BANK3          
                bssBANK3                            1A0      1A0       50         1

        CLASS   BANK4          

        CLASS   BANK5          

        CLASS   BANK6          

        CLASS   BIGRAM         

        CLASS   RAM            

        CLASS   ABS1           
                abs_s1                               7E       7E        2         1

        CLASS   SFR0           

        CLASS   SFR1           

        CLASS   SFR2           

        CLASS   SFR3           

        CLASS   SFR4           

        CLASS   SFR5           

        CLASS   SFR6           

        CLASS   SFR7           

        CLASS   SFR8           

        CLASS   SFR9           

        CLASS   SFR10          

        CLASS   SFR11          

        CLASS   SFR12          

        CLASS   SFR13          

        CLASS   SFR14          

        CLASS   SFR15          

        CLASS   SFR16          

        CLASS   SFR17          

        CLASS   SFR18          

        CLASS   SFR19          

        CLASS   SFR20          

        CLASS   SFR21          

        CLASS   SFR22          

        CLASS   SFR23          

        CLASS   SFR24          

        CLASS   SFR25          

        CLASS   SFR26          

        CLASS   SFR27          

        CLASS   SFR28          

        CLASS   SFR29          

        CLASS   SFR30          

        CLASS   SFR31          

        CLASS   CONFIG         
                config                             8007     8007        2         0

        CLASS   IDLOC          

        CLASS   BANK31         

        CLASS   BANK30         

        CLASS   BANK29         

        CLASS   BANK28         

        CLASS   BANK27         

        CLASS   BANK26         

        CLASS   BANK25         

        CLASS   BANK24         

        CLASS   BANK23         

        CLASS   BANK22         

        CLASS   BANK21         

        CLASS   BANK20         

        CLASS   BANK19         

        CLASS   BANK18         

        CLASS   BANK17         

        CLASS   BANK16         

        CLASS   BANK15         

        CLASS   BANK14         

        CLASS   BANK13         

        CLASS   BANK12         

        CLASS   BANK11         

        CLASS   BANK10         

        CLASS   BANK9          

        CLASS   BANK8          

        CLASS   BANK7          

        CLASS   EEDATA         



SEGMENTS        Name                           Load    Length   Top    Selector   Space  Class     Delta

                reset_vec                      000000  000004  000004         0       0  CODE        2
                intentry                       000004  0007FC  000800         8       0  CODE        2
                cstackBANK0                    000020  000050  000070        20       1  BANK0       1
                cstackCOMMON                   000070  00000D  00007D        70       1  COMMON      1
                bssBANK1                       0000A0  000050  0000F0        A0       1  BANK1       1
                dataBANK2                      000120  000034  000154       120       1  BANK2       1
                bssBANK3                       0001A0  000050  0001F0       1A0       1  BANK3       1
                text3                          000800  000008  000808      1000       0  CODE        2
                text11                         000808  00002B  000833      1010       0  CODE        2
                text49                         000833  00002D  000860      1066       0  CODE        2
                text79                         000860  00002E  00088E      10C0       0  CODE        2
                text62                         00088E  00002F  0008BD      111C       0  CODE        2
                text92                         0008BD  000032  0008EF      117A       0  CODE        2
                text68                         0008EF  000035  000924      11DE       0  CODE        2
                text76                         000924  000036  00095A      1248       0  CODE        2
                text33                         00095A  00003D  000997      12B4       0  CODE        2
                text14                         000997  00003E  0009D5      132E       0  CODE        2
                text81                         0009D5  00004D  000A22      13AA       0  CODE        2
                text65                         000A22  000050  000A72      1444       0  CODE        2
                text52                         000A72  000055  000AC7      14E4       0  CODE        2
                text32                         000AC7  00005C  000B23      158E       0  CODE        2
                text56                         000B23  000062  000B85      1646       0  CODE        2
                text58                         000B85  00006F  000BF4      170A       0  CODE        2
                text57                         000BF4  000071  000C65      17E8       0  CODE        2
                text84                         000C65  000087  000CEC      18CA       0  CODE        2
                text78                         000CEC  00008F  000D7B      19D8       0  CODE        2
                text28                         000D7B  000097  000E12      1AF6       0  CODE        2
                text45                         000E12  000098  000EAA      1C24       0  CODE        2
                text36                         000EAA  0000A6  000F50      1D54       0  CODE        2
                text41                         000F50  0000B0  001000      1EA0       0  CODE        2
                stringtext3                    001000  000030  001030      2000       0  STRCODE     2
                text94                         00142D  000001  00142E      285A       0  CODE        2
                text90                         00142E  000001  00142F      285C       0  CODE        2
                text59                         00142F  000001  001430      285E       0  CODE        2
                text31                         001430  000001  001431      2860       0  CODE        2
                text95                         001431  000003  001434      2862       0  CODE        2
                text60                         001434  000003  001437      2868       0  CODE        2
                text39                         001437  000003  00143A      286E       0  CODE        2
                text38                         00143A  000003  00143D      2874       0  CODE        2
                text22                         00143D  000003  001440      287A       0  CODE        2
                text93                         001440  000004  001444      2880       0  CODE        2
                text88                         001444  000004  001448      2888       0  CODE        2
                text69                         001448  000005  00144D      2890       0  CODE        2
                text40                         00144D  000005  001452      289A       0  CODE        2
                text86                         001452  000006  001458      28A4       0  CODE        2
                text85                         001458  000006  00145E      28B0       0  CODE        2
                text19                         00145E  000006  001464      28BC       0  CODE        2
                text18                         001464  000006  00146A      28C8       0  CODE        2
                text17                         00146A  000006  001470      28D4       0  CODE        2
                text16                         001470  000006  001476      28E0       0  CODE        2
                text15                         001476  000006  00147C      28EC       0  CODE        2
                text13                         00147C  000006  001482      28F8       0  CODE        2
                text5                          001482  000006  001488      2904       0  CODE        2
                clrtext                        001488  000006  00148E      2910       0  CODE        2
                inittext                       00148E  000006  001494      291C       0  CODE        2
                text35                         001494  000008  00149C      2928       0  CODE        2
                text34                         00149C  000008  0014A4      2938       0  CODE        2
                text29                         0014A4  000008  0014AC      2948       0  CODE        2
                text26                         0014AC  000008  0014B4      2958       0  CODE        2
                text48                         0014B4  000009  0014BD      2968       0  CODE        2
                text42                         0014BD  00000A  0014C7      297A       0  CODE        2
                text89                         0014C7  00000B  0014D2      298E       0  CODE        2
                text12                         0014D2  00000B  0014DD      29A4       0  CODE        2
                text6                          0014DD  00000C  0014E9      29BA       0  CODE        2
                idataBANK1                     0014E9  00000D  0014F6      29D2       0  CODE        2
                text80                         0014F6  00000E  001504      29EC       0  CODE        2
                text46                         001504  00000E  001512      2A08       0  CODE        2
                text44                         001512  00000E  001520      2A24       0  CODE        2
                text7                          001520  00000E  00152E      2A40       0  CODE        2
                text53                         00152E  00000F  00153D      2A5C       0  CODE        2
                text47                         00153D  00000F  00154C      2A7A       0  CODE        2
                text51                         00154C  000010  00155C      2A98       0  CODE        2
                text50                         00155C  000010  00156C      2AB8       0  CODE        2
                text83                         00156C  000011  00157D      2AD8       0  CODE        2
                text43                         00157D  000011  00158E      2AFA       0  CODE        2
                text77                         00158E  000012  0015A0      2B1C       0  CODE        2
                text9                          0015A0  000012  0015B2      2B40       0  CODE        2
                text61                         0015B2  000013  0015C5      2B64       0  CODE        2
                text25                         0015C5  000013  0015D8      2B8A       0  CODE        2
                text8                          0015D8  000015  0015ED      2BB0       0  CODE        2
                text1                          0015ED  000015  001602      2BDA       0  CODE        2
                text54                         001602  000016  001618      2C04       0  CODE        2
                text27                         001618  000016  00162E      2C30       0  CODE        2
                text23                         00162E  000016  001644      2C5C       0  CODE        2
                text71                         001644  000017  00165B      2C88       0  CODE        2
                text96                         00165B  000018  001673      2CB6       0  CODE        2
                text82                         001673  000018  00168B      2CE6       0  CODE        2
                text66                         00168B  000018  0016A3      2D16       0  CODE        2
                text4                          0016A3  00001A  0016BD      2D46       0  CODE        2
                text75                         0016BD  00001B  0016D8      2D7A       0  CODE        2
                idataBANK2                     0016D8  00001B  0016F3      2DB0       0  CODE        2
                text10                         0016F3  00001C  00170F      2DE6       0  CODE        2
                text91                         00170F  00001D  00172C      2E1E       0  CODE        2
                text20                         00172C  00001D  001749      2E58       0  CODE        2
                text74                         001749  00001E  001767      2E92       0  CODE        2
                text70                         001767  000024  00178B      2ECE       0  CODE        2
                text67                         00178B  000026  0017B1      2F16       0  CODE        2
                text24                         0017B1  000027  0017D8      2F62       0  CODE        2
                text30                         0017D8  000028  001800      2FB0       0  CODE        2
                stringtext4                    001800  000054  001854      3000       0  STRCODE     2
                config                         008007  000002  008009     1000E       0  CONFIG      2


UNUSED ADDRESS RANGES

        Name                Unused          Largest block    Delta
        BANK2            00154-0016F              1C           1
        BANK4            00220-0026F              50           1
        BANK5            002A0-002EF              50           1
        BANK6            00320-0032F              10           1
        BIGRAM           02000-021EF             1F0           1
        CODE             01030-0142C             3FD           2
                         01854-01FFF             7AC
        COMMON           0007D-0007D               1           1
        CONST            01030-0142C             100           2
                         01854-01FFF             100
        ENTRY            01030-0142C             100           2
                         01854-01FFF             100
        IDLOC            08000-08003               4           2
        RAM              00154-0016F              1C           1
                         00220-0026F              50
                         002A0-002EF              50
                         00320-0032F              10
        SFR0             00000-0001F              20           1
        SFR1             00080-0009F              20           1
        SFR10            00500-0056F              70           1
        SFR11            00580-005EF              70           1
        SFR12            00600-0066F              70           1
        SFR13            00680-006EF              70           1
        SFR14            00700-0076F              70           1
        SFR15            00780-007EF              70           1
        SFR16            00800-0086F              70           1
        SFR17            00880-008EF              70           1
        SFR18            00900-0096F              70           1
        SFR19            00980-009EF              70           1
        SFR2             00100-0011F              20           1
        SFR20            00A00-00A6F              70           1
        SFR21            00A80-00AEF              70           1
        SFR22            00B00-00B6F              70           1
        SFR23            00B80-00BEF              70           1
        SFR24            00C00-00C6F              70           1
        SFR25            00C80-00CEF              70           1
        SFR26            00D00-00D6F              70           1
        SFR27            00D80-00DEF              70           1
        SFR28            00E00-00E6F              70           1
        SFR29            00E80-00EEF              70           1
        SFR3             00180-0019F              20           1
        SFR30            00F00-00F6F              70           1
        SFR31            00F80-00FEF              70           1
        SFR4             00200-0021F              20           1
        SFR5             00280-0029F              20           1
        SFR6             00300-0031F              20           1
        SFR7             00380-003EF              70           1
        SFR8             00400-0046F              70           1
        SFR9             00480-004EF              70           1
        STACK            02140-021EF              B0           1
        STRCODE          01030-0142C             3FD           2
                         01854-01FFF             7AC
        STRING           01030-0142C             100           2
                         01854-01FFF             100

                                  Symbol Table

?_MTOUCH_Sensor_RawSample_Get                         cstackCOMMON 00075
?___aodiv                                             cstackBANK0  00020
?___aomod                                             cstackBANK0  00020
?_abs                                                 cstackCOMMON 00074
?_dtoa                                                cstackBANK0  00031
?_pad                                                 cstackBANK0  00028
?_printf                                              cstackBANK0  00067
?_strlen                                              cstackCOMMON 00071
?_vfpfcnvrt                                           cstackBANK0  0004F
?_vfprintf                                            cstackBANK0  0005F
Button_Baseline_Initialize@button                     cstackCOMMON 00079
Button_Baseline_Update@button                         cstackCOMMON 00077
Button_Deviation_Update@button                        cstackBANK0  00020
Button_Deviation_Update@deviation                     cstackBANK0  00021
Button_Reading_Update@button                          cstackBANK0  00020
Button_Reading_Update_Helper@button                   cstackCOMMON 0007B
Button_Service@button                                 cstackBANK1  000D9
Button_Service@name                                   cstackBANK1  000D8
Button_State_Initializing@button                      cstackBANK1  000D1
Button_State_NotPressed@button                        cstackBANK1  000D1
Button_State_Pressed@button                           cstackBANK1  000D1
Button_Tick_helper@button                             cstackCOMMON 00073
EUSART_SetErrorHandler@interruptHandler               cstackCOMMON 00071
EUSART_SetFramingErrorHandler@interruptHandler        cstackCOMMON 00071
EUSART_SetOverrunErrorHandler@interruptHandler        cstackCOMMON 00071
EUSART_SetRxInterruptHandler@interruptHandler         cstackCOMMON 00071
EUSART_SetTxInterruptHandler@interruptHandler         cstackCOMMON 00071
EUSART_Write@txData                                   cstackCOMMON 00072
INT_SetInterruptHandler@InterruptHandler              cstackCOMMON 00071
MTOUCH_Button_Buttonmask_Get@i                        cstackCOMMON 00076
MTOUCH_Button_Buttonmask_Get@output                   cstackCOMMON 00075
MTOUCH_Button_Initialize@button                       cstackCOMMON 0007A
MTOUCH_Button_Initialize@name                         cstackCOMMON 00079
MTOUCH_Button_InitializeAll@button                    cstackBANK0  00020
MTOUCH_Button_ServiceAll@button                       cstackBANK1  000DB
MTOUCH_Button_SetNotPressedCallback@callback          cstackCOMMON 00071
MTOUCH_Button_SetPressedCallback@callback             cstackCOMMON 00071
MTOUCH_Button_Tick@i                                  cstackCOMMON 00075
MTOUCH_Button_isPressed@name                          cstackCOMMON 00072
MTOUCH_Sensor_Calibrate@sensor                        cstackCOMMON 00076
MTOUCH_Sensor_Enable@sensor                           cstackCOMMON 00076
MTOUCH_Sensor_Initialize@sensor                       cstackCOMMON 00078
MTOUCH_Sensor_InitializeAll@sensor                    cstackCOMMON 0007A
MTOUCH_Sensor_RawSample_Get@name                      cstackCOMMON 00078
MTOUCH_Sensor_SampleAll@group                         cstackBANK0  0005A
MTOUCH_Sensor_Sampled_ResetAll@sensor                 cstackCOMMON 00073
MTOUCH_Sensor_isCalibrated@sensor                     cstackCOMMON 00076
MTOUCH_Sensor_wasSampled@sensor                       cstackCOMMON 00076
Sensor_Acq_ExecutePacket@AD1CON2_temp                 cstackBANK0  00035
Sensor_Acq_ExecutePacket@AD2CON2_temp                 cstackBANK0  00036
Sensor_Acq_ExecutePacket@ADCOMCON_temp                cstackBANK0  00034
Sensor_Acq_ExecutePacket@ADxIF_flag                   cstackBANK0  00039
Sensor_Acq_ExecutePacket@activeSensor                 cstackBANK0  0003A
Sensor_Acq_ExecutePacket@last_a                       cstackBANK0  0003B
Sensor_Acq_ExecutePacket@last_b                       cstackBANK0  0003D
Sensor_Acq_ExecutePacket@packet_counter               cstackBANK0  0003F
Sensor_Acq_ExecutePacket@sensor1ForceEnabled          cstackBANK0  00037
Sensor_Acq_ExecutePacket@sensor2ForceEnabled          cstackBANK0  00038
Sensor_Acq_ExecutePacket@sensor_adc1                  cstackBANK0  00040
Sensor_Acq_ExecutePacket@sensor_adc2                  cstackBANK0  00032
Sensor_Acquisition@retry                              cstackBANK0  00050
Sensor_Acquisition@sensor_adc1                        cstackBANK0  00051
Sensor_Acquisition@sensor_adc2                        cstackBANK0  0004E
Sensor_DefaultCallback@sensor                         cstackCOMMON 00071
Sensor_RawSample_Update@adcIndex                      cstackCOMMON 00076
Sensor_RawSample_Update@sensor                        cstackCOMMON 00077
Sensor_Sampled_Reset@sensor                           cstackCOMMON 00071
Sensor_Scanfrequency_Evaluation@best_packet_sample    cstackBANK0  00049
Sensor_Scanfrequency_Evaluation@best_sample_period    cstackBANK0  00047
Sensor_Scanfrequency_Evaluation@frequency_hop         stringtext1  0184B
Sensor_Scanfrequency_Evaluation@i                     cstackBANK0  0004D
Sensor_Scanfrequency_Evaluation@packet_noise_Max      cstackBANK0  00045
Sensor_Scanfrequency_Evaluation@retry                 cstackBANK0  00048
Sensor_Scanfrequency_Evaluation@sensor_adc1           cstackBANK0  00044
Sensor_Scanfrequency_Evaluation@sensor_adc2           cstackBANK0  00041
Sensor_Service@error                                  cstackBANK0  00056
Sensor_Service@scanGroup                              cstackBANK0  00055
Sensor_Service@sensor_adc1                            cstackBANK0  00057
Sensor_Service@sensor_adc2                            cstackBANK0  00058
Sensor_autoCalibration@adcIndex                       cstackBANK0  00030
Sensor_autoCalibration@sensor                         cstackBANK0  00031
Sensor_getScanGroupIndex@sensor                       cstackCOMMON 00073
Sensor_getScanGroupIndex@sensorGroup                  cstackCOMMON 00074
Sensor_isActive@sensor                                cstackCOMMON 00071
Sensor_isCalibrated@sensor                            cstackCOMMON 00071
Sensor_isCalibratingAcqTime@sensor                    cstackCOMMON 00071
Sensor_isEnabled@sensor                               cstackCOMMON 00072
Sensor_loadADCSettings@adc_index                      cstackCOMMON 00072
Sensor_loadADCSettings@addressOffset                  cstackCOMMON 00078
Sensor_loadADCSettings@sensor                         cstackCOMMON 00079
Sensor_postAcquisitionProcess@adcIndex                cstackBANK0  00030
Sensor_postAcquisitionProcess@deviation               cstackBANK0  00031
Sensor_postAcquisitionProcess@sensor                  cstackBANK0  00033
Sensor_setActive@sensor                               cstackCOMMON 00071
Sensor_setCalibratAcqTime@sensor                      cstackCOMMON 00071
Sensor_setCalibrated@sensor                           cstackCOMMON 00071
Sensor_setInactive@sensor                             cstackCOMMON 00071
Sensor_setSampled@sensor                              cstackCOMMON 00071
TMR2_LoadPeriodRegister@periodVal                     cstackCOMMON 00071
_AAD1CAP                                              (abs)        00719
_AAD1CON2                                             (abs)        00713
_AAD1CON3                                             (abs)        00714
_AAD1GRD                                              (abs)        00718
_AAD1RES0                                             (abs)        0071A
_AAD2CON3                                             (abs)        00794
_AAD2GRD                                              (abs)        00798
_AAD2RES0                                             (abs)        0079A
_AD1ACQCON                                            (abs)        00717
_AD1CON0                                              (abs)        00711
_AD1CON0bits                                          (abs)        00711
_AD1CON2                                              (abs)        00713
_AD1CON3                                              (abs)        00714
_AD1PRECON                                            (abs)        00716
_AD2ACQCON                                            (abs)        00797
_AD2CON0                                              (abs)        00791
_AD2CON0bits                                          (abs)        00791
_AD2CON2                                              (abs)        00793
_AD2CON3                                              (abs)        00794
_AD2PRECON                                            (abs)        00796
_ADCOMCON                                             (abs)        00712
_ANSELA                                               (abs)        0018C
_ANSELB                                               (abs)        0018D
_ANSELC                                               (abs)        0018E
_APFCON                                               (abs)        0011D
_APFCONbits                                           (abs)        0011D
_BAUDCON                                              (abs)        0019F
_BORCON                                               (abs)        00116
_Button_Baseline_Initialize                           text79       00860
_Button_Baseline_Update                               text78       00CEC
_Button_DefaultCallback                               text59       0142F
_Button_Deviation_Update                              text84       00C65
_Button_Reading_Update                                text80       014F6
_Button_Reading_Update_Helper                         text81       009D5
_Button_Service                                       text52       00A72
_Button_StateMachine                                  dataBANK1    000DC
_Button_State_Initializing                            text56       00B23
_Button_State_NotPressed                              text55       00748
_Button_State_Pressed                                 text57       00BF4
_Button_Tick_helper                                   text24       017B1
_EUSART_DefaultErrorHandler                           text95       01431
_EUSART_DefaultFramingErrorHandler                    text94       0142D
_EUSART_DefaultOverrunErrorHandler                    text93       01440
_EUSART_ErrorHandler                                  nvBANK2      0014B
_EUSART_FramingErrorHandler                           nvBANK2      0014F
_EUSART_Initialize                                    text14       00997
_EUSART_OverrunErrorHandler                           nvBANK2      0014D
_EUSART_Receive_ISR                                   text92       008BD
_EUSART_RxDataHandler                                 text96       0165B
_EUSART_RxDefaultInterruptHandler                     nvBANK1      000EB
_EUSART_SetErrorHandler                               text19       0145E
_EUSART_SetFramingErrorHandler                        text18       01464
_EUSART_SetOverrunErrorHandler                        text17       0146A
_EUSART_SetRxInterruptHandler                         text16       01470
_EUSART_SetTxInterruptHandler                         text15       01476
_EUSART_Transmit_ISR                                  text91       0170F
_EUSART_TxDefaultInterruptHandler                     nvBANK1      000ED
_EUSART_Write                                         text70       01767
_EXT_INT_Initialize                                   text12       014D2
_GIE                                                  (abs)        0005F
_INTCONbits                                           (abs)        0000B
_INTERRUPT_InterruptManager                           intentry     00004
_INT_CallBack                                         text89       014C7
_INT_DefaultInterruptHandler                          text90       0142E
_INT_ISR                                              text88       01444
_INT_InterruptHandler                                 nvBANK1      000E9
_INT_SetInterruptHandler                              text13       0147C
_LATA                                                 (abs)        0010C
_LATB                                                 (abs)        0010D
_LATC                                                 (abs)        0010E
_MTOUCH_Button_Buttonmask_Get                         text74       01749
_MTOUCH_Button_Initialize                             text76       00924
_MTOUCH_Button_InitializeAll                          text10       016F3
_MTOUCH_Button_ServiceAll                             text51       0154C
_MTOUCH_Button_SetNotPressedCallback                  text86       01452
_MTOUCH_Button_SetPressedCallback                     text85       01458
_MTOUCH_Button_Tick                                   text23       0162E
_MTOUCH_Button_isPressed                              text75       016BD
_MTOUCH_Initialize                                    text6        014DD
_MTOUCH_Sensor_Calibrate                              text77       0158E
_MTOUCH_Sensor_Enable                                 text9        015A0
_MTOUCH_Sensor_Initialize                             text8        015D8
_MTOUCH_Sensor_InitializeAll                          text7        01520
_MTOUCH_Sensor_RawSample_Get                          text82       01673
_MTOUCH_Sensor_SampleAll                              text27       01618
_MTOUCH_Sensor_Sampled_ResetAll                       text25       015C5
_MTOUCH_Sensor_Scan_Initialize                        text50       0155C
_MTOUCH_Sensor_isCalibrated                           text54       01602
_MTOUCH_Sensor_wasSampled                             text53       0152E
_MTOUCH_Service_Mainloop                              text20       0172C
_MTOUCH_Tick                                          text22       0143D
_MTOUCH_needReburst                                   text21       00002
_OPTION_REGbits                                       (abs)        00095
_OSCCON                                               (abs)        00099
_OSCILLATOR_Initialize                                text5        01482
_PIE1bits                                             (abs)        00091
_PIN_MANAGER_Initialize                               text4        016A3
_PIR1bits                                             (abs)        00011
_PIR2bits                                             (abs)        00012
_PR2                                                  (abs)        0001B
_RCREG                                                (abs)        00199
_RCSTA                                                (abs)        0019D
_RCSTAbits                                            (abs)        0019D
_SPBRGH                                               (abs)        0019C
_SPBRGL                                               (abs)        0019B
_SYSTEM_Initialize                                    text1        015ED
_Sensor_Acq_ExecutePacket                             text37       00060
_Sensor_Acquisition                                   text32       00AC7
_Sensor_DefaultCallback                               text31       01430
_Sensor_RawSample_Update                              text30       017D8
_Sensor_Sampled_Reset                                 text26       014AC
_Sensor_Scanfrequency_Evaluation                      text36       00EAA
_Sensor_Service                                       text28       00D7B
_Sensor_autoCalibration                               text45       00E12
_Sensor_getScanGroupIndex                             text49       00833
_Sensor_isActive                                      text44       01512
_Sensor_isCalibrated                                  text42       014BD
_Sensor_isCalibratingAcqTime                          text48       014B4
_Sensor_isEnabled                                     text43       0157D
_Sensor_loadADCSettings                               text41       00F50
_Sensor_loadADCSettings$562                           cstackCOMMON 00076
_Sensor_postAcquisitionProcess                        text33       0095A
_Sensor_setActive                                     text35       01494
_Sensor_setCalibratAcqTime                            text47       0153D
_Sensor_setCalibrated                                 text46       01504
_Sensor_setInactive                                   text34       0149C
_Sensor_setSampled                                    text29       014A4
_T2CON                                                (abs)        0001C
_T2CONbits                                            (abs)        0001C
_TMR2                                                 (abs)        0001A
_TMR2_Initialize                                      text3        00800
_TMR2_LoadPeriodRegister                              text40       0144D
_TMR2_StartTimer                                      text39       01437
_TMR2_StopTimer                                       text38       0143A
_TRISA                                                (abs)        0008C
_TRISB                                                (abs)        0008D
_TRISC                                                (abs)        0008E
_TXREG                                                (abs)        0019A
_TXSTA                                                (abs)        0019E
_TXSTAbits                                            (abs)        0019E
_WDTCON                                               (abs)        00097
_WDT_Initialize                                       text2        007FC
_WPUA                                                 (abs)        0020C
_WPUB                                                 (abs)        0020D
__CFG_BOREN$NSLEEP                                    (abs)        00000
__CFG_BORV$LO                                         (abs)        00000
__CFG_CLKOUTEN$OFF                                    (abs)        00000
__CFG_CP$OFF                                          (abs)        00000
__CFG_FOSC$INTOSC                                     (abs)        00000
__CFG_LPBOR$OFF                                       (abs)        00000
__CFG_LVP$ON                                          (abs)        00000
__CFG_MCLRE$ON                                        (abs)        00000
__CFG_PWRTE$OFF                                       (abs)        00000
__CFG_STVREN$ON                                       (abs)        00000
__CFG_WDTE$SWDTEN                                     (abs)        00000
__CFG_WRT$OFF                                         (abs)        00000
__Habs1                                               abs1         00000
__Hbank0                                              bank0        00000
__Hbank1                                              bank1        00000
__Hbank10                                             bank10       00000
__Hbank11                                             bank11       00000
__Hbank12                                             bank12       00000
__Hbank13                                             bank13       00000
__Hbank14                                             bank14       00000
__Hbank15                                             bank15       00000
__Hbank16                                             bank16       00000
__Hbank17                                             bank17       00000
__Hbank18                                             bank18       00000
__Hbank19                                             bank19       00000
__Hbank2                                              bank2        00000
__Hbank20                                             bank20       00000
__Hbank21                                             bank21       00000
__Hbank22                                             bank22       00000
__Hbank23                                             bank23       00000
__Hbank24                                             bank24       00000
__Hbank25                                             bank25       00000
__Hbank26                                             bank26       00000
__Hbank27                                             bank27       00000
__Hbank28                                             bank28       00000
__Hbank29                                             bank29       00000
__Hbank3                                              bank3        00000
__Hbank30                                             bank30       00000
__Hbank31                                             bank31       00000
__Hbank4                                              bank4        00000
__Hbank5                                              bank5        00000
__Hbank6                                              bank6        00000
__Hbank7                                              bank7        00000
__Hbank8                                              bank8        00000
__Hbank9                                              bank9        00000
__Hbigram                                             bigram       00000
__HbssBANK1                                           bssBANK1     00000
__HbssBANK2                                           bssBANK2     00000
__HbssBANK3                                           bssBANK3     00000
__HbssCOMMON                                          bssCOMMON    00000
__Hcinit                                              cinit        00060
__Hclrtext                                            clrtext      00000
__Hcode                                               code         00000
__Hcommon                                             common       00000
__Hconfig                                             config       08009
__HcstackBANK0                                        cstackBANK0  00000
__HcstackBANK1                                        cstackBANK1  00000
__HcstackBANK2                                        cstackBANK2  00000
__HcstackCOMMON                                       cstackCOMMON 00000
__HdataBANK1                                          dataBANK1    00000
__HdataBANK2                                          dataBANK2    00000
__Heeprom_data                                        eeprom_data  00000
__Hend_init                                           end_init     0002C
__Hfunctab                                            functab      00000
__HidataBANK1                                         idataBANK1   00000
__HidataBANK2                                         idataBANK2   00000
__Hidloc                                              idloc        00000
__Hinit                                               init         0002A
__Hinittext                                           inittext     00000
__Hintentry                                           intentry     0002A
__Hmaintext                                           maintext     00000
__HnvBANK1                                            nvBANK1      00000
__HnvBANK2                                            nvBANK2      00000
__Hpowerup                                            powerup      00000
__Hram                                                ram          00000
__Hreset_vec                                          reset_vec    00002
__Hsfr0                                               sfr0         00000
__Hsfr1                                               sfr1         00000
__Hsfr10                                              sfr10        00000
__Hsfr11                                              sfr11        00000
__Hsfr12                                              sfr12        00000
__Hsfr13                                              sfr13        00000
__Hsfr14                                              sfr14        00000
__Hsfr15                                              sfr15        00000
__Hsfr16                                              sfr16        00000
__Hsfr17                                              sfr17        00000
__Hsfr18                                              sfr18        00000
__Hsfr19                                              sfr19        00000
__Hsfr2                                               sfr2         00000
__Hsfr20                                              sfr20        00000
__Hsfr21                                              sfr21        00000
__Hsfr22                                              sfr22        00000
__Hsfr23                                              sfr23        00000
__Hsfr24                                              sfr24        00000
__Hsfr25                                              sfr25        00000
__Hsfr26                                              sfr26        00000
__Hsfr27                                              sfr27        00000
__Hsfr28                                              sfr28        00000
__Hsfr29                                              sfr29        00000
__Hsfr3                                               sfr3         00000
__Hsfr30                                              sfr30        00000
__Hsfr31                                              sfr31        00000
__Hsfr4                                               sfr4         00000
__Hsfr5                                               sfr5         00000
__Hsfr6                                               sfr6         00000
__Hsfr7                                               sfr7         00000
__Hsfr8                                               sfr8         00000
__Hsfr9                                               sfr9         00000
__Hspace_0                                            (abs)        08009
__Hspace_1                                            (abs)        001F0
__Hspace_2                                            (abs)        00000
__Hspace_3                                            (abs)        00000
__Hstack                                              stack        00000
__Hstrings                                            strings      00000
__Hstringtext1                                        stringtext1  00000
__Hstringtext2                                        stringtext2  00000
__Hstringtext3                                        stringtext3  00000
__Hstringtext4                                        stringtext4  00000
__Hstringtext5                                        stringtext5  00000
__Hstringtext6                                        stringtext6  00000
__Hstringtext7                                        stringtext7  00000
__Hstringtext8                                        stringtext8  00000
__Htext                                               text         00000
__Labs1                                               abs1         00000
__Lbank0                                              bank0        00000
__Lbank1                                              bank1        00000
__Lbank10                                             bank10       00000
__Lbank11                                             bank11       00000
__Lbank12                                             bank12       00000
__Lbank13                                             bank13       00000
__Lbank14                                             bank14       00000
__Lbank15                                             bank15       00000
__Lbank16                                             bank16       00000
__Lbank17                                             bank17       00000
__Lbank18                                             bank18       00000
__Lbank19                                             bank19       00000
__Lbank2                                              bank2        00000
__Lbank20                                             bank20       00000
__Lbank21                                             bank21       00000
__Lbank22                                             bank22       00000
__Lbank23                                             bank23       00000
__Lbank24                                             bank24       00000
__Lbank25                                             bank25       00000
__Lbank26                                             bank26       00000
__Lbank27                                             bank27       00000
__Lbank28                                             bank28       00000
__Lbank29                                             bank29       00000
__Lbank3                                              bank3        00000
__Lbank30                                             bank30       00000
__Lbank31                                             bank31       00000
__Lbank4                                              bank4        00000
__Lbank5                                              bank5        00000
__Lbank6                                              bank6        00000
__Lbank7                                              bank7        00000
__Lbank8                                              bank8        00000
__Lbank9                                              bank9        00000
__Lbigram                                             bigram       00000
__LbssBANK1                                           bssBANK1     00000
__LbssBANK2                                           bssBANK2     00000
__LbssBANK3                                           bssBANK3     00000
__LbssCOMMON                                          bssCOMMON    00000
__Lcinit                                              cinit        0002C
__Lclrtext                                            clrtext      00000
__Lcode                                               code         00000
__Lcommon                                             common       00000
__Lconfig                                             config       08007
__LcstackBANK0                                        cstackBANK0  00000
__LcstackBANK1                                        cstackBANK1  00000
__LcstackBANK2                                        cstackBANK2  00000
__LcstackCOMMON                                       cstackCOMMON 00000
__LdataBANK1                                          dataBANK1    00000
__LdataBANK2                                          dataBANK2    00000
__Leeprom_data                                        eeprom_data  00000
__Lend_init                                           end_init     0002A
__Lfunctab                                            functab      00000
__LidataBANK1                                         idataBANK1   00000
__LidataBANK2                                         idataBANK2   00000
__Lidloc                                              idloc        00000
__Linit                                               init         0002A
__Linittext                                           inittext     00000
__Lintentry                                           intentry     00004
__Lmaintext                                           maintext     00000
__LnvBANK1                                            nvBANK1      00000
__LnvBANK2                                            nvBANK2      00000
__Lpowerup                                            powerup      00000
__Lram                                                ram          00000
__Lreset_vec                                          reset_vec    00000
__Lsfr0                                               sfr0         00000
__Lsfr1                                               sfr1         00000
__Lsfr10                                              sfr10        00000
__Lsfr11                                              sfr11        00000
__Lsfr12                                              sfr12        00000
__Lsfr13                                              sfr13        00000
__Lsfr14                                              sfr14        00000
__Lsfr15                                              sfr15        00000
__Lsfr16                                              sfr16        00000
__Lsfr17                                              sfr17        00000
__Lsfr18                                              sfr18        00000
__Lsfr19                                              sfr19        00000
__Lsfr2                                               sfr2         00000
__Lsfr20                                              sfr20        00000
__Lsfr21                                              sfr21        00000
__Lsfr22                                              sfr22        00000
__Lsfr23                                              sfr23        00000
__Lsfr24                                              sfr24        00000
__Lsfr25                                              sfr25        00000
__Lsfr26                                              sfr26        00000
__Lsfr27                                              sfr27        00000
__Lsfr28                                              sfr28        00000
__Lsfr29                                              sfr29        00000
__Lsfr3                                               sfr3         00000
__Lsfr30                                              sfr30        00000
__Lsfr31                                              sfr31        00000
__Lsfr4                                               sfr4         00000
__Lsfr5                                               sfr5         00000
__Lsfr6                                               sfr6         00000
__Lsfr7                                               sfr7         00000
__Lsfr8                                               sfr8         00000
__Lsfr9                                               sfr9         00000
__Lspace_0                                            (abs)        00000
__Lspace_1                                            (abs)        00000
__Lspace_2                                            (abs)        00000
__Lspace_3                                            (abs)        00000
__Lstack                                              stack        00000
__Lstrings                                            strings      00000
__Lstringtext1                                        stringtext1  00000
__Lstringtext2                                        stringtext2  00000
__Lstringtext3                                        stringtext3  00000
__Lstringtext4                                        stringtext4  00000
__Lstringtext5                                        stringtext5  00000
__Lstringtext6                                        stringtext6  00000
__Lstringtext7                                        stringtext7  00000
__Lstringtext8                                        stringtext8  00000
__Ltext                                               text         00000
__S0                                                  (abs)        08009
__S1                                                  (abs)        001F0
__S2                                                  (abs)        00000
___aodiv                                              text73       004A9
___aodiv@counter                                      cstackCOMMON 00072
___aodiv@dividend                                     cstackBANK0  00028
___aodiv@divisor                                      cstackBANK0  00020
___aodiv@quotient                                     cstackCOMMON 00074
___aodiv@sign                                         cstackCOMMON 00073
___aomod                                              text72       0059C
___aomod@counter                                      cstackCOMMON 00072
___aomod@dividend                                     cstackBANK0  00028
___aomod@divisor                                      cstackBANK0  00020
___aomod@sign                                         cstackCOMMON 00073
___bmul                                               text83       0156C
___bmul@multiplicand                                  cstackCOMMON 00071
___bmul@multiplier                                    cstackCOMMON 00074
___bmul@product                                       cstackCOMMON 00073
___int_sp                                             stack        00000
___latbits                                            (abs)        00002
___sp                                                 stack        00000
___stackhi                                            (abs)        021EF
___stacklo                                            (abs)        02140
__end_ofSensor_Scanfrequency_Evaluation@frequency_hop stringtext1  01850
__end_of_Button_Baseline_Initialize                   text79       0088E
__end_of_Button_Baseline_Update                       text78       00D7B
__end_of_Button_DefaultCallback                       text59       01430
__end_of_Button_Deviation_Update                      text84       00CEC
__end_of_Button_Reading_Update                        text80       01504
__end_of_Button_Reading_Update_Helper                 text81       00A22
__end_of_Button_Service                               text52       00AC7
__end_of_Button_State_Initializing                    text56       00B85
__end_of_Button_State_NotPressed                      text55       007FC
__end_of_Button_State_Pressed                         text57       00C65
__end_of_Button_Tick_helper                           text24       017D8
__end_of_EUSART_DefaultErrorHandler                   text95       01434
__end_of_EUSART_DefaultFramingErrorHandler            text94       0142E
__end_of_EUSART_DefaultOverrunErrorHandler            text93       01444
__end_of_EUSART_Initialize                            text14       009D5
__end_of_EUSART_Receive_ISR                           text92       008EF
__end_of_EUSART_RxDataHandler                         text96       01673
__end_of_EUSART_SetErrorHandler                       text19       01464
__end_of_EUSART_SetFramingErrorHandler                text18       0146A
__end_of_EUSART_SetOverrunErrorHandler                text17       01470
__end_of_EUSART_SetRxInterruptHandler                 text16       01476
__end_of_EUSART_SetTxInterruptHandler                 text15       0147C
[...]
      Locals:         0       0       0       0       0       0       0       0
      Temps:          0       0       0       0       0       0       0       0
      Totals:         2       0       0       0       0       0       0       0
Total ram usage:        2 bytes
 Hardware stack levels used:    1
 Hardware stack levels required when called:    4
 This function calls:
		Nothing
 This function is called by:
		_main
 This function uses a non-reentrant model


 *************** function _INTERRUPT_InterruptManager *****************
 Defined at:
		line 52 in file "mcc_generated_files/interrupt_manager.c"
 Parameters:    Size  Location     Type
		None
 Auto vars:     Size  Location     Type
		None
 Return value:  Size  Location     Type
                  1    wreg      void 
 Registers used:
		wreg, fsr1l, fsr1h, status,2, status,0, pclath, cstack
 Tracked objects:
		On entry : 
		On exit  : 
		Unchanged: 
 Data sizes:     COMMON   BANK0   BANK1   BANK2   BANK3   BANK4   BANK5   BANK6
      Params:         0       0       0       0       0       0       0       0
      Locals:         0       0       0       0       0       0       0       0
      Temps:          0       0       0       0       0       0       0       0
      Totals:         0       0       0       0       0       0       0       0
Total ram usage:        0 bytes
 Hardware stack levels used:    1
 Hardware stack levels required when called:    3
 This function calls:
		Absolute function
		_EUSART_Receive_ISR
		_EUSART_Transmit_ISR
		_INT_ISR
 This function is called by:
		Interrupt level 1
 This function uses a non-reentrant model


 *************** function _INT_ISR *****************
 Defined at:
		line 32 in file "mcc_generated_files/ext_int.c"
 Parameters:    Size  Location     Type
		None
 Auto vars:     Size  Location     Type
		None
 Return value:  Size  Location     Type
                  1    wreg      void 
 Registers used:
		wreg, status,2, status,0, pclath, cstack
 Tracked objects:
		On entry : 
		On exit  : 
		Unchanged: 
 Data sizes:     COMMON   BANK0   BANK1   BANK2   BANK3   BANK4   BANK5   BANK6
      Params:         0       0       0       0       0       0       0       0
      Locals:         0       0       0       0       0       0       0       0
      Temps:          0       0       0       0       0       0       0       0
      Totals:         0       0       0       0       0       0       0       0
Total ram usage:        0 bytes
 Hardware stack levels used:    1
 Hardware stack levels required when called:    2
 This function calls:
		_INT_CallBack
 This function is called by:
		_INTERRUPT_InterruptManager
 This function uses a non-reentrant model


 *************** function _INT_CallBack *****************
 Defined at:
		line 41 in file "mcc_generated_files/ext_int.c"
 Parameters:    Size  Location     Type
		None
 Auto vars:     Size  Location     Type
		None
 Return value:  Size  Location     Type
                  1    wreg      void 
 Registers used:
		wreg, status,2, status,0, pclath, cstack
 Tracked objects:
		On entry : 
		On exit  : 
		Unchanged: 
 Data sizes:     COMMON   BANK0   BANK1   BANK2   BANK3   BANK4   BANK5   BANK6
      Params:         0       0       0       0       0       0       0       0
      Locals:         0       0       0       0       0       0       0       0
      Temps:          0       0       0       0       0       0       0       0
      Totals:         0       0       0       0       0       0       0       0
Total ram usage:        0 bytes
 Hardware stack levels used:    1
 Hardware stack levels required when called:    1
 This function calls:
		Absolute function
		_INT_DefaultInterruptHandler
 This function is called by:
		_INT_ISR
 This function uses a non-reentrant model


 *************** function _INT_DefaultInterruptHandler *****************
 Defined at:
		line 54 in file "mcc_generated_files/ext_int.c"
 Parameters:    Size  Location     Type
		None
 Auto vars:     Size  Location     Type
		None
 Return value:  Size  Location     Type
                  1    wreg      void 
 Registers used:
		None
 Tracked objects:
		On entry : 
		On exit  : 
		Unchanged: 
 Data sizes:     COMMON   BANK0   BANK1   BANK2   BANK3   BANK4   BANK5   BANK6
      Params:         0       0       0       0       0       0       0       0
      Locals:         0       0       0       0       0       0       0       0
      Temps:          0       0       0       0       0       0       0       0
      Totals:         0       0       0       0       0       0       0       0
Total ram usage:        0 bytes
 Hardware stack levels used:    1
 This function calls:
		Nothing
 This function is called by:
		_EXT_INT_Initialize
		_INT_CallBack
 This function uses a non-reentrant model


 *************** function _EUSART_Transmit_ISR *****************
 Defined at:
		line 205 in file "mcc_generated_files/eusart.c"
 Parameters:    Size  Location     Type
		None
 Auto vars:     Size  Location     Type
		None
 Return value:  Size  Location     Type
                  1    wreg      void 
 Registers used:
		wreg, fsr1l, fsr1h, status,2, status,0
 Tracked objects:
		On entry : 
		On exit  : 
		Unchanged: 
 Data sizes:     COMMON   BANK0   BANK1   BANK2   BANK3   BANK4   BANK5   BANK6
      Params:         0       0       0       0       0       0       0       0
      Locals:         0       0       0       0       0       0       0       0
      Temps:          1       0       0       0       0       0       0       0
      Totals:         1       0       0       0       0       0       0       0
Total ram usage:        1 bytes
 Hardware stack levels used:    1
 This function calls:
		Nothing
 This function is called by:
		_EUSART_Initialize
		_INTERRUPT_InterruptManager
 This function uses a non-reentrant model


 *************** function _EUSART_Receive_ISR *****************
 Defined at:
		line 224 in file "mcc_generated_files/eusart.c"
 Parameters:    Size  Location     Type
		None
 Auto vars:     Size  Location     Type
		None
 Return value:  Size  Location     Type
                  1    wreg      void 
 Registers used:
		wreg, fsr1l, fsr1h, status,2, status,0, pclath, cstack
 Tracked objects:
		On entry : 
		On exit  : 
		Unchanged: 
 Data sizes:     COMMON   BANK0   BANK1   BANK2   BANK3   BANK4   BANK5   BANK6
      Params:         0       0       0       0       0       0       0       0
      Locals:         0       0       0       0       0       0       0       0
      Temps:          0       0       0       0       0       0       0       0
      Totals:         0       0       0       0       0       0       0       0
Total ram usage:        0 bytes
 Hardware stack levels used:    1
 Hardware stack levels required when called:    2
 This function calls:
		Absolute function
		_EUSART_DefaultErrorHandler
		_EUSART_DefaultFramingErrorHandler
		_EUSART_DefaultOverrunErrorHandler
		_EUSART_RxDataHandler
 This function is called by:
		_EUSART_Initialize
		_INTERRUPT_InterruptManager
 This function uses a non-reentrant model


 *************** function _EUSART_DefaultOverrunErrorHandler *****************
 Defined at:
		line 260 in file "mcc_generated_files/eusart.c"
 Parameters:    Size  Location     Type
		None
 Auto vars:     Size  Location     Type
		None
 Return value:  Size  Location     Type
                  1    wreg      void 
 Registers used:
		None
 Tracked objects:
		On entry : 
		On exit  : 
		Unchanged: 
 Data sizes:     COMMON   BANK0   BANK1   BANK2   BANK3   BANK4   BANK5   BANK6
      Params:         0       0       0       0       0       0       0       0
      Locals:         0       0       0       0       0       0       0       0
      Temps:          0       0       0       0       0       0       0       0
      Totals:         0       0       0       0       0       0       0       0
Total ram usage:        0 bytes
 Hardware stack levels used:    1
 This function calls:
		Nothing
 This function is called by:
		_EUSART_Initialize
		_EUSART_Receive_ISR
 This function uses a non-reentrant model


 *************** function _EUSART_DefaultFramingErrorHandler *****************
 Defined at:
		line 258 in file "mcc_generated_files/eusart.c"
 Parameters:    Size  Location     Type
		None
 Auto vars:     Size  Location     Type
		None
 Return value:  Size  Location     Type
                  1    wreg      void 
 Registers used:
		None
 Tracked objects:
		On entry : 
		On exit  : 
		Unchanged: 
 Data sizes:     COMMON   BANK0   BANK1   BANK2   BANK3   BANK4   BANK5   BANK6
      Params:         0       0       0       0       0       0       0       0
      Locals:         0       0       0       0       0       0       0       0
      Temps:          0       0       0       0       0       0       0       0
      Totals:         0       0       0       0       0       0       0       0
Total ram usage:        0 bytes
 Hardware stack levels used:    1
 This function calls:
		Nothing
 This function is called by:
		_EUSART_Initialize
		_EUSART_Receive_ISR
 This function uses a non-reentrant model


 *************** function _EUSART_DefaultErrorHandler *****************
 Defined at:
		line 268 in file "mcc_generated_files/eusart.c"
 Parameters:    Size  Location     Type
		None
 Auto vars:     Size  Location     Type
		None
 Return value:  Size  Location     Type
                  1    wreg      void 
 Registers used:
		wreg, fsr1l, fsr1h, status,2, status,0, pclath, cstack
 Tracked objects:
		On entry : 
		On exit  : 
		Unchanged: 
 Data sizes:     COMMON   BANK0   BANK1   BANK2   BANK3   BANK4   BANK5   BANK6
      Params:         0       0       0       0       0       0       0       0
      Locals:         0       0       0       0       0       0       0       0
      Temps:          0       0       0       0       0       0       0       0
      Totals:         0       0       0       0       0       0       0       0
Total ram usage:        0 bytes
 Hardware stack levels used:    1
 Hardware stack levels required when called:    1
 This function calls:
		_EUSART_RxDataHandler
 This function is called by:
		_EUSART_Initialize
		_EUSART_Receive_ISR
 This function uses a non-reentrant model


 *************** function _EUSART_RxDataHandler *****************
 Defined at:
		line 248 in file "mcc_generated_files/eusart.c"
 Parameters:    Size  Location     Type
		None
 Auto vars:     Size  Location     Type
		None
 Return value:  Size  Location     Type
                  1    wreg      void 
 Registers used:
		wreg, fsr1l, fsr1h, status,2, status,0
 Tracked objects:
		On entry : 
		On exit  : 
		Unchanged: 
 Data sizes:     COMMON   BANK0   BANK1   BANK2   BANK3   BANK4   BANK5   BANK6
      Params:         0       0       0       0       0       0       0       0
      Locals:         0       0       0       0       0       0       0       0
      Temps:          1       0       0       0       0       0       0       0
      Totals:         1       0       0       0       0       0       0       0
Total ram usage:        1 bytes
 Hardware stack levels used:    1
 This function calls:
		Nothing
 This function is called by:
		_EUSART_Receive_ISR
		_EUSART_DefaultErrorHandler
 This function uses a non-reentrant model



MODULE INFORMATION

Module		Function		Class		Link	Load	Size
mcc_generated_files/mtouch/mtouch_button.c
		_Button_Deviation_Update		CODE           	0C65	0000	136
		_MTOUCH_Button_SetNotPressedCallback		CODE           	1452	0000	7
		_MTOUCH_Button_isPressed		CODE           	16BD	0000	28
		_MTOUCH_Button_Initialize		CODE           	0924	0000	55
		_Button_Tick_helper		CODE           	17B1	0000	40
		_MTOUCH_Button_InitializeAll		CODE           	16F3	0000	29
		_Button_Baseline_Update		CODE           	0CEC	0000	144
		_Button_State_Pressed		CODE           	0BF4	0000	114
		_Button_Reading_Update		CODE           	14F6	0000	15
		_MTOUCH_Button_Buttonmask_Get		CODE           	1749	0000	31
		_Button_DefaultCallback		CODE           	142F	0000	2
		_MTOUCH_Button_Tick		CODE           	162E	0000	23
		_Button_State_NotPressed		CODE           	0748	0000	181
		_MTOUCH_Button_SetPressedCallback		CODE           	1458	0000	7
		_Button_Reading_Update_Helper		CODE           	09D5	0000	78
		_Button_Service		CODE           	0A72	0000	86
		_Button_State_Initializing		CODE           	0B23	0000	99
		_MTOUCH_Button_ServiceAll		CODE           	154C	0000	17
		_Button_Baseline_Initialize		CODE           	0860	0000	47

mcc_generated_files/mtouch/mtouch_button.c estimated size: 1139

C:\Program Files (x86)\Microchip\xc8\v2.05\pic\sources\c99\common\printf.c
		_printf        		CODE           	15B2	0000	20

C:\Program Files (x86)\Microchip\xc8\v2.05\pic\sources\c99\common\printf.c estimated size: 20

mcc_generated_files/tmr2.c
		_TMR2_LoadPeriodRegister		CODE           	144D	0000	6
		_TMR2_Initialize		CODE           	0800	0000	9
		_TMR2_StopTimer		CODE           	143A	0000	4
		_TMR2_StartTimer		CODE           	1437	0000	4

mcc_generated_files/tmr2.c estimated size: 23

mcc_generated_files/interrupt_manager.c
		_INTERRUPT_InterruptManager		CODE           	0004	0000	39

mcc_generated_files/interrupt_manager.c estimated size: 39

C:\Program Files (x86)\Microchip\xc8\v2.05\pic\sources\c99\common\nf_fputc.c
		_fputc         		CODE           	08EF	0000	54

C:\Program Files (x86)\Microchip\xc8\v2.05\pic\sources\c99\common\nf_fputc.c estimated size: 54

mcc_generated_files/mtouch/mtouch.c
		_MTOUCH_Tick   		CODE           	143D	0000	4
		_MTOUCH_Initialize		CODE           	14DD	0000	13
		_MTOUCH_Service_Mainloop		CODE           	172C	0000	30
		_MTOUCH_needReburst		CODE           	0002	0000	3

mcc_generated_files/mtouch/mtouch.c estimated size: 50

mcc_generated_files/pin_manager.c
		_PIN_MANAGER_Initialize		CODE           	16A3	0000	27

mcc_generated_files/pin_manager.c estimated size: 27

C:\Program Files (x86)\Microchip\xc8\v2.05\pic\sources\c99\common\aodiv.c
		___aodiv       		CODE           	04A9	0000	244

C:\Program Files (x86)\Microchip\xc8\v2.05\pic\sources\c99\common\aodiv.c estimated size: 244

C:\Program Files (x86)\Microchip\xc8\v2.05\pic\sources\c99\common\strlen.c
		_strlen        		CODE           	168B	0000	25

C:\Program Files (x86)\Microchip\xc8\v2.05\pic\sources\c99\common\strlen.c estimated size: 25

mcc_generated_files/ext_int.c
		_INT_DefaultInterruptHandler		CODE           	142E	0000	2
		_EXT_INT_Initialize		CODE           	14D2	0000	12
		_INT_SetInterruptHandler		CODE           	147C	0000	7
		_INT_CallBack  		CODE           	14C7	0000	12
		_INT_ISR       		CODE           	1444	0000	5

mcc_generated_files/ext_int.c estimated size: 38

C:\Program Files (x86)\Microchip\xc8\v2.05\pic\sources\c99\common\Umul8.c
		___bmul        		CODE           	156C	0000	18

C:\Program Files (x86)\Microchip\xc8\v2.05\pic\sources\c99\common\Umul8.c estimated size: 18

C:\Program Files (x86)\Microchip\xc8\v2.05\pic\sources\c99\common\doprnt.c
		_vfpfcnvrt     		CODE           	0678	0000	209
		_pad           		CODE           	0A22	0000	81
		_dtoa          		CODE           	023B	0000	338
		_vfprintf      		CODE           	088E	0000	48

C:\Program Files (x86)\Microchip\xc8\v2.05\pic\sources\c99\common\doprnt.c estimated size: 676

shared
		Sensor_Scanfrequency_Evaluation@frequency_hop		STRCODE        	184B	0000	6
		_sensor_scan_group		STRCODE        	1850	0000	5
		__initialization		CODE           	002C	0000	49
		_mtouch_button_init		STRCODE        	1000	0000	49

shared estimated size: 109

mcc_generated_files/mcc.c
		_WDT_Initialize		CODE           	07FC	0000	5
		_OSCILLATOR_Initialize		CODE           	1482	0000	7
		_SYSTEM_Initialize		CODE           	15ED	0000	22

mcc_generated_files/mcc.c estimated size: 34

C:\Program Files (x86)\Microchip\xc8\v2.05\pic\sources\c99\common\abs.c
		_abs           		CODE           	1644	0000	24

C:\Program Files (x86)\Microchip\xc8\v2.05\pic\sources\c99\common\abs.c estimated size: 24

C:\Program Files (x86)\Microchip\xc8\v2.05\pic\sources\c99\common\nf_fputs.c
		_fputs         		CODE           	178B	0000	39

C:\Program Files (x86)\Microchip\xc8\v2.05\pic\sources\c99\common\nf_fputs.c estimated size: 39

mcc_generated_files/eusart.c
		_EUSART_SetRxInterruptHandler		CODE           	1470	0000	7
		_EUSART_SetTxInterruptHandler		CODE           	1476	0000	7
		_putch         		CODE           	1448	0000	6
		_EUSART_DefaultOverrunErrorHandler		CODE           	1440	0000	5
		_EUSART_Write  		CODE           	1767	0000	37
		_EUSART_DefaultErrorHandler		CODE           	1431	0000	4
		_EUSART_Transmit_ISR		CODE           	170F	0000	30
		_EUSART_Initialize		CODE           	0997	0000	63
		_EUSART_SetFramingErrorHandler		CODE           	1464	0000	7
		_EUSART_SetErrorHandler		CODE           	145E	0000	7
		_EUSART_SetOverrunErrorHandler		CODE           	146A	0000	7
		_EUSART_Receive_ISR		CODE           	08BD	0000	51
		_EUSART_RxDataHandler		CODE           	165B	0000	25
		_EUSART_DefaultFramingErrorHandler		CODE           	142D	0000	2

mcc_generated_files/eusart.c estimated size: 258

C:\Program Files (x86)\Microchip\xc8\v2.05\pic\sources\c99\common\memcpy.c
		_memcpy        		CODE           	0808	0000	44

C:\Program Files (x86)\Microchip\xc8\v2.05\pic\sources\c99\common\memcpy.c estimated size: 44

main.c
		_myButtonReleasedCallback		CODE           	1434	0000	4
		_main          		CODE           	038C	0000	286
		_myButtonPressedCallback		CODE           	0B85	0000	112

main.c estimated size: 402

mcc_generated_files/mtouch/mtouch_sensor.c
		_Sensor_setCalibrated		CODE           	1504	0000	15
		_Sensor_Acq_ExecutePacket		CODE           	0060	0000	476
		_Sensor_getScanGroupIndex		CODE           	0833	0000	46
		_Sensor_Acquisition		CODE           	0AC7	0000	93
		_Sensor_postAcquisitionProcess		CODE           	095A	0000	62
		_Sensor_isCalibrated		CODE           	14BD	0000	11
		_MTOUCH_Sensor_Initialize		CODE           	15D8	0000	22
		_Sensor_Sampled_Reset		CODE           	14AC	0000	9
		_MTOUCH_Sensor_InitializeAll		CODE           	1520	0000	15
		_Sensor_DefaultCallback		CODE           	1430	0000	2
		_Sensor_loadADCSettings		CODE           	0F50	0000	177
		_Sensor_isEnabled		CODE           	157D	0000	18
		_MTOUCH_Sensor_isCalibrated		CODE           	1602	0000	23
		_MTOUCH_Sensor_Calibrate		CODE           	158E	0000	19
		_MTOUCH_Sensor_Sampled_ResetAll		CODE           	15C5	0000	20
		_Sensor_setActive		CODE           	1494	0000	9
		_Sensor_Scanfrequency_Evaluation		CODE           	0EAA	0000	167
		_MTOUCH_Sensor_Enable		CODE           	15A0	0000	19
		_Sensor_setSampled		CODE           	14A4	0000	9
		_Sensor_isCalibratingAcqTime		CODE           	14B4	0000	10
		_MTOUCH_Sensor_RawSample_Get		CODE           	1673	0000	25
		_MTOUCH_Sensor_SampleAll		CODE           	1618	0000	23
		_MTOUCH_Sensor_wasSampled		CODE           	152E	0000	16
		_Sensor_Service		CODE           	0D7B	0000	152
		_Sensor_autoCalibration		CODE           	0E12	0000	153
		_MTOUCH_Sensor_Scan_Initialize		CODE           	155C	0000	17
		_Sensor_RawSample_Update		CODE           	17D8	0000	41
		_Sensor_isActive		CODE           	1512	0000	15
		_Sensor_setCalibratAcqTime		CODE           	153D	0000	16
		_Sensor_setInactive		CODE           	149C	0000	9

mcc_generated_files/mtouch/mtouch_sensor.c estimated size: 1689

C:\Program Files (x86)\Microchip\xc8\v2.05\pic\sources\c99\common\aomod.c
		___aomod       		CODE           	059C	0000	221

C:\Program Files (x86)\Microchip\xc8\v2.05\pic\sources\c99\common\aomod.c estimated size: 221

