Microchip MPLAB XC8 Compiler V2.05 ()

Linker command line:

-W-3 --edf=C:\Program Files (x86)\Microchip\xc8\v2.05\pic\dat\en_msgs.txt \
  -cs -h+dist/default/production\DM_BT.X.production.sym \
  --cmf=dist/default/production\DM_BT.X.production.cmf -z -Q16LF1559 \
  -oC:\Users\ngodi\AppData\Local\Temp\s47k.2 --defsym=__MPLAB_BUILD=1 \
  -Mdist/default/production/DM_BT.X.production.map -E1 -ver=XC8 \
  --acfsm=1493 -ASTACK=02110h-021EFh -pstack=STACK -ACODE=00h-07FFhx4 \
  -ASTRCODE=00h-01FFFh -ASTRING=00h-0FFhx32 -ACONST=00h-0FFhx32 \
  -AENTRY=00h-0FFhx32 -ACOMMON=070h-07Fh -ABANK0=020h-06Fh \
  -ABANK1=0A0h-0EFh -ABANK2=0120h-016Fh -ABANK3=01A0h-01EFh \
  -ABANK4=0220h-026Fh -ABANK5=02A0h-02EFh -ABANK6=0320h-032Fh \
  -ABIGRAM=02000h-021EFh \
  -ARAM=020h-06Fh,0A0h-0EFh,0120h-016Fh,01A0h-01EFh,0220h-026Fh,02A0h-02EFh,0320h-032Fh \
  -AABS1=020h-07Fh,0A0h-0EFh,0120h-016Fh,01A0h-01EFh,0220h-026Fh,02A0h-02EFh,0320h-032Fh \
  -ASFR0=00h-01Fh -ASFR1=080h-09Fh -ASFR2=0100h-011Fh -ASFR3=0180h-019Fh \
  -ASFR4=0200h-021Fh -ASFR5=0280h-029Fh -ASFR6=0300h-031Fh \
  -ASFR7=0380h-03EFh -ASFR8=0400h-046Fh -ASFR9=0480h-04EFh \
  -ASFR10=0500h-056Fh -ASFR11=0580h-05EFh -ASFR12=0600h-066Fh \
  -ASFR13=0680h-06EFh -ASFR14=0700h-076Fh -ASFR15=0780h-07EFh \
  -ASFR16=0800h-086Fh -ASFR17=0880h-08EFh -ASFR18=0900h-096Fh \
  -ASFR19=0980h-09EFh -ASFR20=0A00h-0A6Fh -ASFR21=0A80h-0AEFh \
  -ASFR22=0B00h-0B6Fh -ASFR23=0B80h-0BEFh -ASFR24=0C00h-0C6Fh \
  -ASFR25=0C80h-0CEFh -ASFR26=0D00h-0D6Fh -ASFR27=0D80h-0DEFh \
  -ASFR28=0E00h-0E6Fh -ASFR29=0E80h-0EEFh -ASFR30=0F00h-0F6Fh \
  -ASFR31=0F80h-0FEFh -preset_vec=00h,intentry=04h,init,end_init \
  -ppowerup=CODE -pcinit=CODE -pfunctab=ENTRY -ACONFIG=08007h-08008h \
  -pconfig=CONFIG -DCONFIG=2 -AIDLOC=08000h-08003h -pidloc=IDLOC -DIDLOC=2 \
  -DCODE=2 -DSTRCODE=2 -DSTRING=2 -DCONST=2 -DENTRY=2 -k \
  C:\Users\ngodi\AppData\Local\Temp\s47k.o \
  dist/default/production\DM_BT.X.production.o 

Object code version is 3.11

Machine type is 16LF1559



                Name                               Link     Load   Length Selector   Space Scale
C:\Users\ngodi\AppData\Local\Temp\s47k.o
                end_init                             24       24        2        8       0
                reset_vec                             0        0        2        0       0
                config                             8007     8007        2    1000E       0
dist/default/production\DM_BT.X.production.o
                cinit                                26       26       46        8       0
                intentry                              4        4       20        8       0
                text115                            1490     1490       17     2920       0
                text114                            124E     124E        3     249C       0
                text113                            1249     1249        1     2492       0
                text112                            126F     126F        4     24DE       0
                text111                             822      822       36     1044       0
                text110                            124A     124A        1     2494       0
                text109                            1398     1398       10     2730       0
                text108                            1273     1273        4     24E6       0
                text107                            124B     124B        1     2496       0
                text106                            15D5     15D5       1D     2BAA       0
                text105                             940      940       40     1280       0
                text103                            1251     1251        3     24A2       0
                text102                            1254     1254        3     24A8       0
                text101                            12A3     12A3        8     2546       0
                text100                            1257     1257        3     24AE       0
                text99                             127B     127B        5     24F6       0
                text98                             151D     151D       19     2A3A       0
                text97                              5A7      5A7       C7        8       0
                text96                             1698     1698       28     2D30       0
                text95                             125A     125A        3     24B4       0
                text94                             125D     125D        3     24BA       0
                text93                             1260     1260        3     24C0       0
                text92                             1263     1263        3     24C6       0
                text91                             162C     162C       1F     2C58       0
                text90                             12BB     12BB        9     2576       0
                text89                             12C4     12C4        9     2588       0
                text88                              C71      C71       87     18E2       0
                text87                             1409     1409       12     2812       0
                text86                             1568     1568       1A     2AD0       0
                text85                              980      980       50     1300       0
                text84                             136C     136C        E     26D8       0
                text83                             176C     176C       2F     2ED8       0
                text82                              CF8      CF8       90     19F0       0
                text81                             143F     143F       13     287E       0
                text80                              858      858       37     10B0       0
                text79                             159D     159D       1C     2B3A       0
                text78                              801      801       21     1002       0
                text77                             133C     133C        C     2678       0
                text76                              8C6      8C6       3D     118C       0
                text75                             141B     141B       12     2836       0
                text74                             124C     124C        1     2498       0
                text73                             1285     1285        6     250A       0
                text72                              B84      B84       68     1708       0
                text71                              B22      B22       62     1644       0
                text70                              EB4      EB4       A4     1D68       0
                text69                             14A7     14A7       17     294E       0
                text68                             13A8     13A8       10     2750       0
                text67                              A71      A71       55     14E2       0
                text66                             13B8     13B8       10     2770       0
                text65                             13C8     13C8       10     2790       0
                text64                             173E     173E       2E     2E7C       0
                text63                             1327     1327        A     264E       0
                text62                             13D8     13D8       10     27B0       0
                text61                             137A     137A        F     26F4       0
                text60                             1536     1536       19     2A6C       0
                text59                              E1D      E1D       97     1C3A       0
                text58                             1389     1389        F     2712       0
                text57                             142D     142D       12     285A       0
                text56                             1331     1331        B     2662       0
                text55                              66E      66E       B5        8       0
                text54                             1280     1280        5     2500       0
                text53                             1266     1266        3     24CC       0
                text52                             1269     1269        3     24D2       0
                text51                              3D9      3D9      1CE        8       0
                text50                              BEC      BEC       85     17D8       0
                text49                             12CD     12CD        9     259A       0
                text48                             12D6     12D6        9     25AC       0
                text47                              903      903       3D     1206       0
                text46                              AC6      AC6       5C     158C       0
                text45                             124D     124D        1     249A       0
                text44                             16E8     16E8       2A     2DD0       0
                text43                             12DF     12DF        9     25BE       0
                text42                              D88      D88       95     1B10       0
                text41                             147A     147A       16     28F4       0
                text40                             12E8     12E8        9     25D0       0
                text39                             1465     1465       15     28CA       0
                text38                             16C0     16C0       28     2D80       0
                text37                             14D5     14D5       18     29AA       0
                text36                             126C     126C        3     24D8       0
                text35                                2        2        2        0       0
                text34                             15F2     15F2       1D     2BE4       0
                text33                             12F1     12F1        9     25E2       0
                text32                             12FA     12FA        9     25F4       0
                text31                             1303     1303        9     2606       0
                text30                             130C     130C        9     2618       0
                text29                             17CB     17CB       35     2F96       0
                text28                             1315     1315        9     262A       0
                text27                             1348     1348        C     2690       0
                text26                             1712     1712       2C     2E24       0
                text25                             160F     160F       1D     2C1E       0
                text24                             1452     1452       13     28A4       0
                text23                             14ED     14ED       18     29DA       0
                text22                             13E8     13E8       10     27D0       0
                text21                             1354     1354        C     26A8       0
                text20                             128B     128B        6     2516       0
                text19                             15B9     15B9       1C     2B72       0
                text18                             131E     131E        9     263C       0
                text17                             14BE     14BE       17     297C       0
                text16                             12AB     12AB        8     2556       0
                text15                             1277     1277        4     24EE       0
                text14                             1505     1505       18     2A0A       0
                text13                              A20      A20       51     1440       0
                text12                             12B3     12B3        8     2566       0
                text11                             1291     1291        6     2522       0
                text10                              88F      88F       37     111E       0
                text9                              164B     164B       26     2C96       0
                text8                              154F     154F       19     2A9E       0
                text7                               9D0      9D0       50     13A0       0
                text6                              179B     179B       30     2F36       0
                text5                               F58      F58       A8     1EB0       0
                text4                               7D1      7D1       2F        8       0
                text3                              13F8     13F8       11     27F0       0
                text2                              1671     1671       27     2CE2       0
                text1                               723      723       AE        8       0
                maintext                             6C       6C      36D        8       0
                cstackBANK0                          20       20       3F       20       1
                cstackCOMMON                         77       77        7       70       1
                clrtext                            1297     1297        6     252E       0
                inittext                           129D     129D        6     253A       0
                bssBANK3                            1A0      1A0       20      1A0       1
                dataBANK2                           150      150       1B      120       1
                bssBANK2                            120      120       30      120       1
                dataBANK1                            DD       DD        C       A0       1
                bssBANK1                             A0       A0       30       A0       1
                dataBANK0                            6F       6F        1       20       1
                bssBANK0                             5F       5F       10       20       1
                bssCOMMON                            70       70        7       70       1
                stringtext21                       1892     1892        3     3000       0
                stringtext20                       1889     1889        5     3000       0
                stringtext19                       1884     1884        5     3000       0
                stringtext18                       187F     187F        5     3000       0
                stringtext17                       187A     187A        5     3000       0
                stringtext16                       1875     1875        5     3000       0
                stringtext15                       1870     1870        5     3000       0
                stringtext14                       186B     186B        5     3000       0
                stringtext13                       1866     1866        5     3000       0
                stringtext12                       1861     1861        5     3000       0
                stringtext11                       185C     185C        5     3000       0
                stringtext10                       1857     1857        5     3000       0
                stringtext9                        1852     1852        5     3000       0
                stringtext8                        184D     184D        5     3000       0
                stringtext7                        1848     1848        5     3000       0
                stringtext6                        1843     1843        5     3000       0
                stringtext5                        183E     183E        5     3000       0
                stringtext4                        1830     1830        9     3000       0
                nvBANK1                              D0       D0        D       A0       1
                stringtext3                        1800     1800       30     3000       0
                stringtext2                        188E     188E        4     3000       0
                stringtext1                        1839     1839        5     3000       0
                idataBANK2                         1582     1582       1B     2B04       0
                idataBANK1                         1360     1360        C     26C0       0
                idataBANK0                          800      800        1        8       0

TOTAL           Name                               Link     Load   Length     Space
        CLASS   STACK          

        CLASS   CODE           
                end_init                             24       24        2         0
                cinit                                26       26       46         0
                intentry                              4        4       20         0
                reset_vec                             0        0        2         0
                text115                            1490     1490       17         0
                text114                            124E     124E        3         0
                text113                            1249     1249        1         0
                text112                            126F     126F        4         0
                text111                             822      822       36         0
                text110                            124A     124A        1         0
                text109                            1398     1398       10         0
                text108                            1273     1273        4         0
                text107                            124B     124B        1         0
                text106                            15D5     15D5       1D         0
                text105                             940      940       40         0
                text103                            1251     1251        3         0
                text102                            1254     1254        3         0
                text101                            12A3     12A3        8         0
                text100                            1257     1257        3         0
                text99                             127B     127B        5         0
                text98                             151D     151D       19         0
                text97                              5A7      5A7       C7         0
                text96                             1698     1698       28         0
                text95                             125A     125A        3         0
                text94                             125D     125D        3         0
                text93                             1260     1260        3         0
                text92                             1263     1263        3         0
                text91                             162C     162C       1F         0
                text90                             12BB     12BB        9         0
                text89                             12C4     12C4        9         0
                text88                              C71      C71       87         0
                text87                             1409     1409       12         0
                text86                             1568     1568       1A         0
                text85                              980      980       50         0
                text84                             136C     136C        E         0
                text83                             176C     176C       2F         0
                text82                              CF8      CF8       90         0
                text81                             143F     143F       13         0
                text80                              858      858       37         0
                text79                             159D     159D       1C         0
                text78                              801      801       21         0
                text77                             133C     133C        C         0
                text76                              8C6      8C6       3D         0
                text75                             141B     141B       12         0
                text74                             124C     124C        1         0
                text73                             1285     1285        6         0
                text72                              B84      B84       68         0
                text71                              B22      B22       62         0
                text70                              EB4      EB4       A4         0
                text69                             14A7     14A7       17         0
                text68                             13A8     13A8       10         0
                text67                              A71      A71       55         0
                text66                             13B8     13B8       10         0
                text65                             13C8     13C8       10         0
                text64                             173E     173E       2E         0
                text63                             1327     1327        A         0
                text62                             13D8     13D8       10         0
                text61                             137A     137A        F         0
                text60                             1536     1536       19         0
                text59                              E1D      E1D       97         0
                text58                             1389     1389        F         0
                text57                             142D     142D       12         0
                text56                             1331     1331        B         0
                text55                              66E      66E       B5         0
                text54                             1280     1280        5         0
                text53                             1266     1266        3         0
                text52                             1269     1269        3         0
                text51                              3D9      3D9      1CE         0
                text50                              BEC      BEC       85         0
                text49                             12CD     12CD        9         0
                text48                             12D6     12D6        9         0
                text47                              903      903       3D         0
                text46                              AC6      AC6       5C         0
                text45                             124D     124D        1         0
                text44                             16E8     16E8       2A         0
                text43                             12DF     12DF        9         0
                text42                              D88      D88       95         0
                text41                             147A     147A       16         0
                text40                             12E8     12E8        9         0
                text39                             1465     1465       15         0
                text38                             16C0     16C0       28         0
                text37                             14D5     14D5       18         0
                text36                             126C     126C        3         0
                text35                                2        2        2         0
                text34                             15F2     15F2       1D         0
                text33                             12F1     12F1        9         0
                text32                             12FA     12FA        9         0
                text31                             1303     1303        9         0
                text30                             130C     130C        9         0
                text29                             17CB     17CB       35         0
                text28                             1315     1315        9         0
                text27                             1348     1348        C         0
                text26                             1712     1712       2C         0
                text25                             160F     160F       1D         0
                text24                             1452     1452       13         0
                text23                             14ED     14ED       18         0
                text22                             13E8     13E8       10         0
                text21                             1354     1354        C         0
                text20                             128B     128B        6         0
                text19                             15B9     15B9       1C         0
                text18                             131E     131E        9         0
                text17                             14BE     14BE       17         0
                text16                             12AB     12AB        8         0
                text15                             1277     1277        4         0
                text14                             1505     1505       18         0
                text13                              A20      A20       51         0
                text12                             12B3     12B3        8         0
                text11                             1291     1291        6         0
                text10                              88F      88F       37         0
                text9                              164B     164B       26         0
                text8                              154F     154F       19         0
                text7                               9D0      9D0       50         0
                text6                              179B     179B       30         0
                text5                               F58      F58       A8         0
                text4                               7D1      7D1       2F         0
                text3                              13F8     13F8       11         0
                text2                              1671     1671       27         0
                text1                               723      723       AE         0
                maintext                             6C       6C      36D         0
                clrtext                            1297     1297        6         0
                inittext                           129D     129D        6         0
                idataBANK2                         1582     1582       1B         0
                idataBANK1                         1360     1360        C         0
                idataBANK0                          800      800        1         0

        CLASS   STRCODE        
                stringtext21                       1892     1892        3         0
                stringtext20                       1889     1889        5         0
                stringtext19                       1884     1884        5         0
                stringtext18                       187F     187F        5         0
                stringtext17                       187A     187A        5         0
                stringtext16                       1875     1875        5         0
                stringtext15                       1870     1870        5         0
                stringtext14                       186B     186B        5         0
                stringtext13                       1866     1866        5         0
                stringtext12                       1861     1861        5         0
                stringtext11                       185C     185C        5         0
                stringtext10                       1857     1857        5         0
                stringtext9                        1852     1852        5         0
                stringtext8                        184D     184D        5         0
                stringtext7                        1848     1848        5         0
                stringtext6                        1843     1843        5         0
                stringtext5                        183E     183E        5         0
                stringtext4                        1830     1830        9         0
                stringtext3                        1800     1800       30         0
                stringtext2                        188E     188E        4         0
                stringtext1                        1839     1839        5         0

        CLASS   STRING         

        CLASS   CONST          

        CLASS   ENTRY          

        CLASS   COMMON         
                cstackCOMMON                         77       77        7         1
                bssCOMMON                            70       70        7         1

        CLASS   BANK0          
                cstackBANK0                          20       20       3F         1
                dataBANK0                            6F       6F        1         1
                bssBANK0                             5F       5F       10         1

        CLASS   BANK1          
                dataBANK1                            DD       DD        C         1
                bssBANK1                             A0       A0       30         1
                nvBANK1                              D0       D0        D         1

        CLASS   BANK2          
                dataBANK2                           150      150       1B         1
                bssBANK2                            120      120       30         1

        CLASS   BANK3          
                bssBANK3                            1A0      1A0       20         1

        CLASS   BANK4          

        CLASS   BANK5          

        CLASS   BANK6          

        CLASS   BIGRAM         

        CLASS   RAM            

        CLASS   ABS1           
                abs_s1                               7E       7E        2         1

        CLASS   SFR0           

        CLASS   SFR1           

        CLASS   SFR2           

        CLASS   SFR3           

        CLASS   SFR4           

        CLASS   SFR5           

        CLASS   SFR6           

        CLASS   SFR7           

        CLASS   SFR8           

        CLASS   SFR9           

        CLASS   SFR10          

        CLASS   SFR11          

        CLASS   SFR12          

        CLASS   SFR13          

        CLASS   SFR14          

        CLASS   SFR15          

        CLASS   SFR16          

        CLASS   SFR17          

        CLASS   SFR18          

        CLASS   SFR19          

        CLASS   SFR20          

        CLASS   SFR21          

        CLASS   SFR22          

        CLASS   SFR23          

        CLASS   SFR24          

        CLASS   SFR25          

        CLASS   SFR26          

        CLASS   SFR27          

        CLASS   SFR28          

        CLASS   SFR29          

        CLASS   SFR30          

        CLASS   SFR31          

        CLASS   CONFIG         
                config                             8007     8007        2         0

        CLASS   IDLOC          

        CLASS   BANK31         

        CLASS   BANK30         

        CLASS   BANK29         

        CLASS   BANK28         

        CLASS   BANK27         

        CLASS   BANK26         

        CLASS   BANK25         

        CLASS   BANK24         

        CLASS   BANK23         

        CLASS   BANK22         

        CLASS   BANK21         

        CLASS   BANK20         

        CLASS   BANK19         

        CLASS   BANK18         

        CLASS   BANK17         

        CLASS   BANK16         

        CLASS   BANK15         

        CLASS   BANK14         

        CLASS   BANK13         

        CLASS   BANK12         

        CLASS   BANK11         

        CLASS   BANK10         

        CLASS   BANK9          

        CLASS   BANK8          

        CLASS   BANK7          

        CLASS   EEDATA         



SEGMENTS        Name                           Load    Length   Top    Selector   Space  Class     Delta

                reset_vec                      000000  000004  000004         0       0  CODE        2
                intentry                       000004  0007FD  000801         8       0  CODE        2
                cstackBANK0                    000020  000050  000070        20       1  BANK0       1
                bssCOMMON                      000070  00000E  00007E        70       1  COMMON      1
                bssBANK1                       0000A0  000049  0000E9        A0       1  BANK1       1
                bssBANK2                       000120  00004B  00016B       120       1  BANK2       1
                bssBANK3                       0001A0  000020  0001C0       1A0       1  BANK3       1
                text78                         000801  000021  000822      1002       0  CODE        2
                text111                        000822  000036  000858      1044       0  CODE        2
                text80                         000858  000037  00088F      10B0       0  CODE        2
                text10                         00088F  000037  0008C6      111E       0  CODE        2
                text76                         0008C6  00003D  000903      118C       0  CODE        2
                text47                         000903  00003D  000940      1206       0  CODE        2
                text105                        000940  000040  000980      1280       0  CODE        2
                text85                         000980  000050  0009D0      1300       0  CODE        2
                text7                          0009D0  000050  000A20      13A0       0  CODE        2
                text13                         000A20  000051  000A71      1440       0  CODE        2
                text67                         000A71  000055  000AC6      14E2       0  CODE        2
                text46                         000AC6  00005C  000B22      158C       0  CODE        2
                text71                         000B22  000062  000B84      1644       0  CODE        2
                text72                         000B84  000068  000BEC      1708       0  CODE        2
                text50                         000BEC  000085  000C71      17D8       0  CODE        2
                text88                         000C71  000087  000CF8      18E2       0  CODE        2
                text82                         000CF8  000090  000D88      19F0       0  CODE        2
                text42                         000D88  000095  000E1D      1B10       0  CODE        2
                text59                         000E1D  000097  000EB4      1C3A       0  CODE        2
                text70                         000EB4  0000A4  000F58      1D68       0  CODE        2
                text5                          000F58  0000A8  001000      1EB0       0  CODE        2
                text113                        001249  000001  00124A      2492       0  CODE        2
                text110                        00124A  000001  00124B      2494       0  CODE        2
                text107                        00124B  000001  00124C      2496       0  CODE        2
                text74                         00124C  000001  00124D      2498       0  CODE        2
                text45                         00124D  000001  00124E      249A       0  CODE        2
                text114                        00124E  000003  001251      249C       0  CODE        2
                text103                        001251  000003  001254      24A2       0  CODE        2
                text102                        001254  000003  001257      24A8       0  CODE        2
                text100                        001257  000003  00125A      24AE       0  CODE        2
                text95                         00125A  000003  00125D      24B4       0  CODE        2
                text94                         00125D  000003  001260      24BA       0  CODE        2
                text93                         001260  000003  001263      24C0       0  CODE        2
                text92                         001263  000003  001266      24C6       0  CODE        2
                text53                         001266  000003  001269      24CC       0  CODE        2
                text52                         001269  000003  00126C      24D2       0  CODE        2
                text36                         00126C  000003  00126F      24D8       0  CODE        2
                text112                        00126F  000004  001273      24DE       0  CODE        2
                text108                        001273  000004  001277      24E6       0  CODE        2
                text15                         001277  000004  00127B      24EE       0  CODE        2
                text99                         00127B  000005  001280      24F6       0  CODE        2
                text54                         001280  000005  001285      2500       0  CODE        2
                text73                         001285  000006  00128B      250A       0  CODE        2
                text20                         00128B  000006  001291      2516       0  CODE        2
                text11                         001291  000006  001297      2522       0  CODE        2
                clrtext                        001297  000006  00129D      252E       0  CODE        2
                inittext                       00129D  000006  0012A3      253A       0  CODE        2
                text101                        0012A3  000008  0012AB      2546       0  CODE        2
                text16                         0012AB  000008  0012B3      2556       0  CODE        2
                text12                         0012B3  000008  0012BB      2566       0  CODE        2
                text90                         0012BB  000009  0012C4      2576       0  CODE        2
                text89                         0012C4  000009  0012CD      2588       0  CODE        2
                text49                         0012CD  000009  0012D6      259A       0  CODE        2
                text48                         0012D6  000009  0012DF      25AC       0  CODE        2
                text43                         0012DF  000009  0012E8      25BE       0  CODE        2
                text40                         0012E8  000009  0012F1      25D0       0  CODE        2
                text33                         0012F1  000009  0012FA      25E2       0  CODE        2
                text32                         0012FA  000009  001303      25F4       0  CODE        2
                text31                         001303  000009  00130C      2606       0  CODE        2
                text30                         00130C  000009  001315      2618       0  CODE        2
                text28                         001315  000009  00131E      262A       0  CODE        2
                text18                         00131E  000009  001327      263C       0  CODE        2
                text63                         001327  00000A  001331      264E       0  CODE        2
                text56                         001331  00000B  00133C      2662       0  CODE        2
                text77                         00133C  00000C  001348      2678       0  CODE        2
                text27                         001348  00000C  001354      2690       0  CODE        2
                text21                         001354  00000C  001360      26A8       0  CODE        2
                idataBANK1                     001360  00000C  00136C      26C0       0  CODE        2
                text84                         00136C  00000E  00137A      26D8       0  CODE        2
                text61                         00137A  00000F  001389      26F4       0  CODE        2
                text58                         001389  00000F  001398      2712       0  CODE        2
                text109                        001398  000010  0013A8      2730       0  CODE        2
                text68                         0013A8  000010  0013B8      2750       0  CODE        2
                text66                         0013B8  000010  0013C8      2770       0  CODE        2
                text65                         0013C8  000010  0013D8      2790       0  CODE        2
                text62                         0013D8  000010  0013E8      27B0       0  CODE        2
                text22                         0013E8  000010  0013F8      27D0       0  CODE        2
                text3                          0013F8  000011  001409      27F0       0  CODE        2
                text87                         001409  000012  00141B      2812       0  CODE        2
                text75                         00141B  000012  00142D      2836       0  CODE        2
                text57                         00142D  000012  00143F      285A       0  CODE        2
                text81                         00143F  000013  001452      287E       0  CODE        2
                text24                         001452  000013  001465      28A4       0  CODE        2
                text39                         001465  000015  00147A      28CA       0  CODE        2
                text41                         00147A  000016  001490      28F4       0  CODE        2
                text115                        001490  000017  0014A7      2920       0  CODE        2
                text69                         0014A7  000017  0014BE      294E       0  CODE        2
                text17                         0014BE  000017  0014D5      297C       0  CODE        2
                text37                         0014D5  000018  0014ED      29AA       0  CODE        2
                text23                         0014ED  000018  001505      29DA       0  CODE        2
                text14                         001505  000018  00151D      2A0A       0  CODE        2
                text98                         00151D  000019  001536      2A3A       0  CODE        2
                text60                         001536  000019  00154F      2A6C       0  CODE        2
                text8                          00154F  000019  001568      2A9E       0  CODE        2
                text86                         001568  00001A  001582      2AD0       0  CODE        2
                idataBANK2                     001582  00001B  00159D      2B04       0  CODE        2
                text79                         00159D  00001C  0015B9      2B3A       0  CODE        2
                text19                         0015B9  00001C  0015D5      2B72       0  CODE        2
                text106                        0015D5  00001D  0015F2      2BAA       0  CODE        2
                text34                         0015F2  00001D  00160F      2BE4       0  CODE        2
                text25                         00160F  00001D  00162C      2C1E       0  CODE        2
                text91                         00162C  00001F  00164B      2C58       0  CODE        2
                text9                          00164B  000026  001671      2C96       0  CODE        2
                text2                          001671  000027  001698      2CE2       0  CODE        2
                text96                         001698  000028  0016C0      2D30       0  CODE        2
                text38                         0016C0  000028  0016E8      2D80       0  CODE        2
                text44                         0016E8  00002A  001712      2DD0       0  CODE        2
                text26                         001712  00002C  00173E      2E24       0  CODE        2
                text64                         00173E  00002E  00176C      2E7C       0  CODE        2
                text83                         00176C  00002F  00179B      2ED8       0  CODE        2
                text6                          00179B  000030  0017CB      2F36       0  CODE        2
                text29                         0017CB  000035  001800      2F96       0  CODE        2
                stringtext3                    001800  000095  001895      3000       0  STRCODE     2
                config                         008007  000002  008009     1000E       0  CONFIG      2


UNUSED ADDRESS RANGES

        Name                Unused          Largest block    Delta
        BANK1            000E9-000EF               7           1
        BANK2            0016B-0016F               5           1
        BANK3            001C0-001EF              30           1
        BANK4            00220-0026F              50           1
        BANK5            002A0-002EF              50           1
        BANK6            00320-0032F              10           1
        BIGRAM           02000-021EF             1F0           1
        CODE             01000-01248             249           2
                         01895-01FFF             76B
        CONST            01000-01248             100           2
                         01895-01FFF             100
        ENTRY            01000-01248             100           2
                         01895-01FFF             100
        IDLOC            08000-08003               4           2
        RAM              000E9-000EF               7           1
                         0016B-0016F               5
                         001C0-001EF              30
                         00220-0026F              50
                         002A0-002EF              50
                         00320-0032F              10
        SFR0             00000-0001F              20           1
        SFR1             00080-0009F              20           1
        SFR10            00500-0056F              70           1
        SFR11            00580-005EF              70           1
        SFR12            00600-0066F              70           1
        SFR13            00680-006EF              70           1
        SFR14            00700-0076F              70           1
        SFR15            00780-007EF              70           1
        SFR16            00800-0086F              70           1
        SFR17            00880-008EF              70           1
        SFR18            00900-0096F              70           1
        SFR19            00980-009EF              70           1
        SFR2             00100-0011F              20           1
        SFR20            00A00-00A6F              70           1
        SFR21            00A80-00AEF              70           1
        SFR22            00B00-00B6F              70           1
        SFR23            00B80-00BEF              70           1
        SFR24            00C00-00C6F              70           1
        SFR25            00C80-00CEF              70           1
        SFR26            00D00-00D6F              70           1
        SFR27            00D80-00DEF              70           1
        SFR28            00E00-00E6F              70           1
        SFR29            00E80-00EEF              70           1
        SFR3             00180-0019F              20           1
        SFR30            00F00-00F6F              70           1
        SFR31            00F80-00FEF              70           1
        SFR4             00200-0021F              20           1
        SFR5             00280-0029F              20           1
        SFR6             00300-0031F              20           1
        SFR7             00380-003EF              70           1
        SFR8             00400-0046F              70           1
        SFR9             00480-004EF              70           1
        STACK            02110-021EF              E0           1
        STRCODE          01000-01248             249           2
                         01895-01FFF             76B
        STRING           01000-01248             100           2
                         01895-01FFF             100

                                  Symbol Table

?_MTOUCH_Sensor_RawSample_Get                         cstackBANK0  00024
?_abs                                                 cstackBANK0  00020
?_ctoa                                                cstackBANK0  0003B
?_pad                                                 cstackBANK0  00032
?_printf                                              cstackBANK0  00052
?_strlen                                              cstackBANK0  00020
?_vfpfcnvrt                                           cstackBANK0  00041
?_vfprintf                                            cstackBANK0  0004A
Button_Baseline_Initialize@button                     cstackBANK0  0002C
Button_Baseline_Update@button                         cstackBANK0  00026
Button_Deviation_Update@button                        cstackBANK0  0002A
Button_Deviation_Update@deviation                     cstackBANK0  0002B
Button_Reading_Update@button                          cstackBANK0  0002B
Button_Reading_Update_Helper@button                   cstackBANK0  0002A
Button_Service@button                                 cstackBANK0  00035
Button_Service@name                                   cstackBANK0  00034
Button_State_Initializing@button                      cstackBANK0  0002D
Button_State_NotPressed@button                        cstackBANK0  0002D
Button_State_Pressed@button                           cstackBANK0  0002D
Button_Tick_helper@button                             cstackBANK0  00022
DATA_PROCESS@x                                        cstackBANK0  00024
EUSART_Read@readValue                                 cstackBANK0  00021
EUSART_SetErrorHandler@interruptHandler               cstackBANK0  00020
EUSART_SetFramingErrorHandler@interruptHandler        cstackBANK0  00020
EUSART_SetOverrunErrorHandler@interruptHandler        cstackBANK0  00020
EUSART_SetRxInterruptHandler@interruptHandler         cstackBANK0  00020
EUSART_Write@txData                                   cstackBANK0  00020
INT_SetInterruptHandler@InterruptHandler              cstackBANK0  00020
LED_RUN@LED_1                                         cstackBANK0  00022
LED_RUN@LED_2                                         cstackBANK0  00020
LED_RUN@LED_3                                         cstackBANK0  00021
MTOUCH_Button_Buttonmask_Get@i                        cstackBANK0  00025
MTOUCH_Button_Buttonmask_Get@output                   cstackBANK0  00024
MTOUCH_Button_Initialize@button                       cstackBANK0  00029
MTOUCH_Button_Initialize@name                         cstackBANK0  00028
MTOUCH_Button_InitializeAll@button                    cstackBANK0  0002B
MTOUCH_Button_ServiceAll@button                       cstackBANK0  00037
MTOUCH_Button_SetNotPressedCallback@callback          cstackBANK0  00020
MTOUCH_Button_SetPressedCallback@callback             cstackBANK0  00020
MTOUCH_Button_Tick@i                                  cstackBANK0  00024
MTOUCH_Button_isPressed@name                          cstackBANK0  00021
MTOUCH_Sensor_Calibrate@sensor                        cstackBANK0  00025
MTOUCH_Sensor_Enable@sensor                           cstackBANK0  00025
MTOUCH_Sensor_Initialize@sensor                       cstackBANK0  00027
MTOUCH_Sensor_InitializeAll@sensor                    cstackBANK0  00029
MTOUCH_Sensor_RawSample_Get@name                      cstackBANK0  00027
MTOUCH_Sensor_SampleAll@group                         cstackBANK0  00052
MTOUCH_Sensor_Sampled_ResetAll@sensor                 cstackBANK0  00022
MTOUCH_Sensor_isCalibrated@sensor                     cstackBANK0  00025
MTOUCH_Sensor_wasSampled@sensor                       cstackBANK0  00025
Sensor_Acq_ExecutePacket@AD1CON2_temp                 cstackBANK0  0002D
Sensor_Acq_ExecutePacket@AD2CON2_temp                 cstackBANK0  0002E
Sensor_Acq_ExecutePacket@ADCOMCON_temp                cstackBANK0  0002C
Sensor_Acq_ExecutePacket@ADxIF_flag                   cstackBANK0  00031
Sensor_Acq_ExecutePacket@activeSensor                 cstackBANK0  00032
Sensor_Acq_ExecutePacket@last_a                       cstackBANK0  00033
Sensor_Acq_ExecutePacket@last_b                       cstackBANK0  00035
Sensor_Acq_ExecutePacket@packet_counter               cstackBANK0  00037
Sensor_Acq_ExecutePacket@sensor1ForceEnabled          cstackBANK0  0002F
Sensor_Acq_ExecutePacket@sensor2ForceEnabled          cstackBANK0  00030
Sensor_Acq_ExecutePacket@sensor_adc1                  cstackBANK0  00038
Sensor_Acq_ExecutePacket@sensor_adc2                  cstackBANK0  0002A
Sensor_Acquisition@retry                              cstackBANK0  00048
Sensor_Acquisition@sensor_adc1                        cstackBANK0  00049
Sensor_Acquisition@sensor_adc2                        cstackBANK0  00046
Sensor_DefaultCallback@sensor                         cstackBANK0  00020
Sensor_RawSample_Update@adcIndex                      cstackBANK0  00025
Sensor_RawSample_Update@sensor                        cstackBANK0  00026
Sensor_Sampled_Reset@sensor                           cstackBANK0  00020
Sensor_Scanfrequency_Evaluation@best_packet_sample    cstackBANK0  00041
Sensor_Scanfrequency_Evaluation@best_sample_period    cstackBANK0  0003F
Sensor_Scanfrequency_Evaluation@frequency_hop         stringtext1  01839
Sensor_Scanfrequency_Evaluation@i                     cstackBANK0  00045
Sensor_Scanfrequency_Evaluation@packet_noise_Max      cstackBANK0  0003D
Sensor_Scanfrequency_Evaluation@retry                 cstackBANK0  00040
Sensor_Scanfrequency_Evaluation@sensor_adc1           cstackBANK0  0003C
Sensor_Scanfrequency_Evaluation@sensor_adc2           cstackBANK0  00039
Sensor_Service@error                                  cstackBANK0  0004E
Sensor_Service@scanGroup                              cstackBANK0  0004D
Sensor_Service@sensor_adc1                            cstackBANK0  0004F
Sensor_Service@sensor_adc2                            cstackBANK0  00050
Sensor_autoCalibration@adcIndex                       cstackBANK0  00028
Sensor_autoCalibration@sensor                         cstackBANK0  00029
Sensor_getScanGroupIndex@sensor                       cstackBANK0  00022
Sensor_getScanGroupIndex@sensorGroup                  cstackBANK0  00023
Sensor_isActive@sensor                                cstackBANK0  00020
Sensor_isCalibrated@sensor                            cstackBANK0  00020
Sensor_isCalibratingAcqTime@sensor                    cstackBANK0  00020
Sensor_isEnabled@sensor                               cstackBANK0  00021
Sensor_loadADCSettings@adc_index                      cstackBANK0  00021
Sensor_loadADCSettings@addressOffset                  cstackBANK0  00027
Sensor_loadADCSettings@sensor                         cstackBANK0  00028
Sensor_postAcquisitionProcess@adcIndex                cstackBANK0  00025
Sensor_postAcquisitionProcess@deviation               cstackBANK0  00026
Sensor_postAcquisitionProcess@sensor                  cstackBANK0  00028
Sensor_setActive@sensor                               cstackBANK0  00020
Sensor_setCalibratAcqTime@sensor                      cstackBANK0  00020
Sensor_setCalibrated@sensor                           cstackBANK0  00020
Sensor_setInactive@sensor                             cstackBANK0  00020
Sensor_setSampled@sensor                              cstackBANK0  00020
TMR0_ISR@tick_count                                   bssBANK1     000C6
TMR0_SetInterruptHandler@InterruptHandler             cstackBANK0  00020
TMR2_LoadPeriodRegister@periodVal                     cstackBANK0  00020
_AAD1CAP                                              (abs)        00719
_AAD1CON2                                             (abs)        00713
_AAD1CON3                                             (abs)        00714
_AAD1GRD                                              (abs)        00718
_AAD1RES0                                             (abs)        0071A
_AAD2CON3                                             (abs)        00794
_AAD2GRD                                              (abs)        00798
_AAD2RES0                                             (abs)        0079A
_AD1ACQCON                                            (abs)        00717
_AD1CON0                                              (abs)        00711
_AD1CON0bits                                          (abs)        00711
_AD1CON2                                              (abs)        00713
_AD1CON3                                              (abs)        00714
_AD1PRECON                                            (abs)        00716
_AD2ACQCON                                            (abs)        00797
_AD2CON0                                              (abs)        00791
_AD2CON0bits                                          (abs)        00791
_AD2CON2                                              (abs)        00793
_AD2CON3                                              (abs)        00794
_AD2PRECON                                            (abs)        00796
_ADCOMCON                                             (abs)        00712
_ALL_OFF                                              text100      01257
_ALL_ON                                               text99       0127B
_ANSELA                                               (abs)        0018C
_ANSELB                                               (abs)        0018D
_ANSELC                                               (abs)        0018E
_APFCON                                               (abs)        0011D
_APFCONbits                                           (abs)        0011D
_BAUDCON                                              (abs)        0019F
_BORCON                                               (abs)        00116
_Button_Baseline_Initialize                           text83       0176C
_Button_Baseline_Update                               text82       00CF8
_Button_DefaultCallback                               text74       0124C
_Button_Deviation_Update                              text88       00C71
_Button_Reading_Update                                text84       0136C
_Button_Reading_Update_Helper                         text85       00980
_Button_Service                                       text67       00A71
_Button_StateMachine                                  dataBANK1    000DD
_Button_State_Initializing                            text71       00B22
_Button_State_NotPressed                              text70       00EB4
_Button_State_Pressed                                 text72       00B84
_Button_Tick_helper                                   text38       016C0
_CHECK_DIR                                            text98       0151D
_DATA_PROCESS                                         text97       005A7
_EUSART_DefaultErrorHandler                           text114      0124E
_EUSART_DefaultFramingErrorHandler                    text113      01249
_EUSART_DefaultOverrunErrorHandler                    text112      0126F
_EUSART_ErrorHandler                                  nvBANK1      000D4
_EUSART_FramingErrorHandler                           nvBANK1      000D8
_EUSART_Initialize                                    text29       017CB
_EUSART_OverrunErrorHandler                           nvBANK1      000D6
_EUSART_Read                                          text96       01698
_EUSART_Receive_ISR                                   text111      00822
_EUSART_RxDataHandler                                 text115      01490
_EUSART_RxDefaultInterruptHandler                     nvBANK1      000DA
_EUSART_SetErrorHandler                               text33       012F1
_EUSART_SetFramingErrorHandler                        text32       012FA
_EUSART_SetOverrunErrorHandler                        text31       01303
_EUSART_SetRxInterruptHandler                         text30       0130C
_EUSART_Write                                         text12       012B3
_EUSART_is_rx_ready                                   text95       0125A
_EXT_INT_Initialize                                   text27       01348
_GIE                                                  (abs)        0005F
_INTCONbits                                           (abs)        0000B
_INTERRUPT_InterruptManager                           intentry     00004
_INT_CallBack                                         text109      01398
_INT_DefaultInterruptHandler                          text110      0124A
_INT_ISR                                              text108      01273
_INT_InterruptHandler                                 nvBANK1      000D2
_INT_SetInterruptHandler                              text28       01315
_LATA                                                 (abs)        0010C
_LATAbits                                             (abs)        0010C
_LATB                                                 (abs)        0010D
_LATC                                                 (abs)        0010E
_LATCbits                                             (abs)        0010E
_LED_DOWN_OFF                                         text103      01251
_LED_DOWN_ON                                          text93       01260
_LED_OFF                                              text101      012A3
_LED_ON                                               text94       0125D
_LED_RUN                                              text91       0162C
_LED_UP_OFF                                           text102      01254
_LED_UP_ON                                            text92       01263
_MTOUCH_Button_Buttonmask_Get                         text78       00801
_MTOUCH_Button_Initialize                             text80       00858
_MTOUCH_Button_InitializeAll                          text25       0160F
_MTOUCH_Button_ServiceAll                             text66       013B8
_MTOUCH_Button_SetNotPressedCallback                  text90       012BB
_MTOUCH_Button_SetPressedCallback                     text89       012C4
_MTOUCH_Button_Tick                                   text37       014D5
_MTOUCH_Button_isPressed                              text79       0159D
_MTOUCH_Initialize                                    text21       01354
_MTOUCH_Sensor_Calibrate                              text81       0143F
_MTOUCH_Sensor_Enable                                 text24       01452
_MTOUCH_Sensor_Initialize                             text23       014ED
_MTOUCH_Sensor_InitializeAll                          text22       013E8
_MTOUCH_Sensor_RawSample_Get                          text86       01568
_MTOUCH_Sensor_SampleAll                              text41       0147A
_MTOUCH_Sensor_Sampled_ResetAll                       text39       01465
_MTOUCH_Sensor_Scan_Initialize                        text65       013C8
_MTOUCH_Sensor_isCalibrated                           text69       014A7
_MTOUCH_Sensor_wasSampled                             text68       013A8
_MTOUCH_Service_Mainloop                              text34       015F2
_MTOUCH_Tick                                          text36       0126C
_MTOUCH_needReburst                                   text35       00002
_OPTION_REG                                           (abs)        00095
_OPTION_REGbits                                       (abs)        00095
_OSCCON                                               (abs)        00099
_OSCILLATOR_Initialize                                text20       0128B
_PIE1bits                                             (abs)        00091
_PIN_MANAGER_Initialize                               text19       015B9
_PIR1bits                                             (abs)        00011
_PIR2bits                                             (abs)        00012
_PR2                                                  (abs)        0001B
_RCREG                                                (abs)        00199
_RCSTA                                                (abs)        0019D
_RCSTAbits                                            (abs)        0019D
_SPBRGH                                               (abs)        0019C
_SPBRGL                                               (abs)        0019B
_SYSTEM_Initialize                                    text14       01505
_Sensor_Acq_ExecutePacket                             text51       003D9
_Sensor_Acquisition                                   text46       00AC6
_Sensor_DefaultCallback                               text45       0124D
_Sensor_RawSample_Update                              text44       016E8
_Sensor_Sampled_Reset                                 text40       012E8
_Sensor_Scanfrequency_Evaluation                      text50       00BEC
_Sensor_Service                                       text42       00D88
_Sensor_autoCalibration                               text59       00E1D
_Sensor_getScanGroupIndex                             text64       0173E
_Sensor_isActive                                      text58       01389
_Sensor_isCalibrated                                  text56       01331
_Sensor_isCalibratingAcqTime                          text63       01327
_Sensor_isEnabled                                     text57       0142D
_Sensor_loadADCSettings                               text55       0066E
_Sensor_loadADCSettings$558                           cstackBANK0  00025
_Sensor_postAcquisitionProcess                        text47       00903
_Sensor_setActive                                     text49       012CD
_Sensor_setCalibratAcqTime                            text62       013D8
_Sensor_setCalibrated                                 text61       0137A
_Sensor_setInactive                                   text48       012D6
_Sensor_setSampled                                    text43       012DF
_T2CON                                                (abs)        0001C
_T2CONbits                                            (abs)        0001C
_TMR0                                                 (abs)        00015
_TMR0_CallBack                                        text106      015D5
_TMR0_DefaultInterruptHandler                         text107      0124B
_TMR0_ISR                                             text105      00940
_TMR0_Initialize                                      text17       014BE
_TMR0_InterruptHandler                                nvBANK1      000D0
_TMR0_SetInterruptHandler                             text18       0131E
_TMR2                                                 (abs)        0001A
_TMR2_Initialize                                      text16       012AB
_TMR2_LoadPeriodRegister                              text54       01280
_TMR2_StartTimer                                      text53       01266
_TMR2_StopTimer                                       text52       01269
_TRISA                                                (abs)        0008C
_TRISB                                                (abs)        0008D
_TRISC                                                (abs)        0008E
_TXREG                                                (abs)        0019A
_TXSTA                                                (abs)        0019E
_TXSTAbits                                            (abs)        0019E
_WDTCON                                               (abs)        00097
_WDT_Initialize                                       text15       01277
_WPUA                                                 (abs)        0020C
_WPUB                                                 (abs)        0020D
__CFG_BOREN$NSLEEP                                    (abs)        00000
__CFG_BORV$LO                                         (abs)        00000
__CFG_CLKOUTEN$OFF                                    (abs)        00000
__CFG_CP$OFF                                          (abs)        00000
__CFG_FOSC$INTOSC                                     (abs)        00000
__CFG_LPBOR$ON                                        (abs)        00000
__CFG_LVP$ON                                          (abs)        00000
__CFG_MCLRE$ON                                        (abs)        00000
__CFG_PWRTE$OFF                                       (abs)        00000
__CFG_STVREN$OFF                                      (abs)        00000
__CFG_WDTE$OFF                                        (abs)        00000
__CFG_WRT$OFF                                         (abs)        00000
__Habs1                                               abs1         00000
__Hbank0                                              bank0        00000
__Hbank1                                              bank1        00000
__Hbank10                                             bank10       00000
__Hbank11                                             bank11       00000
__Hbank12                                             bank12       00000
__Hbank13                                             bank13       00000
__Hbank14                                             bank14       00000
__Hbank15                                             bank15       00000
__Hbank16                                             bank16       00000
__Hbank17                                             bank17       00000
__Hbank18                                             bank18       00000
__Hbank19                                             bank19       00000
__Hbank2                                              bank2        00000
__Hbank20                                             bank20       00000
__Hbank21                                             bank21       00000
__Hbank22                                             bank22       00000
__Hbank23                                             bank23       00000
__Hbank24                                             bank24       00000
__Hbank25                                             bank25       00000
__Hbank26                                             bank26       00000
__Hbank27                                             bank27       00000
__Hbank28                                             bank28       00000
__Hbank29                                             bank29       00000
__Hbank3                                              bank3        00000
__Hbank30                                             bank30       00000
__Hbank31                                             bank31       00000
__Hbank4                                              bank4        00000
__Hbank5                                              bank5        00000
__Hbank6                                              bank6        00000
__Hbank7                                              bank7        00000
__Hbank8                                              bank8        00000
__Hbank9                                              bank9        00000
__Hbigram                                             bigram       00000
__HbssBANK0                                           bssBANK0     00000
__HbssBANK1                                           bssBANK1     00000
__HbssBANK2                                           bssBANK2     00000
__HbssBANK3                                           bssBANK3     00000
__HbssCOMMON                                          bssCOMMON    00000
__Hcinit                                              cinit        0006C
__Hclrtext                                            clrtext      00000
__Hcode                                               code         00000
__Hcommon                                             common       00000
__Hconfig                                             config       08009
__HcstackBANK0                                        cstackBANK0  00000
__HcstackCOMMON                                       cstackCOMMON 00000
__HdataBANK0                                          dataBANK0    00000
__HdataBANK1                                          dataBANK1    00000
__HdataBANK2                                          dataBANK2    00000
__Heeprom_data                                        eeprom_data  00000
__Hend_init                                           end_init     00026
__Hfunctab                                            functab      00000
__HidataBANK0                                         idataBANK0   00000
__HidataBANK1                                         idataBANK1   00000
__HidataBANK2                                         idataBANK2   00000
__Hidloc                                              idloc        00000
__Hinit                                               init         00024
__Hinittext                                           inittext     00000
__Hintentry                                           intentry     00024
__Hmaintext                                           maintext     00000
__HnvBANK1                                            nvBANK1      00000
__Hpowerup                                            powerup      00000
__Hram                                                ram          00000
__Hreset_vec                                          reset_vec    00002
__Hsfr0                                               sfr0         00000
__Hsfr1                                               sfr1         00000
__Hsfr10                                              sfr10        00000
__Hsfr11                                              sfr11        00000
__Hsfr12                                              sfr12        00000
__Hsfr13                                              sfr13        00000
__Hsfr14                                              sfr14        00000
__Hsfr15                                              sfr15        00000
__Hsfr16                                              sfr16        00000
__Hsfr17                                              sfr17        00000
__Hsfr18                                              sfr18        00000
__Hsfr19                                              sfr19        00000
__Hsfr2                                               sfr2         00000
__Hsfr20                                              sfr20        00000
__Hsfr21                                              sfr21        00000
__Hsfr22                                              sfr22        00000
__Hsfr23                                              sfr23        00000
__Hsfr24                                              sfr24        00000
__Hsfr25                                              sfr25        00000
__Hsfr26                                              sfr26        00000
__Hsfr27                                              sfr27        00000
__Hsfr28                                              sfr28        00000
__Hsfr29                                              sfr29        00000
__Hsfr3                                               sfr3         00000
__Hsfr30                                              sfr30        00000
__Hsfr31                                              sfr31        00000
__Hsfr4                                               sfr4         00000
__Hsfr5                                               sfr5         00000
__Hsfr6                                               sfr6         00000
__Hsfr7                                               sfr7         00000
__Hsfr8                                               sfr8         00000
__Hsfr9                                               sfr9         00000
__Hspace_0                                            (abs)        08009
__Hspace_1                                            (abs)        001C0
__Hspace_2                                            (abs)        00000
__Hspace_3                                            (abs)        00000
__Hstack                                              stack        00000
__Hstrings                                            strings      00000
__Hstringtext1                                        stringtext1  00000
__Hstringtext10                                       stringtext10 00000
__Hstringtext11                                       stringtext11 00000
__Hstringtext12                                       stringtext12 00000
__Hstringtext13                                       stringtext13 00000
__Hstringtext14                                       stringtext14 00000
__Hstringtext15                                       stringtext15 00000
__Hstringtext16                                       stringtext16 00000
__Hstringtext17                                       stringtext17 00000
__Hstringtext18                                       stringtext18 00000
__Hstringtext19                                       stringtext19 00000
__Hstringtext2                                        stringtext2  00000
__Hstringtext20                                       stringtext20 00000
__Hstringtext21                                       stringtext21 00000
__Hstringtext22                                       stringtext22 00000
__Hstringtext3                                        stringtext3  00000
__Hstringtext4                                        stringtext4  00000
__Hstringtext5                                        stringtext5  00000
__Hstringtext6                                        stringtext6  00000
__Hstringtext7                                        stringtext7  00000
__Hstringtext8                                        stringtext8  00000
__Hstringtext9                                        stringtext9  00000
__Htext                                               text         00000
__Labs1                                               abs1         00000
__Lbank0                                              bank0        00000
__Lbank1                                              bank1        00000
__Lbank10                                             bank10       00000
__Lbank11                                             bank11       00000
__Lbank12                                             bank12       00000
__Lbank13                                             bank13       00000
__Lbank14                                             bank14       00000
__Lbank15                                             bank15       00000
[...]
 Parameters:    Size  Location     Type
		None
 Auto vars:     Size  Location     Type
		None
 Return value:  Size  Location     Type
                  1    wreg      void 
 Registers used:
		wreg, status,2, status,0, pclath, cstack
 Tracked objects:
		On entry : 
		On exit  : 
		Unchanged: 
 Data sizes:     COMMON   BANK0   BANK1   BANK2   BANK3   BANK4   BANK5   BANK6
      Params:         0       0       0       0       0       0       0       0
      Locals:         0       0       0       0       0       0       0       0
      Temps:          1       0       0       0       0       0       0       0
      Totals:         1       0       0       0       0       0       0       0
Total ram usage:        1 bytes
 Hardware stack levels used:    1
 Hardware stack levels required when called:    1
 This function calls:
		Absolute function
		_TMR0_DefaultInterruptHandler
 This function is called by:
		_TMR0_ISR
 This function uses a non-reentrant model


 *************** function _TMR0_DefaultInterruptHandler *****************
 Defined at:
		line 158 in file "mcc_generated_files/tmr0.c"
 Parameters:    Size  Location     Type
		None
 Auto vars:     Size  Location     Type
		None
 Return value:  Size  Location     Type
                  1    wreg      void 
 Registers used:
		None
 Tracked objects:
		On entry : 
		On exit  : 
		Unchanged: 
 Data sizes:     COMMON   BANK0   BANK1   BANK2   BANK3   BANK4   BANK5   BANK6
      Params:         0       0       0       0       0       0       0       0
      Locals:         0       0       0       0       0       0       0       0
      Temps:          0       0       0       0       0       0       0       0
      Totals:         0       0       0       0       0       0       0       0
Total ram usage:        0 bytes
 Hardware stack levels used:    1
 This function calls:
		Nothing
 This function is called by:
		_TMR0_Initialize
		_TMR0_CallBack
		_TMR0_ISR
 This function uses a non-reentrant model


 *************** function _INT_ISR *****************
 Defined at:
		line 39 in file "mcc_generated_files/ext_int.c"
 Parameters:    Size  Location     Type
		None
 Auto vars:     Size  Location     Type
		None
 Return value:  Size  Location     Type
                  1    wreg      void 
 Registers used:
		wreg, status,2, status,0, pclath, cstack
 Tracked objects:
		On entry : 
		On exit  : 
		Unchanged: 
 Data sizes:     COMMON   BANK0   BANK1   BANK2   BANK3   BANK4   BANK5   BANK6
      Params:         0       0       0       0       0       0       0       0
      Locals:         0       0       0       0       0       0       0       0
      Temps:          0       0       0       0       0       0       0       0
      Totals:         0       0       0       0       0       0       0       0
Total ram usage:        0 bytes
 Hardware stack levels used:    1
 Hardware stack levels required when called:    2
 This function calls:
		_INT_CallBack
 This function is called by:
		_INTERRUPT_InterruptManager
 This function uses a non-reentrant model


 *************** function _INT_CallBack *****************
 Defined at:
		line 48 in file "mcc_generated_files/ext_int.c"
 Parameters:    Size  Location     Type
		None
 Auto vars:     Size  Location     Type
		None
 Return value:  Size  Location     Type
                  1    wreg      void 
 Registers used:
		wreg, status,2, status,0, pclath, cstack
 Tracked objects:
		On entry : 
		On exit  : 
		Unchanged: 
 Data sizes:     COMMON   BANK0   BANK1   BANK2   BANK3   BANK4   BANK5   BANK6
      Params:         0       0       0       0       0       0       0       0
      Locals:         0       0       0       0       0       0       0       0
      Temps:          0       0       0       0       0       0       0       0
      Totals:         0       0       0       0       0       0       0       0
Total ram usage:        0 bytes
 Hardware stack levels used:    1
 Hardware stack levels required when called:    1
 This function calls:
		Absolute function
		_INT_DefaultInterruptHandler
 This function is called by:
		_INT_ISR
 This function uses a non-reentrant model


 *************** function _INT_DefaultInterruptHandler *****************
 Defined at:
		line 73 in file "mcc_generated_files/ext_int.c"
 Parameters:    Size  Location     Type
		None
 Auto vars:     Size  Location     Type
		None
 Return value:  Size  Location     Type
                  1    wreg      void 
 Registers used:
		None
 Tracked objects:
		On entry : 
		On exit  : 
		Unchanged: 
 Data sizes:     COMMON   BANK0   BANK1   BANK2   BANK3   BANK4   BANK5   BANK6
      Params:         0       0       0       0       0       0       0       0
      Locals:         0       0       0       0       0       0       0       0
      Temps:          0       0       0       0       0       0       0       0
      Totals:         0       0       0       0       0       0       0       0
Total ram usage:        0 bytes
 Hardware stack levels used:    1
 This function calls:
		Nothing
 This function is called by:
		_EXT_INT_Initialize
		_INT_CallBack
 This function uses a non-reentrant model


 *************** function _EUSART_Receive_ISR *****************
 Defined at:
		line 180 in file "mcc_generated_files/eusart.c"
 Parameters:    Size  Location     Type
		None
 Auto vars:     Size  Location     Type
		None
 Return value:  Size  Location     Type
                  1    wreg      void 
 Registers used:
		wreg, fsr1l, fsr1h, status,2, status,0, pclath, cstack
 Tracked objects:
		On entry : 
		On exit  : 
		Unchanged: 
 Data sizes:     COMMON   BANK0   BANK1   BANK2   BANK3   BANK4   BANK5   BANK6
      Params:         0       0       0       0       0       0       0       0
      Locals:         0       0       0       0       0       0       0       0
      Temps:          0       0       0       0       0       0       0       0
      Totals:         0       0       0       0       0       0       0       0
Total ram usage:        0 bytes
 Hardware stack levels used:    1
 Hardware stack levels required when called:    2
 This function calls:
		Absolute function
		_EUSART_DefaultErrorHandler
		_EUSART_DefaultFramingErrorHandler
		_EUSART_DefaultOverrunErrorHandler
		_EUSART_RxDataHandler
 This function is called by:
		_EUSART_Initialize
		_INTERRUPT_InterruptManager
 This function uses a non-reentrant model


 *************** function _EUSART_DefaultOverrunErrorHandler *****************
 Defined at:
		line 216 in file "mcc_generated_files/eusart.c"
 Parameters:    Size  Location     Type
		None
 Auto vars:     Size  Location     Type
		None
 Return value:  Size  Location     Type
                  1    wreg      void 
 Registers used:
		None
 Tracked objects:
		On entry : 
		On exit  : 
		Unchanged: 
 Data sizes:     COMMON   BANK0   BANK1   BANK2   BANK3   BANK4   BANK5   BANK6
      Params:         0       0       0       0       0       0       0       0
      Locals:         0       0       0       0       0       0       0       0
      Temps:          0       0       0       0       0       0       0       0
      Totals:         0       0       0       0       0       0       0       0
Total ram usage:        0 bytes
 Hardware stack levels used:    1
 This function calls:
		Nothing
 This function is called by:
		_EUSART_Initialize
		_EUSART_Receive_ISR
 This function uses a non-reentrant model


 *************** function _EUSART_DefaultFramingErrorHandler *****************
 Defined at:
		line 214 in file "mcc_generated_files/eusart.c"
 Parameters:    Size  Location     Type
		None
 Auto vars:     Size  Location     Type
		None
 Return value:  Size  Location     Type
                  1    wreg      void 
 Registers used:
		None
 Tracked objects:
		On entry : 
		On exit  : 
		Unchanged: 
 Data sizes:     COMMON   BANK0   BANK1   BANK2   BANK3   BANK4   BANK5   BANK6
      Params:         0       0       0       0       0       0       0       0
      Locals:         0       0       0       0       0       0       0       0
      Temps:          0       0       0       0       0       0       0       0
      Totals:         0       0       0       0       0       0       0       0
Total ram usage:        0 bytes
 Hardware stack levels used:    1
 This function calls:
		Nothing
 This function is called by:
		_EUSART_Initialize
		_EUSART_Receive_ISR
 This function uses a non-reentrant model


 *************** function _EUSART_DefaultErrorHandler *****************
 Defined at:
		line 224 in file "mcc_generated_files/eusart.c"
 Parameters:    Size  Location     Type
		None
 Auto vars:     Size  Location     Type
		None
 Return value:  Size  Location     Type
                  1    wreg      void 
 Registers used:
		wreg, fsr1l, fsr1h, status,2, status,0, pclath, cstack
 Tracked objects:
		On entry : 
		On exit  : 
		Unchanged: 
 Data sizes:     COMMON   BANK0   BANK1   BANK2   BANK3   BANK4   BANK5   BANK6
      Params:         0       0       0       0       0       0       0       0
      Locals:         0       0       0       0       0       0       0       0
      Temps:          0       0       0       0       0       0       0       0
      Totals:         0       0       0       0       0       0       0       0
Total ram usage:        0 bytes
 Hardware stack levels used:    1
 Hardware stack levels required when called:    1
 This function calls:
		_EUSART_RxDataHandler
 This function is called by:
		_EUSART_Initialize
		_EUSART_Receive_ISR
 This function uses a non-reentrant model


 *************** function _EUSART_RxDataHandler *****************
 Defined at:
		line 204 in file "mcc_generated_files/eusart.c"
 Parameters:    Size  Location     Type
		None
 Auto vars:     Size  Location     Type
		None
 Return value:  Size  Location     Type
                  1    wreg      void 
 Registers used:
		wreg, fsr1l, fsr1h, status,2, status,0
 Tracked objects:
		On entry : 
		On exit  : 
		Unchanged: 
 Data sizes:     COMMON   BANK0   BANK1   BANK2   BANK3   BANK4   BANK5   BANK6
      Params:         0       0       0       0       0       0       0       0
      Locals:         0       0       0       0       0       0       0       0
      Temps:          1       0       0       0       0       0       0       0
      Totals:         1       0       0       0       0       0       0       0
Total ram usage:        1 bytes
 Hardware stack levels used:    1
 This function calls:
		Nothing
 This function is called by:
		_EUSART_Receive_ISR
		_EUSART_DefaultErrorHandler
 This function uses a non-reentrant model



MODULE INFORMATION

Module		Function		Class		Link	Load	Size
mcc_generated_files/mtouch/mtouch_button.c
		_Button_Deviation_Update		CODE           	0C71	0000	136
		_MTOUCH_Button_SetNotPressedCallback		CODE           	12BB	0000	10
		_MTOUCH_Button_isPressed		CODE           	159D	0000	29
		_MTOUCH_Button_Initialize		CODE           	0858	0000	56
		_Button_Tick_helper		CODE           	16C0	0000	41
		_MTOUCH_Button_InitializeAll		CODE           	160F	0000	30
		_Button_Baseline_Update		CODE           	0CF8	0000	145
		_Button_State_Pressed		CODE           	0B84	0000	105
		_Button_Reading_Update		CODE           	136C	0000	15
		_MTOUCH_Button_Buttonmask_Get		CODE           	0801	0000	34
		_Button_DefaultCallback		CODE           	124C	0000	2
		_MTOUCH_Button_Tick		CODE           	14D5	0000	25
		_Button_State_NotPressed		CODE           	0EB4	0000	165
		_MTOUCH_Button_SetPressedCallback		CODE           	12C4	0000	10
		_Button_Reading_Update_Helper		CODE           	0980	0000	81
		_Button_Service		CODE           	0A71	0000	86
		_Button_State_Initializing		CODE           	0B22	0000	99
		_MTOUCH_Button_ServiceAll		CODE           	13B8	0000	17
		_Button_Baseline_Initialize		CODE           	176C	0000	48

mcc_generated_files/mtouch/mtouch_button.c estimated size: 1134

C:\Program Files (x86)\Microchip\xc8\v2.05\pic\sources\c99\common\printf.c
		_printf        		CODE           	13F8	0000	18

C:\Program Files (x86)\Microchip\xc8\v2.05\pic\sources\c99\common\printf.c estimated size: 18

mcc_generated_files/tmr2.c
		_TMR2_LoadPeriodRegister		CODE           	1280	0000	6
		_TMR2_Initialize		CODE           	12AB	0000	9
		_TMR2_StopTimer		CODE           	1269	0000	4
		_TMR2_StartTimer		CODE           	1266	0000	4

mcc_generated_files/tmr2.c estimated size: 23

mcc_generated_files/interrupt_manager.c
		_INTERRUPT_InterruptManager		CODE           	0004	0000	33

mcc_generated_files/interrupt_manager.c estimated size: 33

C:\Program Files (x86)\Microchip\xc8\v2.05\pic\sources\c99\common\nf_fputc.c
		_fputc         		CODE           	088F	0000	56

C:\Program Files (x86)\Microchip\xc8\v2.05\pic\sources\c99\common\nf_fputc.c estimated size: 56

mcc_generated_files/tmr0.c
		_TMR0_SetInterruptHandler		CODE           	131E	0000	10
		_TMR0_DefaultInterruptHandler		CODE           	124B	0000	2
		_TMR0_CallBack 		CODE           	15D5	0000	30
		_TMR0_ISR      		CODE           	0940	0000	65
		_TMR0_Initialize		CODE           	14BE	0000	24

mcc_generated_files/tmr0.c estimated size: 131

mcc_generated_files/mtouch/mtouch.c
		_MTOUCH_Tick   		CODE           	126C	0000	4
		_MTOUCH_Initialize		CODE           	1354	0000	13
		_MTOUCH_Service_Mainloop		CODE           	15F2	0000	30
		_MTOUCH_needReburst		CODE           	0002	0000	3

mcc_generated_files/mtouch/mtouch.c estimated size: 50

mcc_generated_files/pin_manager.c
		_PIN_MANAGER_Initialize		CODE           	15B9	0000	29

mcc_generated_files/pin_manager.c estimated size: 29

C:\Program Files (x86)\Microchip\xc8\v2.05\pic\sources\c99\common\strlen.c
		_strlen        		CODE           	154F	0000	26

C:\Program Files (x86)\Microchip\xc8\v2.05\pic\sources\c99\common\strlen.c estimated size: 26

mcc_generated_files/ext_int.c
		_INT_DefaultInterruptHandler		CODE           	124A	0000	2
		_EXT_INT_Initialize		CODE           	1348	0000	13
		_INT_SetInterruptHandler		CODE           	1315	0000	10
		_INT_CallBack  		CODE           	1398	0000	17
		_INT_ISR       		CODE           	1273	0000	5

mcc_generated_files/ext_int.c estimated size: 47

C:\Program Files (x86)\Microchip\xc8\v2.05\pic\sources\c99\common\Umul8.c
		___bmul        		CODE           	1409	0000	19

C:\Program Files (x86)\Microchip\xc8\v2.05\pic\sources\c99\common\Umul8.c estimated size: 19

C:\Program Files (x86)\Microchip\xc8\v2.05\pic\sources\c99\common\doprnt.c
		_vfpfcnvrt     		CODE           	0F58	0000	169
		_pad           		CODE           	09D0	0000	81
		_ctoa          		CODE           	179B	0000	49
		_vfprintf      		CODE           	07D1	0000	48

C:\Program Files (x86)\Microchip\xc8\v2.05\pic\sources\c99\common\doprnt.c estimated size: 347

shared
		Sensor_Scanfrequency_Evaluation@frequency_hop		STRCODE        	1839	0000	6
		_sensor_scan_group		STRCODE        	188E	0000	5
		__initialization		CODE           	0026	0000	67
		_mtouch_button_init		STRCODE        	1800	0000	49

shared estimated size: 127

mcc_generated_files/mcc.c
		_WDT_Initialize		CODE           	1277	0000	5
		_OSCILLATOR_Initialize		CODE           	128B	0000	7
		_SYSTEM_Initialize		CODE           	1505	0000	25

mcc_generated_files/mcc.c estimated size: 37

./LED.h
		_LED_DOWN_ON   		CODE           	1260	0000	4
		_LED_DOWN_OFF  		CODE           	1251	0000	4
		_ALL_ON        		CODE           	127B	0000	6
		_LED_OFF       		CODE           	12A3	0000	9
		_LED_RUN       		CODE           	162C	0000	32
		_ALL_OFF       		CODE           	1257	0000	4
		_LED_ON        		CODE           	125D	0000	4
		_LED_UP_ON     		CODE           	1263	0000	4
		_LED_UP_OFF    		CODE           	1254	0000	4

./LED.h estimated size: 71

C:\Program Files (x86)\Microchip\xc8\v2.05\pic\sources\c99\common\abs.c
		_abs           		CODE           	1536	0000	26

C:\Program Files (x86)\Microchip\xc8\v2.05\pic\sources\c99\common\abs.c estimated size: 26

C:\Program Files (x86)\Microchip\xc8\v2.05\pic\sources\c99\common\nf_fputs.c
		_fputs         		CODE           	164B	0000	39

C:\Program Files (x86)\Microchip\xc8\v2.05\pic\sources\c99\common\nf_fputs.c estimated size: 39

mcc_generated_files/eusart.c
		_EUSART_SetRxInterruptHandler		CODE           	130C	0000	10
		_putch         		CODE           	1291	0000	7
		_EUSART_Read   		CODE           	1698	0000	41
		_EUSART_DefaultOverrunErrorHandler		CODE           	126F	0000	5
		_EUSART_Write  		CODE           	12B3	0000	9
		_EUSART_DefaultErrorHandler		CODE           	124E	0000	4
		_EUSART_Initialize		CODE           	17CB	0000	54
		_EUSART_SetFramingErrorHandler		CODE           	12FA	0000	10
		_EUSART_SetErrorHandler		CODE           	12F1	0000	10
		_EUSART_SetOverrunErrorHandler		CODE           	1303	0000	10
		_EUSART_Receive_ISR		CODE           	0822	0000	55
		_EUSART_RxDataHandler		CODE           	1490	0000	24
		_EUSART_DefaultFramingErrorHandler		CODE           	1249	0000	2
		_EUSART_is_rx_ready		CODE           	125A	0000	4

mcc_generated_files/eusart.c estimated size: 245

C:\Program Files (x86)\Microchip\xc8\v2.05\pic\sources\c99\common\memcpy.c
		_memcpy        		CODE           	1712	0000	45

C:\Program Files (x86)\Microchip\xc8\v2.05\pic\sources\c99\common\memcpy.c estimated size: 45

main.c
		_check_data    		CODE           	0A20	0000	82
		_myButtonReleasedCallback		CODE           	141B	0000	19
		_main          		CODE           	006C	0000	878
		_CHECK_DIR     		CODE           	151D	0000	26
		_check_message 		CODE           	1671	0000	40
		_update_state  		CODE           	0723	0000	175
		_myButtonPressedCallback		CODE           	1285	0000	7
		_DATA_PROCESS  		CODE           	05A7	0000	200
		_check_on_off  		CODE           	133C	0000	13
		_check_up_down 		CODE           	08C6	0000	62

main.c estimated size: 1502

mcc_generated_files/mtouch/mtouch_sensor.c
		_Sensor_setCalibrated		CODE           	137A	0000	16
		_Sensor_Acq_ExecutePacket		CODE           	03D9	0000	463
		_Sensor_getScanGroupIndex		CODE           	173E	0000	47
		_Sensor_Acquisition		CODE           	0AC6	0000	93
		_Sensor_postAcquisitionProcess		CODE           	0903	0000	62
		_Sensor_isCalibrated		CODE           	1331	0000	12
		_MTOUCH_Sensor_Initialize		CODE           	14ED	0000	25
		_Sensor_Sampled_Reset		CODE           	12E8	0000	10
		_MTOUCH_Sensor_InitializeAll		CODE           	13E8	0000	17
		_Sensor_DefaultCallback		CODE           	124D	0000	2
		_Sensor_loadADCSettings		CODE           	066E	0000	182
		_Sensor_isEnabled		CODE           	142D	0000	19
		_MTOUCH_Sensor_isCalibrated		CODE           	14A7	0000	24
		_MTOUCH_Sensor_Calibrate		CODE           	143F	0000	20
		_MTOUCH_Sensor_Sampled_ResetAll		CODE           	1465	0000	22
		_Sensor_setActive		CODE           	12CD	0000	10
		_Sensor_Scanfrequency_Evaluation		CODE           	0BEC	0000	134
		_MTOUCH_Sensor_Enable		CODE           	1452	0000	20
		_Sensor_setSampled		CODE           	12DF	0000	10
		_Sensor_isCalibratingAcqTime		CODE           	1327	0000	11
		_MTOUCH_Sensor_RawSample_Get		CODE           	1568	0000	27
		_MTOUCH_Sensor_SampleAll		CODE           	147A	0000	23
		_MTOUCH_Sensor_wasSampled		CODE           	13A8	0000	17
		_Sensor_Service		CODE           	0D88	0000	150
		_Sensor_autoCalibration		CODE           	0E1D	0000	152
		_MTOUCH_Sensor_Scan_Initialize		CODE           	13C8	0000	17
		_Sensor_RawSample_Update		CODE           	16E8	0000	43
		_Sensor_isActive		CODE           	1389	0000	16
		_Sensor_setCalibratAcqTime		CODE           	13D8	0000	17
		_Sensor_setInactive		CODE           	12D6	0000	10

mcc_generated_files/mtouch/mtouch_sensor.c estimated size: 1671

